<?xml version="1.0" encoding="ISO-8859-1" ?>
<link_info>
   <banner>TMS320C2000 Linker PC v22.6.3.LTS</banner>
   <copyright>Copyright (c) 1996-2018 Texas Instruments Incorporated</copyright>
   <link_time>0x69c28fd1</link_time>
   <link_errors>0x0</link_errors>
   <output_file>PI_Motor_Control.out</output_file>
   <entry_point>
      <name>code_start</name>
      <address>0x0</address>
   </entry_point>
   <input_file_list>
      <input_file id="fl-2">
         <path>.\syscfg\</path>
         <kind>object</kind>
         <file>board.obj</file>
         <name>board.obj</name>
      </input_file>
      <input_file id="fl-3">
         <path>.\syscfg\</path>
         <kind>object</kind>
         <file>c2000ware_libraries.obj</file>
         <name>c2000ware_libraries.obj</name>
      </input_file>
      <input_file id="fl-4">
         <path>.\</path>
         <kind>object</kind>
         <file>hal.obj</file>
         <name>hal.obj</name>
      </input_file>
      <input_file id="fl-5">
         <path>.\</path>
         <kind>object</kind>
         <file>main.obj</file>
         <name>main.obj</name>
      </input_file>
      <input_file id="fl-6">
         <path>.\</path>
         <kind>object</kind>
         <file>pi_controller.obj</file>
         <name>pi_controller.obj</name>
      </input_file>
      <input_file id="fl-7">
         <path>.\device\</path>
         <kind>object</kind>
         <file>F2837xD_CodeStartBranch.obj</file>
         <name>F2837xD_CodeStartBranch.obj</name>
      </input_file>
      <input_file id="fl-8">
         <path>.\device\</path>
         <kind>object</kind>
         <file>device.obj</file>
         <name>device.obj</name>
      </input_file>
      <input_file id="fl-d">
         <kind>object</kind>
         <file>&lt;internal&gt;</file>
         <name>&lt;internal&gt;</name>
      </input_file>
      <input_file id="fl-11">
         <path>C:\ti\C2000Ware_26_00_00_00\driverlib\f2837xd\driverlib\ccs\Debug\</path>
         <kind>archive</kind>
         <file>driverlib_eabi.lib</file>
         <name>gpio.obj</name>
      </input_file>
      <input_file id="fl-12">
         <path>C:\ti\C2000Ware_26_00_00_00\driverlib\f2837xd\driverlib\ccs\Debug\</path>
         <kind>archive</kind>
         <file>driverlib_eabi.lib</file>
         <name>sysctl.obj</name>
      </input_file>
      <input_file id="fl-1e">
         <path>C:\ti\ccs2041\ccs\tools\compiler\ti-cgt-c2000_22.6.3.LTS\lib\</path>
         <kind>archive</kind>
         <file>rts2800_fpu32_eabi.lib</file>
         <name>printf.c.obj</name>
      </input_file>
      <input_file id="fl-1f">
         <path>C:\ti\ccs2041\ccs\tools\compiler\ti-cgt-c2000_22.6.3.LTS\lib\</path>
         <kind>archive</kind>
         <file>rts2800_fpu32_eabi.lib</file>
         <name>_printfi.c.obj</name>
      </input_file>
      <input_file id="fl-20">
         <path>C:\ti\ccs2041\ccs\tools\compiler\ti-cgt-c2000_22.6.3.LTS\lib\</path>
         <kind>archive</kind>
         <file>rts2800_fpu32_eabi.lib</file>
         <name>fputc.c.obj</name>
      </input_file>
      <input_file id="fl-21">
         <path>C:\ti\ccs2041\ccs\tools\compiler\ti-cgt-c2000_22.6.3.LTS\lib\</path>
         <kind>archive</kind>
         <file>rts2800_fpu32_eabi.lib</file>
         <name>fputs.c.obj</name>
      </input_file>
      <input_file id="fl-22">
         <path>C:\ti\ccs2041\ccs\tools\compiler\ti-cgt-c2000_22.6.3.LTS\lib\</path>
         <kind>archive</kind>
         <file>rts2800_fpu32_eabi.lib</file>
         <name>_io_perm.c.obj</name>
      </input_file>
      <input_file id="fl-23">
         <path>C:\ti\ccs2041\ccs\tools\compiler\ti-cgt-c2000_22.6.3.LTS\lib\</path>
         <kind>archive</kind>
         <file>rts2800_fpu32_eabi.lib</file>
         <name>setvbuf.c.obj</name>
      </input_file>
      <input_file id="fl-24">
         <path>C:\ti\ccs2041\ccs\tools\compiler\ti-cgt-c2000_22.6.3.LTS\lib\</path>
         <kind>archive</kind>
         <file>rts2800_fpu32_eabi.lib</file>
         <name>wcslen.c.obj</name>
      </input_file>
      <input_file id="fl-25">
         <path>C:\ti\ccs2041\ccs\tools\compiler\ti-cgt-c2000_22.6.3.LTS\lib\</path>
         <kind>archive</kind>
         <file>rts2800_fpu32_eabi.lib</file>
         <name>boot28.asm.obj</name>
      </input_file>
      <input_file id="fl-26">
         <path>C:\ti\ccs2041\ccs\tools\compiler\ti-cgt-c2000_22.6.3.LTS\lib\</path>
         <kind>archive</kind>
         <file>rts2800_fpu32_eabi.lib</file>
         <name>fd_cmp28.asm.obj</name>
      </input_file>
      <input_file id="fl-27">
         <path>C:\ti\ccs2041\ccs\tools\compiler\ti-cgt-c2000_22.6.3.LTS\lib\</path>
         <kind>archive</kind>
         <file>rts2800_fpu32_eabi.lib</file>
         <name>fd_mpy28.asm.obj</name>
      </input_file>
      <input_file id="fl-28">
         <path>C:\ti\ccs2041\ccs\tools\compiler\ti-cgt-c2000_22.6.3.LTS\lib\</path>
         <kind>archive</kind>
         <file>rts2800_fpu32_eabi.lib</file>
         <name>fd_neg28.asm.obj</name>
      </input_file>
      <input_file id="fl-29">
         <path>C:\ti\ccs2041\ccs\tools\compiler\ti-cgt-c2000_22.6.3.LTS\lib\</path>
         <kind>archive</kind>
         <file>rts2800_fpu32_eabi.lib</file>
         <name>fd_sub28.asm.obj</name>
      </input_file>
      <input_file id="fl-2a">
         <path>C:\ti\ccs2041\ccs\tools\compiler\ti-cgt-c2000_22.6.3.LTS\lib\</path>
         <kind>archive</kind>
         <file>rts2800_fpu32_eabi.lib</file>
         <name>fd_toi28.asm.obj</name>
      </input_file>
      <input_file id="fl-2b">
         <path>C:\ti\ccs2041\ccs\tools\compiler\ti-cgt-c2000_22.6.3.LTS\lib\</path>
         <kind>archive</kind>
         <file>rts2800_fpu32_eabi.lib</file>
         <name>fd_tol28.asm.obj</name>
      </input_file>
      <input_file id="fl-2c">
         <path>C:\ti\ccs2041\ccs\tools\compiler\ti-cgt-c2000_22.6.3.LTS\lib\</path>
         <kind>archive</kind>
         <file>rts2800_fpu32_eabi.lib</file>
         <name>fs_div28.asm.obj</name>
      </input_file>
      <input_file id="fl-2d">
         <path>C:\ti\ccs2041\ccs\tools\compiler\ti-cgt-c2000_22.6.3.LTS\lib\</path>
         <kind>archive</kind>
         <file>rts2800_fpu32_eabi.lib</file>
         <name>ll_aox28.asm.obj</name>
      </input_file>
      <input_file id="fl-2e">
         <path>C:\ti\ccs2041\ccs\tools\compiler\ti-cgt-c2000_22.6.3.LTS\lib\</path>
         <kind>archive</kind>
         <file>rts2800_fpu32_eabi.lib</file>
         <name>ll_cmp28.asm.obj</name>
      </input_file>
      <input_file id="fl-2f">
         <path>C:\ti\ccs2041\ccs\tools\compiler\ti-cgt-c2000_22.6.3.LTS\lib\</path>
         <kind>archive</kind>
         <file>rts2800_fpu32_eabi.lib</file>
         <name>ll_div28.asm.obj</name>
      </input_file>
      <input_file id="fl-30">
         <path>C:\ti\ccs2041\ccs\tools\compiler\ti-cgt-c2000_22.6.3.LTS\lib\</path>
         <kind>archive</kind>
         <file>rts2800_fpu32_eabi.lib</file>
         <name>i_tofd28.asm.obj</name>
      </input_file>
      <input_file id="fl-31">
         <path>C:\ti\ccs2041\ccs\tools\compiler\ti-cgt-c2000_22.6.3.LTS\lib\</path>
         <kind>archive</kind>
         <file>rts2800_fpu32_eabi.lib</file>
         <name>l_tofd28.asm.obj</name>
      </input_file>
      <input_file id="fl-32">
         <path>C:\ti\ccs2041\ccs\tools\compiler\ti-cgt-c2000_22.6.3.LTS\lib\</path>
         <kind>archive</kind>
         <file>rts2800_fpu32_eabi.lib</file>
         <name>fd_div28.asm.obj</name>
      </input_file>
      <input_file id="fl-33">
         <path>C:\ti\ccs2041\ccs\tools\compiler\ti-cgt-c2000_22.6.3.LTS\lib\</path>
         <kind>archive</kind>
         <file>rts2800_fpu32_eabi.lib</file>
         <name>memcpy.c.obj</name>
      </input_file>
      <input_file id="fl-34">
         <path>C:\ti\ccs2041\ccs\tools\compiler\ti-cgt-c2000_22.6.3.LTS\lib\</path>
         <kind>archive</kind>
         <file>rts2800_fpu32_eabi.lib</file>
         <name>pre_init.c.obj</name>
      </input_file>
      <input_file id="fl-35">
         <path>C:\ti\ccs2041\ccs\tools\compiler\ti-cgt-c2000_22.6.3.LTS\lib\</path>
         <kind>archive</kind>
         <file>rts2800_fpu32_eabi.lib</file>
         <name>autoinit.c.obj</name>
      </input_file>
      <input_file id="fl-36">
         <path>C:\ti\ccs2041\ccs\tools\compiler\ti-cgt-c2000_22.6.3.LTS\lib\</path>
         <kind>archive</kind>
         <file>rts2800_fpu32_eabi.lib</file>
         <name>copy_zero_init.c.obj</name>
      </input_file>
      <input_file id="fl-37">
         <path>C:\ti\ccs2041\ccs\tools\compiler\ti-cgt-c2000_22.6.3.LTS\lib\</path>
         <kind>archive</kind>
         <file>rts2800_fpu32_eabi.lib</file>
         <name>copy_decompress_none.c.obj</name>
      </input_file>
      <input_file id="fl-38">
         <path>C:\ti\ccs2041\ccs\tools\compiler\ti-cgt-c2000_22.6.3.LTS\lib\</path>
         <kind>archive</kind>
         <file>rts2800_fpu32_eabi.lib</file>
         <name>copy_decompress_lzss.c.obj</name>
      </input_file>
      <input_file id="fl-39">
         <path>C:\ti\ccs2041\ccs\tools\compiler\ti-cgt-c2000_22.6.3.LTS\lib\</path>
         <kind>archive</kind>
         <file>rts2800_fpu32_eabi.lib</file>
         <name>exit.c.obj</name>
      </input_file>
      <input_file id="fl-3a">
         <path>C:\ti\ccs2041\ccs\tools\compiler\ti-cgt-c2000_22.6.3.LTS\lib\</path>
         <kind>archive</kind>
         <file>rts2800_fpu32_eabi.lib</file>
         <name>_lock.c.obj</name>
      </input_file>
      <input_file id="fl-3b">
         <path>C:\ti\ccs2041\ccs\tools\compiler\ti-cgt-c2000_22.6.3.LTS\lib\</path>
         <kind>archive</kind>
         <file>rts2800_fpu32_eabi.lib</file>
         <name>_ltoa.c.obj</name>
      </input_file>
      <input_file id="fl-3c">
         <path>C:\ti\ccs2041\ccs\tools\compiler\ti-cgt-c2000_22.6.3.LTS\lib\</path>
         <kind>archive</kind>
         <file>rts2800_fpu32_eabi.lib</file>
         <name>args_main.c.obj</name>
      </input_file>
      <input_file id="fl-3d">
         <path>C:\ti\ccs2041\ccs\tools\compiler\ti-cgt-c2000_22.6.3.LTS\lib\</path>
         <kind>archive</kind>
         <file>rts2800_fpu32_eabi.lib</file>
         <name>atoi.c.obj</name>
      </input_file>
      <input_file id="fl-3e">
         <path>C:\ti\ccs2041\ccs\tools\compiler\ti-cgt-c2000_22.6.3.LTS\lib\</path>
         <kind>archive</kind>
         <file>rts2800_fpu32_eabi.lib</file>
         <name>ctype.c.obj</name>
      </input_file>
      <input_file id="fl-3f">
         <path>C:\ti\ccs2041\ccs\tools\compiler\ti-cgt-c2000_22.6.3.LTS\lib\</path>
         <kind>archive</kind>
         <file>rts2800_fpu32_eabi.lib</file>
         <name>defs.c.obj</name>
      </input_file>
      <input_file id="fl-40">
         <path>C:\ti\ccs2041\ccs\tools\compiler\ti-cgt-c2000_22.6.3.LTS\lib\</path>
         <kind>archive</kind>
         <file>rts2800_fpu32_eabi.lib</file>
         <name>memccpy.c.obj</name>
      </input_file>
      <input_file id="fl-41">
         <path>C:\ti\ccs2041\ccs\tools\compiler\ti-cgt-c2000_22.6.3.LTS\lib\</path>
         <kind>archive</kind>
         <file>rts2800_fpu32_eabi.lib</file>
         <name>memchr.c.obj</name>
      </input_file>
      <input_file id="fl-42">
         <path>C:\ti\ccs2041\ccs\tools\compiler\ti-cgt-c2000_22.6.3.LTS\lib\</path>
         <kind>archive</kind>
         <file>rts2800_fpu32_eabi.lib</file>
         <name>memory.c.obj</name>
      </input_file>
      <input_file id="fl-43">
         <path>C:\ti\ccs2041\ccs\tools\compiler\ti-cgt-c2000_22.6.3.LTS\lib\</path>
         <kind>archive</kind>
         <file>rts2800_fpu32_eabi.lib</file>
         <name>memset.c.obj</name>
      </input_file>
      <input_file id="fl-44">
         <path>C:\ti\ccs2041\ccs\tools\compiler\ti-cgt-c2000_22.6.3.LTS\lib\</path>
         <kind>archive</kind>
         <file>rts2800_fpu32_eabi.lib</file>
         <name>strchr.c.obj</name>
      </input_file>
      <input_file id="fl-45">
         <path>C:\ti\ccs2041\ccs\tools\compiler\ti-cgt-c2000_22.6.3.LTS\lib\</path>
         <kind>archive</kind>
         <file>rts2800_fpu32_eabi.lib</file>
         <name>strcpy.c.obj</name>
      </input_file>
      <input_file id="fl-46">
         <path>C:\ti\ccs2041\ccs\tools\compiler\ti-cgt-c2000_22.6.3.LTS\lib\</path>
         <kind>archive</kind>
         <file>rts2800_fpu32_eabi.lib</file>
         <name>strlen.c.obj</name>
      </input_file>
      <input_file id="fl-47">
         <path>C:\ti\ccs2041\ccs\tools\compiler\ti-cgt-c2000_22.6.3.LTS\lib\</path>
         <kind>archive</kind>
         <file>rts2800_fpu32_eabi.lib</file>
         <name>write.c.obj</name>
      </input_file>
      <input_file id="fl-48">
         <path>C:\ti\ccs2041\ccs\tools\compiler\ti-cgt-c2000_22.6.3.LTS\lib\</path>
         <kind>archive</kind>
         <file>rts2800_fpu32_eabi.lib</file>
         <name>host_device.c.obj</name>
      </input_file>
      <input_file id="fl-49">
         <path>C:\ti\ccs2041\ccs\tools\compiler\ti-cgt-c2000_22.6.3.LTS\lib\</path>
         <kind>archive</kind>
         <file>rts2800_fpu32_eabi.lib</file>
         <name>errno.c.obj</name>
      </input_file>
      <input_file id="fl-4a">
         <path>C:\ti\ccs2041\ccs\tools\compiler\ti-cgt-c2000_22.6.3.LTS\lib\</path>
         <kind>archive</kind>
         <file>rts2800_fpu32_eabi.lib</file>
         <name>s_frexp.c.obj</name>
      </input_file>
      <input_file id="fl-4b">
         <path>C:\ti\ccs2041\ccs\tools\compiler\ti-cgt-c2000_22.6.3.LTS\lib\</path>
         <kind>archive</kind>
         <file>rts2800_fpu32_eabi.lib</file>
         <name>s_scalbn.c.obj</name>
      </input_file>
      <input_file id="fl-4c">
         <path>C:\ti\ccs2041\ccs\tools\compiler\ti-cgt-c2000_22.6.3.LTS\lib\</path>
         <kind>archive</kind>
         <file>rts2800_fpu32_eabi.lib</file>
         <name>fflush.c.obj</name>
      </input_file>
      <input_file id="fl-4d">
         <path>C:\ti\ccs2041\ccs\tools\compiler\ti-cgt-c2000_22.6.3.LTS\lib\</path>
         <kind>archive</kind>
         <file>rts2800_fpu32_eabi.lib</file>
         <name>fopen.c.obj</name>
      </input_file>
      <input_file id="fl-4e">
         <path>C:\ti\ccs2041\ccs\tools\compiler\ti-cgt-c2000_22.6.3.LTS\lib\</path>
         <kind>archive</kind>
         <file>rts2800_fpu32_eabi.lib</file>
         <name>fseek.c.obj</name>
      </input_file>
      <input_file id="fl-4f">
         <path>C:\ti\ccs2041\ccs\tools\compiler\ti-cgt-c2000_22.6.3.LTS\lib\</path>
         <kind>archive</kind>
         <file>rts2800_fpu32_eabi.lib</file>
         <name>s_copysign.c.obj</name>
      </input_file>
      <input_file id="fl-50">
         <path>C:\ti\ccs2041\ccs\tools\compiler\ti-cgt-c2000_22.6.3.LTS\lib\</path>
         <kind>archive</kind>
         <file>rts2800_fpu32_eabi.lib</file>
         <name>fd_add28.asm.obj</name>
      </input_file>
      <input_file id="fl-51">
         <path>C:\ti\ccs2041\ccs\tools\compiler\ti-cgt-c2000_22.6.3.LTS\lib\</path>
         <kind>archive</kind>
         <file>rts2800_fpu32_eabi.lib</file>
         <name>l_div28.asm.obj</name>
      </input_file>
      <input_file id="fl-52">
         <path>C:\ti\ccs2041\ccs\tools\compiler\ti-cgt-c2000_22.6.3.LTS\lib\</path>
         <kind>archive</kind>
         <file>rts2800_fpu32_eabi.lib</file>
         <name>cpy_tbl.c.obj</name>
      </input_file>
      <input_file id="fl-53">
         <path>C:\ti\ccs2041\ccs\tools\compiler\ti-cgt-c2000_22.6.3.LTS\lib\</path>
         <kind>archive</kind>
         <file>rts2800_fpu32_eabi.lib</file>
         <name>startup.c.obj</name>
      </input_file>
      <input_file id="fl-54">
         <path>C:\ti\ccs2041\ccs\tools\compiler\ti-cgt-c2000_22.6.3.LTS\lib\</path>
         <kind>archive</kind>
         <file>rts2800_fpu32_eabi.lib</file>
         <name>hostclose.c.obj</name>
      </input_file>
      <input_file id="fl-55">
         <path>C:\ti\ccs2041\ccs\tools\compiler\ti-cgt-c2000_22.6.3.LTS\lib\</path>
         <kind>archive</kind>
         <file>rts2800_fpu32_eabi.lib</file>
         <name>hostlseek.c.obj</name>
      </input_file>
      <input_file id="fl-56">
         <path>C:\ti\ccs2041\ccs\tools\compiler\ti-cgt-c2000_22.6.3.LTS\lib\</path>
         <kind>archive</kind>
         <file>rts2800_fpu32_eabi.lib</file>
         <name>hostopen.c.obj</name>
      </input_file>
      <input_file id="fl-57">
         <path>C:\ti\ccs2041\ccs\tools\compiler\ti-cgt-c2000_22.6.3.LTS\lib\</path>
         <kind>archive</kind>
         <file>rts2800_fpu32_eabi.lib</file>
         <name>hostread.c.obj</name>
      </input_file>
      <input_file id="fl-58">
         <path>C:\ti\ccs2041\ccs\tools\compiler\ti-cgt-c2000_22.6.3.LTS\lib\</path>
         <kind>archive</kind>
         <file>rts2800_fpu32_eabi.lib</file>
         <name>hostrename.c.obj</name>
      </input_file>
      <input_file id="fl-59">
         <path>C:\ti\ccs2041\ccs\tools\compiler\ti-cgt-c2000_22.6.3.LTS\lib\</path>
         <kind>archive</kind>
         <file>rts2800_fpu32_eabi.lib</file>
         <name>hostunlink.c.obj</name>
      </input_file>
      <input_file id="fl-5a">
         <path>C:\ti\ccs2041\ccs\tools\compiler\ti-cgt-c2000_22.6.3.LTS\lib\</path>
         <kind>archive</kind>
         <file>rts2800_fpu32_eabi.lib</file>
         <name>hostwrite.c.obj</name>
      </input_file>
      <input_file id="fl-5b">
         <path>C:\ti\ccs2041\ccs\tools\compiler\ti-cgt-c2000_22.6.3.LTS\lib\</path>
         <kind>archive</kind>
         <file>rts2800_fpu32_eabi.lib</file>
         <name>trgmsg.c.obj</name>
      </input_file>
      <input_file id="fl-5c">
         <path>C:\ti\ccs2041\ccs\tools\compiler\ti-cgt-c2000_22.6.3.LTS\lib\</path>
         <kind>archive</kind>
         <file>rts2800_fpu32_eabi.lib</file>
         <name>open.c.obj</name>
      </input_file>
      <input_file id="fl-5d">
         <path>C:\ti\ccs2041\ccs\tools\compiler\ti-cgt-c2000_22.6.3.LTS\lib\</path>
         <kind>archive</kind>
         <file>rts2800_fpu32_eabi.lib</file>
         <name>lseek.c.obj</name>
      </input_file>
      <input_file id="fl-5e">
         <path>C:\ti\ccs2041\ccs\tools\compiler\ti-cgt-c2000_22.6.3.LTS\lib\</path>
         <kind>archive</kind>
         <file>rts2800_fpu32_eabi.lib</file>
         <name>fclose.c.obj</name>
      </input_file>
      <input_file id="fl-5f">
         <path>C:\ti\ccs2041\ccs\tools\compiler\ti-cgt-c2000_22.6.3.LTS\lib\</path>
         <kind>archive</kind>
         <file>rts2800_fpu32_eabi.lib</file>
         <name>getdevice.c.obj</name>
      </input_file>
      <input_file id="fl-60">
         <path>C:\ti\ccs2041\ccs\tools\compiler\ti-cgt-c2000_22.6.3.LTS\lib\</path>
         <kind>archive</kind>
         <file>rts2800_fpu32_eabi.lib</file>
         <name>strcmp.c.obj</name>
      </input_file>
      <input_file id="fl-61">
         <path>C:\ti\ccs2041\ccs\tools\compiler\ti-cgt-c2000_22.6.3.LTS\lib\</path>
         <kind>archive</kind>
         <file>rts2800_fpu32_eabi.lib</file>
         <name>strncpy.c.obj</name>
      </input_file>
      <input_file id="fl-62">
         <path>C:\ti\ccs2041\ccs\tools\compiler\ti-cgt-c2000_22.6.3.LTS\lib\</path>
         <kind>archive</kind>
         <file>rts2800_fpu32_eabi.lib</file>
         <name>remove.c.obj</name>
      </input_file>
      <input_file id="fl-63">
         <path>C:\ti\ccs2041\ccs\tools\compiler\ti-cgt-c2000_22.6.3.LTS\lib\</path>
         <kind>archive</kind>
         <file>rts2800_fpu32_eabi.lib</file>
         <name>close.c.obj</name>
      </input_file>
      <input_file id="fl-64">
         <path>C:\ti\ccs2041\ccs\tools\compiler\ti-cgt-c2000_22.6.3.LTS\lib\</path>
         <kind>archive</kind>
         <file>rts2800_fpu32_eabi.lib</file>
         <name>unlink.c.obj</name>
      </input_file>
   </input_file_list>
   <object_component_list>
      <object_component id="oc-2d">
         <name>codestart</name>
         <load_address>0x0</load_address>
         <run_address>0x0</run_address>
         <size>0x2</size>
         <input_file_ref idref="fl-7"/>
      </object_component>
      <object_component id="oc-1d5">
         <name>.text:__TI_printfi</name>
         <load_address>0x8000</load_address>
         <run_address>0x8000</run_address>
         <size>0x614</size>
         <input_file_ref idref="fl-1f"/>
      </object_component>
      <object_component id="oc-242">
         <name>.text</name>
         <load_address>0x8614</load_address>
         <run_address>0x8614</run_address>
         <size>0x107</size>
         <input_file_ref idref="fl-2f"/>
      </object_component>
      <object_component id="oc-f1">
         <name>.text</name>
         <load_address>0x871b</load_address>
         <run_address>0x871b</run_address>
         <size>0xb7</size>
         <input_file_ref idref="fl-6"/>
      </object_component>
      <object_component id="oc-20">
         <name>.text:decompress:lzss</name>
         <load_address>0x87d2</load_address>
         <run_address>0x87d2</run_address>
         <size>0x2e</size>
         <input_file_ref idref="fl-38"/>
      </object_component>
      <object_component id="oc-122">
         <name>.text</name>
         <load_address>0x8800</load_address>
         <run_address>0x8800</run_address>
         <size>0x3fd</size>
         <input_file_ref idref="fl-8"/>
      </object_component>
      <object_component id="oc-271">
         <name>.text</name>
         <load_address>0x8bfd</load_address>
         <run_address>0x8bfd</run_address>
         <size>0x298</size>
         <input_file_ref idref="fl-42"/>
      </object_component>
      <object_component id="oc-2df">
         <name>.text</name>
         <load_address>0x8e95</load_address>
         <run_address>0x8e95</run_address>
         <size>0xa9</size>
         <input_file_ref idref="fl-4b"/>
      </object_component>
      <object_component id="oc-146">
         <name>.text</name>
         <load_address>0x8f3e</load_address>
         <run_address>0x8f3e</run_address>
         <size>0xa8</size>
         <input_file_ref idref="fl-21"/>
      </object_component>
      <object_component id="oc-30f">
         <name>.text:CPUTimer_startTimer</name>
         <load_address>0x8fe6</load_address>
         <run_address>0x8fe6</run_address>
         <size>0x1a</size>
         <input_file_ref idref="fl-12"/>
      </object_component>
      <object_component id="oc-16b">
         <name>.text:SysCtl_setClock</name>
         <load_address>0x9000</load_address>
         <run_address>0x9000</run_address>
         <size>0x209</size>
         <input_file_ref idref="fl-12"/>
      </object_component>
      <object_component id="oc-e8">
         <name>.text</name>
         <load_address>0x9209</load_address>
         <run_address>0x9209</run_address>
         <size>0x207</size>
         <input_file_ref idref="fl-4"/>
      </object_component>
      <object_component id="oc-38e">
         <name>.text</name>
         <load_address>0x9410</load_address>
         <run_address>0x9410</run_address>
         <size>0x9c</size>
         <input_file_ref idref="fl-50"/>
      </object_component>
      <object_component id="oc-3e3">
         <name>.text</name>
         <load_address>0x94ac</load_address>
         <run_address>0x94ac</run_address>
         <size>0x95</size>
         <input_file_ref idref="fl-5b"/>
      </object_component>
      <object_component id="oc-261">
         <name>.text:SysCtl_selectXTAL</name>
         <load_address>0x9541</load_address>
         <run_address>0x9541</run_address>
         <size>0x90</size>
         <input_file_ref idref="fl-12"/>
      </object_component>
      <object_component id="oc-2b5">
         <name>.text</name>
         <load_address>0x95d1</load_address>
         <run_address>0x95d1</run_address>
         <size>0x8b</size>
         <input_file_ref idref="fl-32"/>
      </object_component>
      <object_component id="oc-ff">
         <name>.text</name>
         <load_address>0x965c</load_address>
         <run_address>0x965c</run_address>
         <size>0x88</size>
         <input_file_ref idref="fl-2c"/>
      </object_component>
      <object_component id="oc-2ba">
         <name>.text</name>
         <load_address>0x96e4</load_address>
         <run_address>0x96e4</run_address>
         <size>0x83</size>
         <input_file_ref idref="fl-27"/>
      </object_component>
      <object_component id="oc-209">
         <name>.text</name>
         <load_address>0x9767</load_address>
         <run_address>0x9767</run_address>
         <size>0x7c</size>
         <input_file_ref idref="fl-23"/>
      </object_component>
      <object_component id="oc-38">
         <name>.text</name>
         <load_address>0x97e3</load_address>
         <run_address>0x97e3</run_address>
         <size>0x1d</size>
         <input_file_ref idref="fl-33"/>
      </object_component>
      <object_component id="oc-1a9">
         <name>.text</name>
         <load_address>0x9800</load_address>
         <run_address>0x9800</run_address>
         <size>0x73</size>
         <input_file_ref idref="fl-4c"/>
      </object_component>
      <object_component id="oc-32e">
         <name>.text</name>
         <load_address>0x9873</load_address>
         <run_address>0x9873</run_address>
         <size>0x71</size>
         <input_file_ref idref="fl-5c"/>
      </object_component>
      <object_component id="oc-c0">
         <name>.text</name>
         <load_address>0x98e4</load_address>
         <run_address>0x98e4</run_address>
         <size>0x6f</size>
         <input_file_ref idref="fl-5"/>
      </object_component>
      <object_component id="oc-165">
         <name>.text:SysCtl_getDeviceParametric</name>
         <load_address>0x9953</load_address>
         <run_address>0x9953</run_address>
         <size>0x68</size>
         <input_file_ref idref="fl-12"/>
      </object_component>
      <object_component id="oc-1a3">
         <name>.text</name>
         <load_address>0x99bb</load_address>
         <run_address>0x99bb</run_address>
         <size>0x65</size>
         <input_file_ref idref="fl-22"/>
      </object_component>
      <object_component id="oc-358">
         <name>.text</name>
         <load_address>0x9a20</load_address>
         <run_address>0x9a20</run_address>
         <size>0x61</size>
         <input_file_ref idref="fl-55"/>
      </object_component>
      <object_component id="oc-334">
         <name>.text</name>
         <load_address>0x9a81</load_address>
         <run_address>0x9a81</run_address>
         <size>0x5d</size>
         <input_file_ref idref="fl-5e"/>
      </object_component>
      <object_component id="oc-2d9">
         <name>.text</name>
         <load_address>0x9ade</load_address>
         <run_address>0x9ade</run_address>
         <size>0x5a</size>
         <input_file_ref idref="fl-4a"/>
      </object_component>
      <object_component id="oc-140">
         <name>.text</name>
         <load_address>0x9b38</load_address>
         <run_address>0x9b38</run_address>
         <size>0x53</size>
         <input_file_ref idref="fl-20"/>
      </object_component>
      <object_component id="oc-171">
         <name>.text:SysCtl_getClock</name>
         <load_address>0x9b8b</load_address>
         <run_address>0x9b8b</run_address>
         <size>0x51</size>
         <input_file_ref idref="fl-12"/>
      </object_component>
      <object_component id="oc-3c4">
         <name>.text</name>
         <load_address>0x9bdc</load_address>
         <run_address>0x9bdc</run_address>
         <size>0x51</size>
         <input_file_ref idref="fl-5f"/>
      </object_component>
      <object_component id="oc-1e9">
         <name>.text:SysCtl_selectOscSource</name>
         <load_address>0x9c2d</load_address>
         <run_address>0x9c2d</run_address>
         <size>0x48</size>
         <input_file_ref idref="fl-12"/>
      </object_component>
      <object_component id="oc-364">
         <name>.text</name>
         <load_address>0x9c75</load_address>
         <run_address>0x9c75</run_address>
         <size>0x3e</size>
         <input_file_ref idref="fl-58"/>
      </object_component>
      <object_component id="oc-203">
         <name>.text</name>
         <load_address>0x9cb3</load_address>
         <run_address>0x9cb3</run_address>
         <size>0x3d</size>
         <input_file_ref idref="fl-4e"/>
      </object_component>
      <object_component id="oc-340">
         <name>.text</name>
         <load_address>0x9cf0</load_address>
         <run_address>0x9cf0</run_address>
         <size>0x3a</size>
         <input_file_ref idref="fl-56"/>
      </object_component>
      <object_component id="oc-352">
         <name>.text</name>
         <load_address>0x9d2a</load_address>
         <run_address>0x9d2a</run_address>
         <size>0x39</size>
         <input_file_ref idref="fl-5a"/>
      </object_component>
      <object_component id="oc-34c">
         <name>.text</name>
         <load_address>0x9d63</load_address>
         <run_address>0x9d63</run_address>
         <size>0x38</size>
         <input_file_ref idref="fl-57"/>
      </object_component>
      <object_component id="oc-184">
         <name>.text:GPIO_setControllerCore</name>
         <load_address>0x9d9b</load_address>
         <run_address>0x9d9b</run_address>
         <size>0x37</size>
         <input_file_ref idref="fl-11"/>
      </object_component>
      <object_component id="oc-128">
         <name>.text:GPIO_setPinConfig</name>
         <load_address>0x9dd2</load_address>
         <run_address>0x9dd2</run_address>
         <size>0x37</size>
         <input_file_ref idref="fl-11"/>
      </object_component>
      <object_component id="oc-17e">
         <name>.text:GPIO_setQualificationMode</name>
         <load_address>0x9e09</load_address>
         <run_address>0x9e09</run_address>
         <size>0x37</size>
         <input_file_ref idref="fl-11"/>
      </object_component>
      <object_component id="oc-f8">
         <name>.text</name>
         <load_address>0x9e40</load_address>
         <run_address>0x9e40</run_address>
         <size>0x34</size>
         <input_file_ref idref="fl-1e"/>
      </object_component>
      <object_component id="oc-3cc">
         <name>.text</name>
         <load_address>0x9e74</load_address>
         <run_address>0x9e74</run_address>
         <size>0x33</size>
         <input_file_ref idref="fl-63"/>
      </object_component>
      <object_component id="oc-12e">
         <name>.text:GPIO_setDirectionMode</name>
         <load_address>0x9ea7</load_address>
         <run_address>0x9ea7</run_address>
         <size>0x31</size>
         <input_file_ref idref="fl-11"/>
      </object_component>
      <object_component id="oc-237">
         <name>.text</name>
         <load_address>0x9ed8</load_address>
         <run_address>0x9ed8</run_address>
         <size>0x31</size>
         <input_file_ref idref="fl-3d"/>
      </object_component>
      <object_component id="oc-2c4">
         <name>.text</name>
         <load_address>0x9f09</load_address>
         <run_address>0x9f09</run_address>
         <size>0x30</size>
         <input_file_ref idref="fl-3b"/>
      </object_component>
      <object_component id="oc-90">
         <name>.text:__TI_auto_init_nobinit_nopinit</name>
         <load_address>0x9f39</load_address>
         <run_address>0x9f39</run_address>
         <size>0x2b</size>
         <input_file_ref idref="fl-35"/>
      </object_component>
      <object_component id="oc-2ab">
         <name>.text</name>
         <load_address>0x9f64</load_address>
         <run_address>0x9f64</run_address>
         <size>0x2a</size>
         <input_file_ref idref="fl-26"/>
      </object_component>
      <object_component id="oc-386">
         <name>.text</name>
         <load_address>0x9f8e</load_address>
         <run_address>0x9f8e</run_address>
         <size>0x2a</size>
         <input_file_ref idref="fl-51"/>
      </object_component>
      <object_component id="oc-84">
         <name>.text</name>
         <load_address>0x9fb8</load_address>
         <run_address>0x9fb8</run_address>
         <size>0x29</size>
         <input_file_ref idref="fl-39"/>
      </object_component>
      <object_component id="oc-3b4">
         <name>.text:CPUTimer_getTimerOverflowStatus</name>
         <load_address>0x9fe1</load_address>
         <run_address>0x9fe1</run_address>
         <size>0x1f</size>
         <input_file_ref idref="fl-12"/>
      </object_component>
      <object_component id="oc-346">
         <name>.text</name>
         <load_address>0xa000</load_address>
         <run_address>0xa000</run_address>
         <size>0x29</size>
         <input_file_ref idref="fl-54"/>
      </object_component>
      <object_component id="oc-303">
         <name>.text:CPUTimer_selectClockSource</name>
         <load_address>0xa029</load_address>
         <run_address>0xa029</run_address>
         <size>0x28</size>
         <input_file_ref idref="fl-12"/>
      </object_component>
      <object_component id="oc-35e">
         <name>.text</name>
         <load_address>0xa051</load_address>
         <run_address>0xa051</run_address>
         <size>0x24</size>
         <input_file_ref idref="fl-59"/>
      </object_component>
      <object_component id="oc-39d">
         <name>.text</name>
         <load_address>0xa075</load_address>
         <run_address>0xa075</run_address>
         <size>0x24</size>
         <input_file_ref idref="fl-4f"/>
      </object_component>
      <object_component id="oc-2d4">
         <name>.text</name>
         <load_address>0xa099</load_address>
         <run_address>0xa099</run_address>
         <size>0x21</size>
         <input_file_ref idref="fl-2a"/>
      </object_component>
      <object_component id="oc-2bf">
         <name>.text</name>
         <load_address>0xa0ba</load_address>
         <run_address>0xa0ba</run_address>
         <size>0x1f</size>
         <input_file_ref idref="fl-2b"/>
      </object_component>
      <object_component id="oc-23d">
         <name>.text</name>
         <load_address>0xa0d9</load_address>
         <run_address>0xa0d9</run_address>
         <size>0x1e</size>
         <input_file_ref idref="fl-2e"/>
      </object_component>
      <object_component id="oc-2ca">
         <name>.text</name>
         <load_address>0xa0f7</load_address>
         <run_address>0xa0f7</run_address>
         <size>0x1c</size>
         <input_file_ref idref="fl-31"/>
      </object_component>
      <object_component id="oc-178">
         <name>.text:SysCtl_getLowSpeedClock</name>
         <load_address>0xa113</load_address>
         <run_address>0xa113</run_address>
         <size>0x1a</size>
         <input_file_ref idref="fl-12"/>
      </object_component>
      <object_component id="oc-3d5">
         <name>.text</name>
         <load_address>0xa12d</load_address>
         <run_address>0xa12d</run_address>
         <size>0x19</size>
         <input_file_ref idref="fl-64"/>
      </object_component>
      <object_component id="oc-1af">
         <name>.text</name>
         <load_address>0xa146</load_address>
         <run_address>0xa146</run_address>
         <size>0x19</size>
         <input_file_ref idref="fl-47"/>
      </object_component>
      <object_component id="oc-247">
         <name>.text</name>
         <load_address>0xa15f</load_address>
         <run_address>0xa15f</run_address>
         <size>0x18</size>
         <input_file_ref idref="fl-2d"/>
      </object_component>
      <object_component id="oc-269">
         <name>.text</name>
         <load_address>0xa177</load_address>
         <run_address>0xa177</run_address>
         <size>0x18</size>
         <input_file_ref idref="fl-5d"/>
      </object_component>
      <object_component id="oc-3a8">
         <name>.text:CPUTimer_isBaseValid</name>
         <load_address>0xa18f</load_address>
         <run_address>0xa18f</run_address>
         <size>0x17</size>
         <input_file_ref idref="fl-12"/>
      </object_component>
      <object_component id="oc-66">
         <name>.text</name>
         <load_address>0xa1a6</load_address>
         <run_address>0xa1a6</run_address>
         <size>0x17</size>
         <input_file_ref idref="fl-25"/>
      </object_component>
      <object_component id="oc-416">
         <name>.text</name>
         <load_address>0xa1bd</load_address>
         <run_address>0xa1bd</run_address>
         <size>0x15</size>
         <input_file_ref idref="fl-61"/>
      </object_component>
      <object_component id="oc-2f7">
         <name>.text:CPUTimer_stopTimer</name>
         <load_address>0xa1d2</load_address>
         <run_address>0xa1d2</run_address>
         <size>0x14</size>
         <input_file_ref idref="fl-12"/>
      </object_component>
      <object_component id="oc-309">
         <name>.text:CPUTimer_clearOverflowFlag</name>
         <load_address>0xa1e6</load_address>
         <run_address>0xa1e6</run_address>
         <size>0x12</size>
         <input_file_ref idref="fl-12"/>
      </object_component>
      <object_component id="oc-2f1">
         <name>.text:CPUTimer_disableInterrupt</name>
         <load_address>0xa1f8</load_address>
         <run_address>0xa1f8</run_address>
         <size>0x12</size>
         <input_file_ref idref="fl-12"/>
      </object_component>
      <object_component id="oc-2fd">
         <name>.text:CPUTimer_setPeriod</name>
         <load_address>0xa20a</load_address>
         <run_address>0xa20a</run_address>
         <size>0x11</size>
         <input_file_ref idref="fl-12"/>
      </object_component>
      <object_component id="oc-22f">
         <name>.text</name>
         <load_address>0xa21b</load_address>
         <run_address>0xa21b</run_address>
         <size>0x10</size>
         <input_file_ref idref="fl-40"/>
      </object_component>
      <object_component id="oc-315">
         <name>.text:SysCtl_pollCpuTimer</name>
         <load_address>0xa22b</load_address>
         <run_address>0xa22b</run_address>
         <size>0xf</size>
         <input_file_ref idref="fl-12"/>
      </object_component>
      <object_component id="oc-191">
         <name>.text:GPIO_isPinValid</name>
         <load_address>0xa23a</load_address>
         <run_address>0xa23a</run_address>
         <size>0xe</size>
         <input_file_ref idref="fl-11"/>
      </object_component>
      <object_component id="oc-2cf">
         <name>.text</name>
         <load_address>0xa248</load_address>
         <run_address>0xa248</run_address>
         <size>0xe</size>
         <input_file_ref idref="fl-29"/>
      </object_component>
      <object_component id="oc-40">
         <name>.text:decompress:ZI:__TI_zero_init_nomemset</name>
         <load_address>0xa256</load_address>
         <run_address>0xa256</run_address>
         <size>0xd</size>
         <input_file_ref idref="fl-36"/>
      </object_component>
      <object_component id="oc-1bd">
         <name>.text</name>
         <load_address>0xa263</load_address>
         <run_address>0xa263</run_address>
         <size>0xd</size>
         <input_file_ref idref="fl-41"/>
      </object_component>
      <object_component id="oc-7e">
         <name>.text</name>
         <load_address>0xa270</load_address>
         <run_address>0xa270</run_address>
         <size>0xc</size>
         <input_file_ref idref="fl-3c"/>
      </object_component>
      <object_component id="oc-2ea">
         <name>.text</name>
         <load_address>0xa27c</load_address>
         <run_address>0xa27c</run_address>
         <size>0xc</size>
         <input_file_ref idref="fl-44"/>
      </object_component>
      <object_component id="oc-1e3">
         <name>.text:SysCtl_isMCDClockFailureDetected</name>
         <load_address>0xa288</load_address>
         <run_address>0xa288</run_address>
         <size>0xb</size>
         <input_file_ref idref="fl-12"/>
      </object_component>
      <object_component id="oc-24c">
         <name>.text</name>
         <load_address>0xa293</load_address>
         <run_address>0xa293</run_address>
         <size>0xb</size>
         <input_file_ref idref="fl-24"/>
      </object_component>
      <object_component id="oc-410">
         <name>.text</name>
         <load_address>0xa29e</load_address>
         <run_address>0xa29e</run_address>
         <size>0xa</size>
         <input_file_ref idref="fl-60"/>
      </object_component>
      <object_component id="oc-1ef">
         <name>.text:SysCtl_serviceWatchdog</name>
         <load_address>0xa2a8</load_address>
         <run_address>0xa2a8</run_address>
         <size>0x9</size>
         <input_file_ref idref="fl-12"/>
      </object_component>
      <object_component id="oc-10e">
         <name>.text</name>
         <load_address>0xa2b1</load_address>
         <run_address>0xa2b1</run_address>
         <size>0x9</size>
         <input_file_ref idref="fl-3a"/>
      </object_component>
      <object_component id="oc-2b0">
         <name>.text</name>
         <load_address>0xa2ba</load_address>
         <run_address>0xa2ba</run_address>
         <size>0x9</size>
         <input_file_ref idref="fl-28"/>
      </object_component>
      <object_component id="oc-4c">
         <name>.text</name>
         <load_address>0xa2c3</load_address>
         <run_address>0xa2c3</run_address>
         <size>0x8</size>
         <input_file_ref idref="fl-7"/>
      </object_component>
      <object_component id="oc-26">
         <name>.text:decompress:none</name>
         <load_address>0xa2cb</load_address>
         <run_address>0xa2cb</run_address>
         <size>0x8</size>
         <input_file_ref idref="fl-37"/>
      </object_component>
      <object_component id="oc-1b7">
         <name>.text</name>
         <load_address>0xa2d3</load_address>
         <run_address>0xa2d3</run_address>
         <size>0x8</size>
         <input_file_ref idref="fl-46"/>
      </object_component>
      <object_component id="oc-31b">
         <name>.text:SysCtl_resetMCD</name>
         <load_address>0xa2db</load_address>
         <run_address>0xa2db</run_address>
         <size>0x7</size>
         <input_file_ref idref="fl-12"/>
      </object_component>
      <object_component id="oc-5f">
         <name>.text</name>
         <load_address>0xa2e2</load_address>
         <run_address>0xa2e2</run_address>
         <size>0x7</size>
         <input_file_ref idref="fl-43"/>
      </object_component>
      <object_component id="oc-229">
         <name>.text</name>
         <load_address>0xa2e9</load_address>
         <run_address>0xa2e9</run_address>
         <size>0x5</size>
         <input_file_ref idref="fl-45"/>
      </object_component>
      <object_component id="oc-77">
         <name>.text</name>
         <load_address>0xa2ee</load_address>
         <run_address>0xa2ee</run_address>
         <size>0x2</size>
         <input_file_ref idref="fl-34"/>
      </object_component>
      <object_component id="oc-d3">
         <name>.text</name>
         <load_address>0xa2f0</load_address>
         <run_address>0xa2f0</run_address>
         <size>0x1</size>
         <input_file_ref idref="fl-53"/>
      </object_component>
      <object_component id="oc-256">
         <name>.text</name>
         <load_address>0xb000</load_address>
         <run_address>0xb000</run_address>
         <size>0x6c2</size>
         <input_file_ref idref="fl-1f"/>
      </object_component>
      <object_component id="oc-277">
         <name>.text</name>
         <load_address>0xb6c2</load_address>
         <run_address>0xb6c2</run_address>
         <size>0x121</size>
         <input_file_ref idref="fl-4d"/>
      </object_component>
      <object_component id="oc-2e5">
         <name>.text</name>
         <load_address>0xb7e3</load_address>
         <run_address>0xb7e3</run_address>
         <size>0x1d</size>
         <input_file_ref idref="fl-30"/>
      </object_component>
      <object_component id="oc-497">
         <name>.cinit..data.load</name>
         <load_address>0x128</load_address>
         <run_address>0x128</run_address>
         <size>0x33</size>
      </object_component>
      <object_component id="oc-494">
         <name>__TI_handler_table</name>
         <load_address>0x15c</load_address>
         <run_address>0x15c</run_address>
         <size>0x6</size>
      </object_component>
      <object_component id="oc-496">
         <name>.cinit..bss.load</name>
         <load_address>0x162</load_address>
         <run_address>0x162</run_address>
         <size>0x4</size>
      </object_component>
      <object_component id="oc-495">
         <name>__TI_cinit_table</name>
         <load_address>0x166</load_address>
         <run_address>0x166</run_address>
         <size>0x8</size>
      </object_component>
      <object_component id="oc-32">
         <name>.stack</name>
         <uninitialized>true</uninitialized>
         <run_address>0x400</run_address>
         <size>0x0</size>
         <input_file_ref idref="fl-25"/>
      </object_component>
      <object_component id="oc-498">
         <name>.stack</name>
         <uninitialized>true</uninitialized>
         <run_address>0x400</run_address>
         <size>0x0</size>
      </object_component>
      <object_component id="oc-3d2">
         <name>.bss:__TI_tmpnams</name>
         <uninitialized>true</uninitialized>
         <run_address>0xd520</run_address>
         <size>0xa0</size>
         <input_file_ref idref="fl-3f"/>
      </object_component>
      <object_component id="oc-327">
         <name>.bss</name>
         <uninitialized>true</uninitialized>
         <run_address>0xd5c8</run_address>
         <size>0x2</size>
         <input_file_ref idref="fl-42"/>
      </object_component>
      <object_component id="oc-3e0">
         <name>.bss:parmbuf</name>
         <uninitialized>true</uninitialized>
         <run_address>0xd5c0</run_address>
         <size>0x8</size>
         <input_file_ref idref="fl-56"/>
      </object_component>
      <object_component id="oc-42c">
         <name>.bss:_CIOBUF_</name>
         <uninitialized>true</uninitialized>
         <run_address>0xd400</run_address>
         <size>0x120</size>
         <input_file_ref idref="fl-5b"/>
      </object_component>
      <object_component id="oc-29d">
         <name>.const:.string:_ctypes_</name>
         <load_address>0xa800</load_address>
         <run_address>0xa800</run_address>
         <size>0x101</size>
         <input_file_ref idref="fl-3e"/>
      </object_component>
      <object_component id="oc-f7">
         <name>.const:.string</name>
         <load_address>0xa902</load_address>
         <run_address>0xa902</run_address>
         <size>0xc6</size>
         <input_file_ref idref="fl-5"/>
      </object_component>
      <object_component id="oc-1e2">
         <name>.const:.string</name>
         <load_address>0xa9c8</load_address>
         <run_address>0xa9c8</run_address>
         <size>0xc2</size>
         <input_file_ref idref="fl-12"/>
      </object_component>
      <object_component id="oc-197">
         <name>.const:.string</name>
         <load_address>0xaa8a</load_address>
         <run_address>0xaa8a</run_address>
         <size>0xbc</size>
         <input_file_ref idref="fl-11"/>
      </object_component>
      <object_component id="oc-121">
         <name>.const:.string</name>
         <load_address>0xab46</load_address>
         <run_address>0xab46</run_address>
         <size>0x3f</size>
         <input_file_ref idref="fl-4"/>
      </object_component>
      <object_component id="oc-228">
         <name>.const:.string</name>
         <load_address>0xab86</load_address>
         <run_address>0xab86</run_address>
         <size>0x26</size>
         <input_file_ref idref="fl-1f"/>
      </object_component>
      <object_component id="oc-2aa">
         <name>.const</name>
         <load_address>0xabac</load_address>
         <run_address>0xabac</run_address>
         <size>0x1c</size>
         <input_file_ref idref="fl-1f"/>
      </object_component>
      <object_component id="oc-39a">
         <name>.const</name>
         <load_address>0xabc8</load_address>
         <run_address>0xabc8</run_address>
         <size>0x1c</size>
         <input_file_ref idref="fl-4b"/>
      </object_component>
      <object_component id="oc-177">
         <name>.const:.string</name>
         <load_address>0xabe4</load_address>
         <run_address>0xabe4</run_address>
         <size>0x13</size>
         <input_file_ref idref="fl-8"/>
      </object_component>
      <object_component id="oc-395">
         <name>.const</name>
         <load_address>0xabf8</load_address>
         <run_address>0xabf8</run_address>
         <size>0x8</size>
         <input_file_ref idref="fl-4a"/>
      </object_component>
      <object_component id="oc-ee">
         <name>.const</name>
         <load_address>0xac00</load_address>
         <run_address>0xac00</run_address>
         <size>0xe</size>
         <input_file_ref idref="fl-5"/>
      </object_component>
      <object_component id="oc-1c3">
         <name>.const:.string</name>
         <load_address>0xac0e</load_address>
         <run_address>0xac0e</run_address>
         <size>0x2</size>
         <input_file_ref idref="fl-21"/>
      </object_component>
      <object_component id="oc-137">
         <name>.const</name>
         <load_address>0xac10</load_address>
         <run_address>0xac10</run_address>
         <size>0x2</size>
         <input_file_ref idref="fl-4"/>
      </object_component>
      <object_component id="oc-134">
         <name>.data</name>
         <load_address>0xd6c0</load_address>
         <run_address>0xd6c0</run_address>
         <size>0x8</size>
         <input_file_ref idref="fl-4"/>
      </object_component>
      <object_component id="oc-104">
         <name>.data</name>
         <load_address>0xd6b2</load_address>
         <run_address>0xd6b2</run_address>
         <size>0xc</size>
         <input_file_ref idref="fl-5"/>
      </object_component>
      <object_component id="oc-18a">
         <name>.data</name>
         <load_address>0xd6c8</load_address>
         <run_address>0xd6c8</run_address>
         <size>0x6</size>
         <input_file_ref idref="fl-8"/>
      </object_component>
      <object_component id="oc-c8">
         <name>.data</name>
         <load_address>0xd6ce</load_address>
         <run_address>0xd6ce</run_address>
         <size>0x6</size>
         <input_file_ref idref="fl-39"/>
      </object_component>
      <object_component id="oc-cb">
         <name>.data:_lock</name>
         <load_address>0xd6be</load_address>
         <run_address>0xd6be</run_address>
         <size>0x2</size>
         <input_file_ref idref="fl-3a"/>
      </object_component>
      <object_component id="oc-150">
         <name>.data:_unlock</name>
         <load_address>0xd6d4</load_address>
         <run_address>0xd6d4</run_address>
         <size>0x2</size>
         <input_file_ref idref="fl-3a"/>
      </object_component>
      <object_component id="oc-211">
         <name>.data</name>
         <load_address>0xd6d6</load_address>
         <run_address>0xd6d6</run_address>
         <size>0x1</size>
         <input_file_ref idref="fl-3f"/>
      </object_component>
      <object_component id="oc-14c">
         <name>.data:_ftable</name>
         <load_address>0xd5ca</load_address>
         <run_address>0xd5ca</run_address>
         <size>0x78</size>
         <input_file_ref idref="fl-3f"/>
      </object_component>
      <object_component id="oc-32a">
         <name>.data</name>
         <load_address>0xd6d9</load_address>
         <run_address>0xd6d9</run_address>
         <size>0x1</size>
         <input_file_ref idref="fl-42"/>
      </object_component>
      <object_component id="oc-216">
         <name>.data:_stream</name>
         <load_address>0xd68a</load_address>
         <run_address>0xd68a</run_address>
         <size>0x28</size>
         <input_file_ref idref="fl-48"/>
      </object_component>
      <object_component id="oc-287">
         <name>.data:_device</name>
         <load_address>0xd642</load_address>
         <run_address>0xd642</run_address>
         <size>0x48</size>
         <input_file_ref idref="fl-48"/>
      </object_component>
      <object_component id="oc-252">
         <name>.data</name>
         <load_address>0xd6d7</load_address>
         <run_address>0xd6d7</run_address>
         <size>0x1</size>
         <input_file_ref idref="fl-49"/>
      </object_component>
      <object_component id="oc-33a">
         <name>.data</name>
         <load_address>0xd6d8</load_address>
         <run_address>0xd6d8</run_address>
         <size>0x1</size>
         <input_file_ref idref="fl-4d"/>
      </object_component>
      <object_component id="oc-3c3">
         <name>.data</name>
         <load_address>0xd6da</load_address>
         <run_address>0xd6da</run_address>
         <size>0x1</size>
         <input_file_ref idref="fl-5c"/>
      </object_component>
      <object_component id="oc-33">
         <name>.sysmem</name>
         <uninitialized>true</uninitialized>
         <run_address>0xd000</run_address>
         <size>0x4</size>
         <input_file_ref idref="fl-42"/>
      </object_component>
      <object_component id="oc-499">
         <name>.sysmem</name>
         <uninitialized>true</uninitialized>
         <run_address>0xd000</run_address>
         <size>0x0</size>
      </object_component>
      <object_component id="oc-fe">
         <name>.TI.ramfunc</name>
         <load_address>0x123</load_address>
         <run_address>0x123</run_address>
         <size>0x4</size>
         <input_file_ref idref="fl-12"/>
      </object_component>
      <object_component id="oc-13b">
         <name>.debug_types</name>
         <load_address>0x0</load_address>
         <run_address>0x0</run_address>
         <size>0x175b</size>
         <input_file_ref idref="fl-4"/>
      </object_component>
      <object_component id="oc-108">
         <name>.debug_types</name>
         <load_address>0x175b</load_address>
         <run_address>0x175b</run_address>
         <size>0x277</size>
         <input_file_ref idref="fl-5"/>
      </object_component>
      <object_component id="oc-13f">
         <name>.debug_types</name>
         <load_address>0x0</load_address>
         <run_address>0x0</run_address>
         <size>0x0</size>
         <input_file_ref idref="fl-6"/>
      </object_component>
      <object_component id="oc-18e">
         <name>.debug_types</name>
         <load_address>0x19d2</load_address>
         <run_address>0x19d2</run_address>
         <size>0x775</size>
         <input_file_ref idref="fl-8"/>
      </object_component>
      <object_component id="oc-190">
         <name>.debug_types</name>
         <load_address>0x2147</load_address>
         <run_address>0x2147</run_address>
         <size>0x332</size>
         <input_file_ref idref="fl-11"/>
      </object_component>
      <object_component id="oc-1e1">
         <name>.debug_types</name>
         <load_address>0x2479</load_address>
         <run_address>0x2479</run_address>
         <size>0x254</size>
         <input_file_ref idref="fl-12"/>
      </object_component>
      <object_component id="oc-154">
         <name>.debug_types</name>
         <load_address>0x26cd</load_address>
         <run_address>0x26cd</run_address>
         <size>0x414</size>
         <input_file_ref idref="fl-1e"/>
      </object_component>
      <object_component id="oc-236">
         <name>.debug_types</name>
         <load_address>0x2ae1</load_address>
         <run_address>0x2ae1</run_address>
         <size>0xaf8</size>
         <input_file_ref idref="fl-1f"/>
      </object_component>
      <object_component id="oc-1b6">
         <name>.debug_types</name>
         <load_address>0x35d9</load_address>
         <run_address>0x35d9</run_address>
         <size>0x2f</size>
         <input_file_ref idref="fl-20"/>
      </object_component>
      <object_component id="oc-1c5">
         <name>.debug_types</name>
         <load_address>0x3608</load_address>
         <run_address>0x3608</run_address>
         <size>0x68</size>
         <input_file_ref idref="fl-21"/>
      </object_component>
      <object_component id="oc-210">
         <name>.debug_types</name>
         <load_address>0x0</load_address>
         <run_address>0x0</run_address>
         <size>0x0</size>
         <input_file_ref idref="fl-22"/>
      </object_component>
      <object_component id="oc-27e">
         <name>.debug_types</name>
         <load_address>0x0</load_address>
         <run_address>0x0</run_address>
         <size>0x0</size>
         <input_file_ref idref="fl-23"/>
      </object_component>
      <object_component id="oc-2a6">
         <name>.debug_types</name>
         <load_address>0x3670</load_address>
         <run_address>0x3670</run_address>
         <size>0x160</size>
         <input_file_ref idref="fl-24"/>
      </object_component>
      <object_component id="oc-59">
         <name>.debug_types</name>
         <load_address>0x37d0</load_address>
         <run_address>0x37d0</run_address>
         <size>0x2f</size>
         <input_file_ref idref="fl-33"/>
      </object_component>
      <object_component id="oc-8f">
         <name>.debug_types</name>
         <load_address>0x0</load_address>
         <run_address>0x0</run_address>
         <size>0x0</size>
         <input_file_ref idref="fl-34"/>
      </object_component>
      <object_component id="oc-da">
         <name>.debug_types</name>
         <load_address>0x37ff</load_address>
         <run_address>0x37ff</run_address>
         <size>0x441</size>
         <input_file_ref idref="fl-35"/>
      </object_component>
      <object_component id="oc-5e">
         <name>.debug_types</name>
         <load_address>0x3c40</load_address>
         <run_address>0x3c40</run_address>
         <size>0x169</size>
         <input_file_ref idref="fl-36"/>
      </object_component>
      <object_component id="oc-3f">
         <name>.debug_types</name>
         <load_address>0x0</load_address>
         <run_address>0x0</run_address>
         <size>0x0</size>
         <input_file_ref idref="fl-37"/>
      </object_component>
      <object_component id="oc-37">
         <name>.debug_types</name>
         <load_address>0x3da9</load_address>
         <run_address>0x3da9</run_address>
         <size>0x191</size>
         <input_file_ref idref="fl-38"/>
      </object_component>
      <object_component id="oc-cf">
         <name>.debug_types</name>
         <load_address>0x3f3a</load_address>
         <run_address>0x3f3a</run_address>
         <size>0x90</size>
         <input_file_ref idref="fl-39"/>
      </object_component>
      <object_component id="oc-116">
         <name>.debug_types</name>
         <load_address>0x3fca</load_address>
         <run_address>0x3fca</run_address>
         <size>0x2f</size>
         <input_file_ref idref="fl-3a"/>
      </object_component>
      <object_component id="oc-38c">
         <name>.debug_types</name>
         <load_address>0x3ff9</load_address>
         <run_address>0x3ff9</run_address>
         <size>0x61</size>
         <input_file_ref idref="fl-3b"/>
      </object_component>
      <object_component id="oc-c7">
         <name>.debug_types</name>
         <load_address>0x405a</load_address>
         <run_address>0x405a</run_address>
         <size>0xb6</size>
         <input_file_ref idref="fl-3c"/>
      </object_component>
      <object_component id="oc-2a1">
         <name>.debug_types</name>
         <load_address>0x4110</load_address>
         <run_address>0x4110</run_address>
         <size>0x34</size>
         <input_file_ref idref="fl-3d"/>
      </object_component>
      <object_component id="oc-377">
         <name>.debug_types</name>
         <load_address>0x0</load_address>
         <run_address>0x0</run_address>
         <size>0x0</size>
         <input_file_ref idref="fl-3e"/>
      </object_component>
      <object_component id="oc-1c8">
         <name>.debug_types</name>
         <load_address>0x4144</load_address>
         <run_address>0x4144</run_address>
         <size>0x66</size>
         <input_file_ref idref="fl-3f"/>
      </object_component>
      <object_component id="oc-299">
         <name>.debug_types</name>
         <load_address>0x0</load_address>
         <run_address>0x0</run_address>
         <size>0x0</size>
         <input_file_ref idref="fl-40"/>
      </object_component>
      <object_component id="oc-221">
         <name>.debug_types</name>
         <load_address>0x0</load_address>
         <run_address>0x0</run_address>
         <size>0x0</size>
         <input_file_ref idref="fl-41"/>
      </object_component>
      <object_component id="oc-54">
         <name>.debug_types</name>
         <load_address>0x41aa</load_address>
         <run_address>0x41aa</run_address>
         <size>0x23d</size>
         <input_file_ref idref="fl-42"/>
      </object_component>
      <object_component id="oc-76">
         <name>.debug_types</name>
         <load_address>0x0</load_address>
         <run_address>0x0</run_address>
         <size>0x0</size>
         <input_file_ref idref="fl-43"/>
      </object_component>
      <object_component id="oc-3a7">
         <name>.debug_types</name>
         <load_address>0x0</load_address>
         <run_address>0x0</run_address>
         <size>0x0</size>
         <input_file_ref idref="fl-44"/>
      </object_component>
      <object_component id="oc-297">
         <name>.debug_types</name>
         <load_address>0x43e7</load_address>
         <run_address>0x43e7</run_address>
         <size>0x34</size>
         <input_file_ref idref="fl-45"/>
      </object_component>
      <object_component id="oc-21f">
         <name>.debug_types</name>
         <load_address>0x0</load_address>
         <run_address>0x0</run_address>
         <size>0x0</size>
         <input_file_ref idref="fl-46"/>
      </object_component>
      <object_component id="oc-21a">
         <name>.debug_types</name>
         <load_address>0x441b</load_address>
         <run_address>0x441b</run_address>
         <size>0x575</size>
         <input_file_ref idref="fl-47"/>
      </object_component>
      <object_component id="oc-28c">
         <name>.debug_types</name>
         <load_address>0x4990</load_address>
         <run_address>0x4990</run_address>
         <size>0x32</size>
         <input_file_ref idref="fl-48"/>
      </object_component>
      <object_component id="oc-2a9">
         <name>.debug_types</name>
         <load_address>0x0</load_address>
         <run_address>0x0</run_address>
         <size>0x0</size>
         <input_file_ref idref="fl-49"/>
      </object_component>
      <object_component id="oc-399">
         <name>.debug_types</name>
         <load_address>0x49c2</load_address>
         <run_address>0x49c2</run_address>
         <size>0x2f</size>
         <input_file_ref idref="fl-4a"/>
      </object_component>
      <object_component id="oc-3a4">
         <name>.debug_types</name>
         <load_address>0x0</load_address>
         <run_address>0x0</run_address>
         <size>0x0</size>
         <input_file_ref idref="fl-4b"/>
      </object_component>
      <object_component id="oc-215">
         <name>.debug_types</name>
         <load_address>0x0</load_address>
         <run_address>0x0</run_address>
         <size>0x0</size>
         <input_file_ref idref="fl-4c"/>
      </object_component>
      <object_component id="oc-33c">
         <name>.debug_types</name>
         <load_address>0x0</load_address>
         <run_address>0x0</run_address>
         <size>0x0</size>
         <input_file_ref idref="fl-4d"/>
      </object_component>
      <object_component id="oc-270">
         <name>.debug_types</name>
         <load_address>0x0</load_address>
         <run_address>0x0</run_address>
         <size>0x0</size>
         <input_file_ref idref="fl-4e"/>
      </object_component>
      <object_component id="oc-407">
         <name>.debug_types</name>
         <load_address>0x0</load_address>
         <run_address>0x0</run_address>
         <size>0x0</size>
         <input_file_ref idref="fl-4f"/>
      </object_component>
      <object_component id="oc-11b">
         <name>.debug_types</name>
         <load_address>0x0</load_address>
         <run_address>0x0</run_address>
         <size>0x0</size>
         <input_file_ref idref="fl-53"/>
      </object_component>
      <object_component id="oc-3ec">
         <name>.debug_types</name>
         <load_address>0x49f1</load_address>
         <run_address>0x49f1</run_address>
         <size>0x32</size>
         <input_file_ref idref="fl-54"/>
      </object_component>
      <object_component id="oc-3f2">
         <name>.debug_types</name>
         <load_address>0x4a23</load_address>
         <run_address>0x4a23</run_address>
         <size>0x2f</size>
         <input_file_ref idref="fl-55"/>
      </object_component>
      <object_component id="oc-3ea">
         <name>.debug_types</name>
         <load_address>0x0</load_address>
         <run_address>0x0</run_address>
         <size>0x0</size>
         <input_file_ref idref="fl-56"/>
      </object_component>
      <object_component id="oc-3ee">
         <name>.debug_types</name>
         <load_address>0x0</load_address>
         <run_address>0x0</run_address>
         <size>0x0</size>
         <input_file_ref idref="fl-57"/>
      </object_component>
      <object_component id="oc-3f6">
         <name>.debug_types</name>
         <load_address>0x0</load_address>
         <run_address>0x0</run_address>
         <size>0x0</size>
         <input_file_ref idref="fl-58"/>
      </object_component>
      <object_component id="oc-3f4">
         <name>.debug_types</name>
         <load_address>0x0</load_address>
         <run_address>0x0</run_address>
         <size>0x0</size>
         <input_file_ref idref="fl-59"/>
      </object_component>
      <object_component id="oc-3f0">
         <name>.debug_types</name>
         <load_address>0x0</load_address>
         <run_address>0x0</run_address>
         <size>0x0</size>
         <input_file_ref idref="fl-5a"/>
      </object_component>
      <object_component id="oc-430">
         <name>.debug_types</name>
         <load_address>0x4a52</load_address>
         <run_address>0x4a52</run_address>
         <size>0x63</size>
         <input_file_ref idref="fl-5b"/>
      </object_component>
      <object_component id="oc-3cb">
         <name>.debug_types</name>
         <load_address>0x4ab5</load_address>
         <run_address>0x4ab5</run_address>
         <size>0x56</size>
         <input_file_ref idref="fl-5c"/>
      </object_component>
      <object_component id="oc-323">
         <name>.debug_types</name>
         <load_address>0x0</load_address>
         <run_address>0x0</run_address>
         <size>0x0</size>
         <input_file_ref idref="fl-5d"/>
      </object_component>
      <object_component id="oc-3dc">
         <name>.debug_types</name>
         <load_address>0x0</load_address>
         <run_address>0x0</run_address>
         <size>0x0</size>
         <input_file_ref idref="fl-5e"/>
      </object_component>
      <object_component id="oc-41d">
         <name>.debug_types</name>
         <load_address>0x4b0b</load_address>
         <run_address>0x4b0b</run_address>
         <size>0x2f</size>
         <input_file_ref idref="fl-5f"/>
      </object_component>
      <object_component id="oc-44a">
         <name>.debug_types</name>
         <load_address>0x0</load_address>
         <run_address>0x0</run_address>
         <size>0x0</size>
         <input_file_ref idref="fl-60"/>
      </object_component>
      <object_component id="oc-44c">
         <name>.debug_types</name>
         <load_address>0x0</load_address>
         <run_address>0x0</run_address>
         <size>0x0</size>
         <input_file_ref idref="fl-61"/>
      </object_component>
      <object_component id="oc-422">
         <name>.debug_types</name>
         <load_address>0x0</load_address>
         <run_address>0x0</run_address>
         <size>0x0</size>
         <input_file_ref idref="fl-63"/>
      </object_component>
      <object_component id="oc-426">
         <name>.debug_types</name>
         <load_address>0x0</load_address>
         <run_address>0x0</run_address>
         <size>0x0</size>
         <input_file_ref idref="fl-64"/>
      </object_component>
      <object_component id="oc-135">
         <name>.debug_info</name>
         <load_address>0x0</load_address>
         <run_address>0x0</run_address>
         <size>0x1a2</size>
         <input_file_ref idref="fl-4"/>
      </object_component>
      <object_component id="oc-138">
         <name>.debug_info</name>
         <load_address>0x1a2</load_address>
         <run_address>0x1a2</run_address>
         <size>0xe2</size>
         <input_file_ref idref="fl-4"/>
      </object_component>
      <object_component id="oc-eb">
         <name>.debug_info</name>
         <load_address>0x284</load_address>
         <run_address>0x284</run_address>
         <size>0xf4b</size>
         <input_file_ref idref="fl-4"/>
      </object_component>
      <object_component id="oc-105">
         <name>.debug_info</name>
         <load_address>0x11cf</load_address>
         <run_address>0x11cf</run_address>
         <size>0x1c7</size>
         <input_file_ref idref="fl-5"/>
      </object_component>
      <object_component id="oc-ef">
         <name>.debug_info</name>
         <load_address>0x1396</load_address>
         <run_address>0x1396</run_address>
         <size>0xe3</size>
         <input_file_ref idref="fl-5"/>
      </object_component>
      <object_component id="oc-c1">
         <name>.debug_info</name>
         <load_address>0x1479</load_address>
         <run_address>0x1479</run_address>
         <size>0x1f1</size>
         <input_file_ref idref="fl-5"/>
      </object_component>
      <object_component id="oc-f5">
         <name>.debug_info</name>
         <load_address>0x166a</load_address>
         <run_address>0x166a</run_address>
         <size>0x28f</size>
         <input_file_ref idref="fl-6"/>
      </object_component>
      <object_component id="oc-2f">
         <name>.debug_info</name>
         <load_address>0x18f9</load_address>
         <run_address>0x18f9</run_address>
         <size>0x111</size>
         <input_file_ref idref="fl-7"/>
      </object_component>
      <object_component id="oc-4e">
         <name>.debug_info</name>
         <load_address>0x1a0a</load_address>
         <run_address>0x1a0a</run_address>
         <size>0x112</size>
         <input_file_ref idref="fl-7"/>
      </object_component>
      <object_component id="oc-18b">
         <name>.debug_info</name>
         <load_address>0x1b1c</load_address>
         <run_address>0x1b1c</run_address>
         <size>0x15c</size>
         <input_file_ref idref="fl-8"/>
      </object_component>
      <object_component id="oc-125">
         <name>.debug_info</name>
         <load_address>0x1c78</load_address>
         <run_address>0x1c78</run_address>
         <size>0x1cbb</size>
         <input_file_ref idref="fl-8"/>
      </object_component>
      <object_component id="oc-192">
         <name>.debug_info</name>
         <load_address>0x3933</load_address>
         <run_address>0x3933</run_address>
         <size>0x205</size>
         <input_file_ref idref="fl-11"/>
      </object_component>
      <object_component id="oc-12f">
         <name>.debug_info</name>
         <load_address>0x3b38</load_address>
         <run_address>0x3b38</run_address>
         <size>0x27d</size>
         <input_file_ref idref="fl-11"/>
      </object_component>
      <object_component id="oc-17f">
         <name>.debug_info</name>
         <load_address>0x3db5</load_address>
         <run_address>0x3db5</run_address>
         <size>0x2ae</size>
         <input_file_ref idref="fl-11"/>
      </object_component>
      <object_component id="oc-185">
         <name>.debug_info</name>
         <load_address>0x4063</load_address>
         <run_address>0x4063</run_address>
         <size>0x296</size>
         <input_file_ref idref="fl-11"/>
      </object_component>
      <object_component id="oc-129">
         <name>.debug_info</name>
         <load_address>0x42f9</load_address>
         <run_address>0x42f9</run_address>
         <size>0x24f</size>
         <input_file_ref idref="fl-11"/>
      </object_component>
      <object_component id="oc-1f0">
         <name>.debug_info</name>
         <load_address>0x4548</load_address>
         <run_address>0x4548</run_address>
         <size>0x1f2</size>
         <input_file_ref idref="fl-12"/>
      </object_component>
      <object_component id="oc-1e4">
         <name>.debug_info</name>
         <load_address>0x473a</load_address>
         <run_address>0x473a</run_address>
         <size>0x20e</size>
         <input_file_ref idref="fl-12"/>
      </object_component>
      <object_component id="oc-31c">
         <name>.debug_info</name>
         <load_address>0x4948</load_address>
         <run_address>0x4948</run_address>
         <size>0x1e4</size>
         <input_file_ref idref="fl-12"/>
      </object_component>
      <object_component id="oc-3a9">
         <name>.debug_info</name>
         <load_address>0x4b2c</load_address>
         <run_address>0x4b2c</run_address>
         <size>0x217</size>
         <input_file_ref idref="fl-12"/>
      </object_component>
      <object_component id="oc-30a">
         <name>.debug_info</name>
         <load_address>0x4d43</load_address>
         <run_address>0x4d43</run_address>
         <size>0x244</size>
         <input_file_ref idref="fl-12"/>
      </object_component>
      <object_component id="oc-2f2">
         <name>.debug_info</name>
         <load_address>0x4f87</load_address>
         <run_address>0x4f87</run_address>
         <size>0x242</size>
         <input_file_ref idref="fl-12"/>
      </object_component>
      <object_component id="oc-2f8">
         <name>.debug_info</name>
         <load_address>0x51c9</load_address>
         <run_address>0x51c9</run_address>
         <size>0x24a</size>
         <input_file_ref idref="fl-12"/>
      </object_component>
      <object_component id="oc-310">
         <name>.debug_info</name>
         <load_address>0x5413</load_address>
         <run_address>0x5413</run_address>
         <size>0x24d</size>
         <input_file_ref idref="fl-12"/>
      </object_component>
      <object_component id="oc-2ff">
         <name>.debug_info</name>
         <load_address>0x5660</load_address>
         <run_address>0x5660</run_address>
         <size>0x24e</size>
         <input_file_ref idref="fl-12"/>
      </object_component>
      <object_component id="oc-3b7">
         <name>.debug_info</name>
         <load_address>0x58ae</load_address>
         <run_address>0x58ae</run_address>
         <size>0x258</size>
         <input_file_ref idref="fl-12"/>
      </object_component>
      <object_component id="oc-304">
         <name>.debug_info</name>
         <load_address>0x5b06</load_address>
         <run_address>0x5b06</run_address>
         <size>0x27c</size>
         <input_file_ref idref="fl-12"/>
      </object_component>
      <object_component id="oc-316">
         <name>.debug_info</name>
         <load_address>0x5d82</load_address>
         <run_address>0x5d82</run_address>
         <size>0x241</size>
         <input_file_ref idref="fl-12"/>
      </object_component>
      <object_component id="oc-173">
         <name>.debug_info</name>
         <load_address>0x5fc3</load_address>
         <run_address>0x5fc3</run_address>
         <size>0x277</size>
         <input_file_ref idref="fl-12"/>
      </object_component>
      <object_component id="oc-16d">
         <name>.debug_info</name>
         <load_address>0x623a</load_address>
         <run_address>0x623a</run_address>
         <size>0x519</size>
         <input_file_ref idref="fl-12"/>
      </object_component>
      <object_component id="oc-264">
         <name>.debug_info</name>
         <load_address>0x6753</load_address>
         <run_address>0x6753</run_address>
         <size>0x3ba</size>
         <input_file_ref idref="fl-12"/>
      </object_component>
      <object_component id="oc-1ec">
         <name>.debug_info</name>
         <load_address>0x6b0d</load_address>
         <run_address>0x6b0d</run_address>
         <size>0x243</size>
         <input_file_ref idref="fl-12"/>
      </object_component>
      <object_component id="oc-17a">
         <name>.debug_info</name>
         <load_address>0x6d50</load_address>
         <run_address>0x6d50</run_address>
         <size>0x251</size>
         <input_file_ref idref="fl-12"/>
      </object_component>
      <object_component id="oc-166">
         <name>.debug_info</name>
         <load_address>0x6fa1</load_address>
         <run_address>0x6fa1</run_address>
         <size>0x241</size>
         <input_file_ref idref="fl-12"/>
      </object_component>
      <object_component id="oc-f9">
         <name>.debug_info</name>
         <load_address>0x71e2</load_address>
         <run_address>0x71e2</run_address>
         <size>0x253</size>
         <input_file_ref idref="fl-1e"/>
      </object_component>
      <object_component id="oc-1d7">
         <name>.debug_info</name>
         <load_address>0x7435</load_address>
         <run_address>0x7435</run_address>
         <size>0xd10</size>
         <input_file_ref idref="fl-1f"/>
      </object_component>
      <object_component id="oc-257">
         <name>.debug_info</name>
         <load_address>0x8145</load_address>
         <run_address>0x8145</run_address>
         <size>0x1363</size>
         <input_file_ref idref="fl-1f"/>
      </object_component>
      <object_component id="oc-141">
         <name>.debug_info</name>
         <load_address>0x94a8</load_address>
         <run_address>0x94a8</run_address>
         <size>0x210</size>
         <input_file_ref idref="fl-20"/>
      </object_component>
      <object_component id="oc-14a">
         <name>.debug_info</name>
         <load_address>0x96b8</load_address>
         <run_address>0x96b8</run_address>
         <size>0x2e9</size>
         <input_file_ref idref="fl-21"/>
      </object_component>
      <object_component id="oc-1a4">
         <name>.debug_info</name>
         <load_address>0x99a1</load_address>
         <run_address>0x99a1</run_address>
         <size>0x1fd</size>
         <input_file_ref idref="fl-22"/>
      </object_component>
      <object_component id="oc-20d">
         <name>.debug_info</name>
         <load_address>0x9b9e</load_address>
         <run_address>0x9b9e</run_address>
         <size>0x1d4</size>
         <input_file_ref idref="fl-23"/>
      </object_component>
      <object_component id="oc-24d">
         <name>.debug_info</name>
         <load_address>0x9d72</load_address>
         <run_address>0x9d72</run_address>
         <size>0x144</size>
         <input_file_ref idref="fl-24"/>
      </object_component>
      <object_component id="oc-67">
         <name>.debug_info</name>
         <load_address>0x9eb6</load_address>
         <run_address>0x9eb6</run_address>
         <size>0x140</size>
         <input_file_ref idref="fl-25"/>
      </object_component>
      <object_component id="oc-2ac">
         <name>.debug_info</name>
         <load_address>0x9ff6</load_address>
         <run_address>0x9ff6</run_address>
         <size>0x119</size>
         <input_file_ref idref="fl-26"/>
      </object_component>
      <object_component id="oc-2bc">
         <name>.debug_info</name>
         <load_address>0xa10f</load_address>
         <run_address>0xa10f</run_address>
         <size>0x10f</size>
         <input_file_ref idref="fl-27"/>
      </object_component>
      <object_component id="oc-2b1">
         <name>.debug_info</name>
         <load_address>0xa21e</load_address>
[...]
         <value>0x123</value>
         <object_component_ref idref="oc-fe"/>
      </symbol>
      <symbol id="sm-210">
         <name>SysCtl_getDeviceParametric</name>
         <value>0x9953</value>
         <object_component_ref idref="oc-165"/>
      </symbol>
      <symbol id="sm-211">
         <name>SysCtl_selectXTAL</name>
         <value>0x9541</value>
         <object_component_ref idref="oc-261"/>
      </symbol>
      <symbol id="sm-212">
         <name>SysCtl_selectOscSource</name>
         <value>0x9c2d</value>
         <object_component_ref idref="oc-1e9"/>
      </symbol>
      <symbol id="sm-213">
         <name>SysCtl_getLowSpeedClock</name>
         <value>0xa113</value>
         <object_component_ref idref="oc-178"/>
      </symbol>
      <symbol id="sm-214">
         <name>SysCtl_setClock</name>
         <value>0x9000</value>
         <object_component_ref idref="oc-16b"/>
      </symbol>
      <symbol id="sm-215">
         <name>SysCtl_getClock</name>
         <value>0x9b8b</value>
         <object_component_ref idref="oc-171"/>
      </symbol>
      <symbol id="sm-226">
         <name>printf</name>
         <value>0x9e46</value>
         <object_component_ref idref="oc-f8"/>
      </symbol>
      <symbol id="sm-38e">
         <name>__TI_printfi</name>
         <value>0x848f</value>
         <object_component_ref idref="oc-1d5"/>
      </symbol>
      <symbol id="sm-3a2">
         <name>putc</name>
         <value>0x9b38</value>
         <object_component_ref idref="oc-140"/>
      </symbol>
      <symbol id="sm-3a3">
         <name>fputc</name>
         <value>0x9b38</value>
         <object_component_ref idref="oc-140"/>
      </symbol>
      <symbol id="sm-3a4">
         <name>putchar</name>
         <value>0x9b86</value>
         <object_component_ref idref="oc-140"/>
      </symbol>
      <symbol id="sm-3c1">
         <name>puts</name>
         <value>0x8fd3</value>
         <object_component_ref idref="oc-146"/>
      </symbol>
      <symbol id="sm-3c2">
         <name>fputs</name>
         <value>0x8f3e</value>
         <object_component_ref idref="oc-146"/>
      </symbol>
      <symbol id="sm-3da">
         <name>__TI_wrt_ok</name>
         <value>0x99bb</value>
         <object_component_ref idref="oc-1a3"/>
      </symbol>
      <symbol id="sm-3db">
         <name>__TI_rd_ok</name>
         <value>0x99f5</value>
         <object_component_ref idref="oc-1a3"/>
      </symbol>
      <symbol id="sm-3f3">
         <name>setvbuf</name>
         <value>0x9767</value>
         <object_component_ref idref="oc-209"/>
      </symbol>
      <symbol id="sm-402">
         <name>wcslen</name>
         <value>0xa293</value>
         <object_component_ref idref="oc-24c"/>
      </symbol>
      <symbol id="sm-40c">
         <name>_c_int00</name>
         <value>0xa1a6</value>
         <object_component_ref idref="oc-66"/>
      </symbol>
      <symbol id="sm-40d">
         <name>__stack</name>
         <value>0x400</value>
         <object_component_ref idref="oc-32"/>
      </symbol>
      <symbol id="sm-419">
         <name>__c28xabi_cmpd</name>
         <value>0x9f64</value>
         <object_component_ref idref="oc-2ab"/>
      </symbol>
      <symbol id="sm-427">
         <name>__c28xabi_mpyd</name>
         <value>0x96e4</value>
         <object_component_ref idref="oc-2ba"/>
      </symbol>
      <symbol id="sm-430">
         <name>__c28xabi_negd</name>
         <value>0xa2ba</value>
         <object_component_ref idref="oc-2b0"/>
      </symbol>
      <symbol id="sm-438">
         <name>__c28xabi_subd</name>
         <value>0xa248</value>
         <object_component_ref idref="oc-2cf"/>
      </symbol>
      <symbol id="sm-443">
         <name>__c28xabi_dtoi</name>
         <value>0xa099</value>
         <object_component_ref idref="oc-2d4"/>
      </symbol>
      <symbol id="sm-44e">
         <name>__c28xabi_dtol</name>
         <value>0xa0ba</value>
         <object_component_ref idref="oc-2bf"/>
      </symbol>
      <symbol id="sm-45b">
         <name>__c28xabi_divf</name>
         <value>0x965c</value>
         <object_component_ref idref="oc-ff"/>
      </symbol>
      <symbol id="sm-463">
         <name>__c28xabi_orll</name>
         <value>0xa167</value>
         <object_component_ref idref="oc-247"/>
      </symbol>
      <symbol id="sm-464">
         <name>__c28xabi_xorll</name>
         <value>0xa16f</value>
         <object_component_ref idref="oc-247"/>
      </symbol>
      <symbol id="sm-465">
         <name>__c28xabi_andll</name>
         <value>0xa15f</value>
         <object_component_ref idref="oc-247"/>
      </symbol>
      <symbol id="sm-46f">
         <name>__c28xabi_cmpll</name>
         <value>0xa0d9</value>
         <object_component_ref idref="oc-23d"/>
      </symbol>
      <symbol id="sm-470">
         <name>__c28xabi_cmpull</name>
         <value>0xa0eb</value>
         <object_component_ref idref="oc-23d"/>
      </symbol>
      <symbol id="sm-497">
         <name>__c28xabi_modull</name>
         <value>0x86b9</value>
         <object_component_ref idref="oc-242"/>
      </symbol>
      <symbol id="sm-498">
         <name>__c28xabi_divull</name>
         <value>0x868a</value>
         <object_component_ref idref="oc-242"/>
      </symbol>
      <symbol id="sm-499">
         <name>__c28xabi_divll</name>
         <value>0x8614</value>
         <object_component_ref idref="oc-242"/>
      </symbol>
      <symbol id="sm-49a">
         <name>__c28xabi_modll</name>
         <value>0x8650</value>
         <object_component_ref idref="oc-242"/>
      </symbol>
      <symbol id="sm-4a6">
         <name>__c28xabi_itod</name>
         <value>0xb7e3</value>
         <object_component_ref idref="oc-2e5"/>
      </symbol>
      <symbol id="sm-4b2">
         <name>__c28xabi_ltod</name>
         <value>0xa0f7</value>
         <object_component_ref idref="oc-2ca"/>
      </symbol>
      <symbol id="sm-4c5">
         <name>__c28xabi_divd</name>
         <value>0x95d1</value>
         <object_component_ref idref="oc-2b5"/>
      </symbol>
      <symbol id="sm-4d7">
         <name>memcpy</name>
         <value>0x97e3</value>
         <object_component_ref idref="oc-38"/>
      </symbol>
      <symbol id="sm-4e4">
         <name>_system_pre_init</name>
         <value>0xa2ee</value>
         <object_component_ref idref="oc-77"/>
      </symbol>
      <symbol id="sm-4f3">
         <name>__TI_auto_init_nobinit_nopinit</name>
         <value>0x9f39</value>
         <object_component_ref idref="oc-90"/>
      </symbol>
      <symbol id="sm-502">
         <name>__TI_zero_init_nomemset</name>
         <value>0xa256</value>
         <object_component_ref idref="oc-40"/>
      </symbol>
      <symbol id="sm-50f">
         <name>__TI_decompress_none</name>
         <value>0xa2cb</value>
         <object_component_ref idref="oc-26"/>
      </symbol>
      <symbol id="sm-523">
         <name>__TI_decompress_lzss</name>
         <value>0x87d2</value>
         <object_component_ref idref="oc-20"/>
      </symbol>
      <symbol id="sm-539">
         <name>C$$EXIT</name>
         <value>0x9fb8</value>
         <object_component_ref idref="oc-84"/>
      </symbol>
      <symbol id="sm-53a">
         <name>abort</name>
         <value>0x9fb8</value>
         <object_component_ref idref="oc-84"/>
      </symbol>
      <symbol id="sm-53b">
         <name>exit</name>
         <value>0x9fba</value>
         <object_component_ref idref="oc-84"/>
      </symbol>
      <symbol id="sm-53c">
         <name>__TI_dtors_ptr</name>
         <value>0xd6d2</value>
         <object_component_ref idref="oc-c8"/>
      </symbol>
      <symbol id="sm-53d">
         <name>__TI_cleanup_ptr</name>
         <value>0xd6d0</value>
         <object_component_ref idref="oc-c8"/>
      </symbol>
      <symbol id="sm-53e">
         <name>__TI_enable_exit_profile_output</name>
         <value>0xd6ce</value>
         <object_component_ref idref="oc-c8"/>
      </symbol>
      <symbol id="sm-555">
         <name>_nop</name>
         <value>0xa2b9</value>
         <object_component_ref idref="oc-10e"/>
      </symbol>
      <symbol id="sm-556">
         <name>_lock</name>
         <value>0xd6be</value>
         <object_component_ref idref="oc-cb"/>
      </symbol>
      <symbol id="sm-557">
         <name>_unlock</name>
         <value>0xd6d4</value>
         <object_component_ref idref="oc-150"/>
      </symbol>
      <symbol id="sm-558">
         <name>_register_lock</name>
         <value>0xa2b5</value>
         <object_component_ref idref="oc-10e"/>
      </symbol>
      <symbol id="sm-559">
         <name>_register_unlock</name>
         <value>0xa2b1</value>
         <object_component_ref idref="oc-10e"/>
      </symbol>
      <symbol id="sm-568">
         <name>__TI_ltoa</name>
         <value>0x9f09</value>
         <object_component_ref idref="oc-2c4"/>
      </symbol>
      <symbol id="sm-577">
         <name>_args_main</name>
         <value>0xa270</value>
         <object_component_ref idref="oc-7e"/>
      </symbol>
      <symbol id="sm-58c">
         <name>atoi</name>
         <value>0x9ed8</value>
         <object_component_ref idref="oc-237"/>
      </symbol>
      <symbol id="sm-597">
         <name>_ctypes_</name>
         <value>0xa800</value>
         <object_component_ref idref="oc-29d"/>
      </symbol>
      <symbol id="sm-5ac">
         <name>__TI_tmpnams</name>
         <value>0xd520</value>
         <object_component_ref idref="oc-3d2"/>
      </symbol>
      <symbol id="sm-5ad">
         <name>_ftable</name>
         <value>0xd5ca</value>
         <object_component_ref idref="oc-14c"/>
      </symbol>
      <symbol id="sm-5ae">
         <name>__TI_ft_end</name>
         <value>0xd6d6</value>
         <object_component_ref idref="oc-211"/>
      </symbol>
      <symbol id="sm-5be">
         <name>memccpy</name>
         <value>0xa21b</value>
         <object_component_ref idref="oc-22f"/>
      </symbol>
      <symbol id="sm-5ce">
         <name>memchr</name>
         <value>0xa263</value>
         <object_component_ref idref="oc-1bd"/>
      </symbol>
      <symbol id="sm-635">
         <name>_sys_memory</name>
         <value>0xd000</value>
         <object_component_ref idref="oc-33"/>
      </symbol>
      <symbol id="sm-636">
         <name>free</name>
         <value>0x8c28</value>
         <object_component_ref idref="oc-271"/>
      </symbol>
      <symbol id="sm-637">
         <name>__TI_heap_total_available</name>
         <value>0x8e55</value>
         <object_component_ref idref="oc-271"/>
      </symbol>
      <symbol id="sm-638">
         <name>__TI_heap_largest_available</name>
         <value>0x8e74</value>
         <object_component_ref idref="oc-271"/>
      </symbol>
      <symbol id="sm-639">
         <name>realloc</name>
         <value>0x8cf2</value>
         <object_component_ref idref="oc-271"/>
      </symbol>
      <symbol id="sm-63a">
         <name>memalign</name>
         <value>0x8da7</value>
         <object_component_ref idref="oc-271"/>
      </symbol>
      <symbol id="sm-63b">
         <name>calloc</name>
         <value>0x8d7a</value>
         <object_component_ref idref="oc-271"/>
      </symbol>
      <symbol id="sm-63c">
         <name>malloc</name>
         <value>0x8bfd</value>
         <object_component_ref idref="oc-271"/>
      </symbol>
      <symbol id="sm-63d">
         <name>__TI_heap_check</name>
         <value>0x8e93</value>
         <object_component_ref idref="oc-271"/>
      </symbol>
      <symbol id="sm-63e">
         <name>aligned_alloc</name>
         <value>0x8da7</value>
         <object_component_ref idref="oc-271"/>
      </symbol>
      <symbol id="sm-63f">
         <name>minit</name>
         <value>0x8d76</value>
         <object_component_ref idref="oc-271"/>
      </symbol>
      <symbol id="sm-64e">
         <name>memset</name>
         <value>0xa2e2</value>
         <object_component_ref idref="oc-5f"/>
      </symbol>
      <symbol id="sm-65e">
         <name>strchr</name>
         <value>0xa27c</value>
         <object_component_ref idref="oc-2ea"/>
      </symbol>
      <symbol id="sm-66c">
         <name>strcpy</name>
         <value>0xa2e9</value>
         <object_component_ref idref="oc-229"/>
      </symbol>
      <symbol id="sm-67a">
         <name>strlen</name>
         <value>0xa2d3</value>
         <object_component_ref idref="oc-1b7"/>
      </symbol>
      <symbol id="sm-688">
         <name>write</name>
         <value>0xa146</value>
         <object_component_ref idref="oc-1af"/>
      </symbol>
      <symbol id="sm-698">
         <name>_stream</name>
         <value>0xd68a</value>
         <object_component_ref idref="oc-216"/>
      </symbol>
      <symbol id="sm-699">
         <name>_device</name>
         <value>0xd642</value>
         <object_component_ref idref="oc-287"/>
      </symbol>
      <symbol id="sm-6a4">
         <name>errno</name>
         <value>0xd6d7</value>
         <object_component_ref idref="oc-252"/>
      </symbol>
      <symbol id="sm-6bb">
         <name>frexpl</name>
         <value>0x9ade</value>
         <object_component_ref idref="oc-2d9"/>
      </symbol>
      <symbol id="sm-6bc">
         <name>frexp</name>
         <value>0x9ade</value>
         <object_component_ref idref="oc-2d9"/>
      </symbol>
      <symbol id="sm-6de">
         <name>scalbn</name>
         <value>0x8e95</value>
         <object_component_ref idref="oc-2df"/>
      </symbol>
      <symbol id="sm-6df">
         <name>scalbnl</name>
         <value>0x8e95</value>
         <object_component_ref idref="oc-2df"/>
      </symbol>
      <symbol id="sm-6e0">
         <name>ldexpl</name>
         <value>0x8e95</value>
         <object_component_ref idref="oc-2df"/>
      </symbol>
      <symbol id="sm-6e1">
         <name>ldexp</name>
         <value>0x8e95</value>
         <object_component_ref idref="oc-2df"/>
      </symbol>
      <symbol id="sm-6f8">
         <name>__TI_doflush</name>
         <value>0x9800</value>
         <object_component_ref idref="oc-1a9"/>
      </symbol>
      <symbol id="sm-6f9">
         <name>fflush</name>
         <value>0x982f</value>
         <object_component_ref idref="oc-1a9"/>
      </symbol>
      <symbol id="sm-732">
         <name>__TI_cleanup</name>
         <value>0xb761</value>
         <object_component_ref idref="oc-277"/>
      </symbol>
      <symbol id="sm-733">
         <name>freopen</name>
         <value>0xb77e</value>
         <object_component_ref idref="oc-277"/>
      </symbol>
      <symbol id="sm-734">
         <name>fopen</name>
         <value>0xb79c</value>
         <object_component_ref idref="oc-277"/>
      </symbol>
      <symbol id="sm-745">
         <name>fseeko</name>
         <value>0x9cb3</value>
         <object_component_ref idref="oc-203"/>
      </symbol>
      <symbol id="sm-746">
         <name>fseek</name>
         <value>0x9cb3</value>
         <object_component_ref idref="oc-203"/>
      </symbol>
      <symbol id="sm-754">
         <name>copysign</name>
         <value>0xa075</value>
         <object_component_ref idref="oc-39d"/>
      </symbol>
      <symbol id="sm-755">
         <name>copysignl</name>
         <value>0xa075</value>
         <object_component_ref idref="oc-39d"/>
      </symbol>
      <symbol id="sm-76c">
         <name>__c28xabi_addd</name>
         <value>0x9410</value>
         <object_component_ref idref="oc-38e"/>
      </symbol>
      <symbol id="sm-774">
         <name>__c28xabi_divul</name>
         <value>0x9fab</value>
         <object_component_ref idref="oc-386"/>
      </symbol>
      <symbol id="sm-775">
         <name>__c28xabi_modul</name>
         <value>0x9fb2</value>
         <object_component_ref idref="oc-386"/>
      </symbol>
      <symbol id="sm-776">
         <name>__c28xabi_modl</name>
         <value>0x9f9d</value>
         <object_component_ref idref="oc-386"/>
      </symbol>
      <symbol id="sm-777">
         <name>__c28xabi_divl</name>
         <value>0x9f8e</value>
         <object_component_ref idref="oc-386"/>
      </symbol>
      <symbol id="sm-785">
         <name>_system_post_cinit</name>
         <value>0xa2f0</value>
         <object_component_ref idref="oc-d3"/>
      </symbol>
      <symbol id="sm-792">
         <name>HOSTclose</name>
         <value>0xa000</value>
         <object_component_ref idref="oc-346"/>
      </symbol>
      <symbol id="sm-79f">
         <name>HOSTlseek</name>
         <value>0x9a20</value>
         <object_component_ref idref="oc-358"/>
      </symbol>
      <symbol id="sm-7b2">
         <name>parmbuf</name>
         <value>0xd5c0</value>
         <object_component_ref idref="oc-3e0"/>
      </symbol>
      <symbol id="sm-7b3">
         <name>HOSTopen</name>
         <value>0x9cf0</value>
         <object_component_ref idref="oc-340"/>
      </symbol>
      <symbol id="sm-7c1">
         <name>HOSTread</name>
         <value>0x9d63</value>
         <object_component_ref idref="oc-34c"/>
      </symbol>
      <symbol id="sm-7ce">
         <name>HOSTrename</name>
         <value>0x9c75</value>
         <object_component_ref idref="oc-364"/>
      </symbol>
      <symbol id="sm-7db">
         <name>HOSTunlink</name>
         <value>0xa051</value>
         <object_component_ref idref="oc-35e"/>
      </symbol>
      <symbol id="sm-7e9">
         <name>HOSTwrite</name>
         <value>0x9d2a</value>
         <object_component_ref idref="oc-352"/>
      </symbol>
      <symbol id="sm-806">
         <name>__TI_readmsg</name>
         <value>0x9504</value>
         <object_component_ref idref="oc-3e3"/>
      </symbol>
      <symbol id="sm-807">
         <name>C$$IO$$</name>
         <value>0x94ff</value>
         <object_component_ref idref="oc-3e3"/>
      </symbol>
      <symbol id="sm-808">
         <name>__CIOBUF_</name>
         <value>0xd400</value>
         <object_component_ref idref="oc-42c"/>
      </symbol>
      <symbol id="sm-809">
         <name>__TI_writemsg</name>
         <value>0x94ac</value>
         <object_component_ref idref="oc-3e3"/>
      </symbol>
      <symbol id="sm-822">
         <name>open</name>
         <value>0x9873</value>
         <object_component_ref idref="oc-32e"/>
      </symbol>
      <symbol id="sm-830">
         <name>lseek</name>
         <value>0xa177</value>
         <object_component_ref idref="oc-269"/>
      </symbol>
      <symbol id="sm-842">
         <name>__TI_closefile</name>
         <value>0x9a81</value>
         <object_component_ref idref="oc-334"/>
      </symbol>
      <symbol id="sm-843">
         <name>fclose</name>
         <value>0x9ac5</value>
         <object_component_ref idref="oc-334"/>
      </symbol>
      <symbol id="sm-855">
         <name>finddevice</name>
         <value>0x9bdc</value>
         <object_component_ref idref="oc-3c4"/>
      </symbol>
      <symbol id="sm-856">
         <name>getdevice</name>
         <value>0x9bf7</value>
         <object_component_ref idref="oc-3c4"/>
      </symbol>
      <symbol id="sm-865">
         <name>strcmp</name>
         <value>0xa29e</value>
         <object_component_ref idref="oc-410"/>
      </symbol>
      <symbol id="sm-876">
         <name>strncpy</name>
         <value>0xa1bd</value>
         <object_component_ref idref="oc-416"/>
      </symbol>
      <symbol id="sm-888">
         <name>close</name>
         <value>0x9e74</value>
         <object_component_ref idref="oc-3cc"/>
      </symbol>
      <symbol id="sm-895">
         <name>unlink</name>
         <value>0xa12d</value>
         <object_component_ref idref="oc-3d5"/>
      </symbol>
      <symbol id="sm-897">
         <name>__c_args__</name>
         <value>0x0</value>
      </symbol>
      <symbol id="sm-898">
         <name>remove</name>
         <value>0xa12d</value>
      </symbol>
   </symbol_table>
   <title>Link successful</title>
</link_info>
