******************************************************************************
             TMS320C2000 Linker PC v22.6.3                     
******************************************************************************
>> Linked Tue Mar 24 18:54:04 2026

OUTPUT FILE NAME:   <Voltage_waveform.out>
ENTRY POINT SYMBOL: "code_start"  address: 00000000


MEMORY CONFIGURATION

         name            origin    length      used     unused   attr    fill
----------------------  --------  ---------  --------  --------  ----  --------
PAGE 0:
  BEGIN                 00000000   00000002  00000002  00000000  RWIX
  RAMM0                 00000123   000002dd  00000046  00000297  RWIX
  RAMLS0                00008000   00000800  00000800  00000000  RWIX
  RAMLS1                00008800   00000800  00000800  00000000  RWIX
  RAMLS2                00009000   00000800  00000800  00000000  RWIX
  RAMLS3                00009800   00000800  00000800  00000000  RWIX
  RAMLS4                0000a000   00000800  000003f4  0000040c  RWIX
  RAMD0                 0000b000   00000800  00000800  00000000  RWIX
  FLASHA                00080002   00001ffe  00000000  00001ffe  RWIX
  FLASHB                00082000   00002000  00000000  00002000  RWIX
  FLASHC                00084000   00002000  00000000  00002000  RWIX
  FLASHD                00086000   00002000  00000000  00002000  RWIX
  FLASHE                00088000   00008000  00000000  00008000  RWIX
  FLASHF                00090000   00008000  00000000  00008000  RWIX
  FLASHG                00098000   00008000  00000000  00008000  RWIX
  FLASHH                000a0000   00008000  00000000  00008000  RWIX
  FLASHI                000a8000   00008000  00000000  00008000  RWIX
  FLASHJ                000b0000   00008000  00000000  00008000  RWIX
  FLASHK                000b8000   00002000  00000000  00002000  RWIX
  FLASHL                000ba000   00002000  00000000  00002000  RWIX
  FLASHM                000bc000   00002000  00000000  00002000  RWIX
  FLASHN                000be000   00001ff0  00000000  00001ff0  RWIX
  RESET                 003fffc0   00000002  00000000  00000002  RWIX

PAGE 1:
  BOOT_RSVD             00000002   00000121  00000000  00000121  RWIX
  RAMM1                 00000400   000003f8  00000000  000003f8  RWIX
  RAMLS5                0000a800   00000800  000003f8  00000408  RWIX
  RAMD1                 0000b800   00000800  00000000  00000800  RWIX
  RAMGS0                0000c000   00001000  000002cb  00000d35  RWIX
  RAMGS1                0000d000   00001000  00000400  00000c00  RWIX
  RAMGS2                0000e000   00001000  00000400  00000c00  RWIX
  RAMGS3                0000f000   00001000  00000000  00001000  RWIX
  RAMGS4                00010000   00001000  00000000  00001000  RWIX
  RAMGS5                00011000   00001000  00000000  00001000  RWIX
  RAMGS6                00012000   00001000  00000000  00001000  RWIX
  RAMGS7                00013000   00001000  00000000  00001000  RWIX
  RAMGS8                00014000   00001000  00000000  00001000  RWIX
  RAMGS9                00015000   00001000  00000000  00001000  RWIX
  RAMGS10               00016000   00001000  00000000  00001000  RWIX
  RAMGS11               00017000   00001000  00000000  00001000  RWIX
  RAMGS12               00018000   00001000  00000000  00001000  RWIX
  RAMGS13               00019000   00001000  00000000  00001000  RWIX
  RAMGS14               0001a000   00001000  00000000  00001000  RWIX
  RAMGS15               0001b000   00000ff8  00000000  00000ff8  RWIX
  CPU2TOCPU1RAM         0003f800   00000400  00000000  00000400  RWIX
  CPU1TOCPU2RAM         0003fc00   00000400  00000000  00000400  RWIX
  CANA_MSG_RAM          00049000   00000800  00000000  00000800  RWIX
  CANB_MSG_RAM          0004b000   00000800  00000000  00000800  RWIX


SECTION ALLOCATION MAP

 output                                  attributes/
section   page    origin      length       input sections
--------  ----  ----------  ----------   ----------------
codestart 
*          0    00000000    00000002     
                  00000000    00000002     F2837xD_CodeStartBranch.obj (codestart)

.cinit     0    00000128    00000042     
                  00000128    00000030     (.cinit..data.load) [load image, compression = lzss]
                  00000158    00000006     (__TI_handler_table)
                  0000015e    00000004     (.cinit..bss.load) [load image, compression = zero_init]
                  00000162    00000008     (__TI_cinit_table)

.reset     0    003fffc0    00000000     DSECT

.bss       1    0000c000    000001ca     UNINITIALIZED
                  0000c000    00000120     rts2800_fpu32_eabi.lib : trgmsg.c.obj (.bss:_CIOBUF_)
                  0000c120    000000a0                            : defs.c.obj (.bss:__TI_tmpnams)
                  0000c1c0    00000008                            : hostopen.c.obj (.bss:parmbuf)
                  0000c1c8    00000002                            : memory.c.obj (.bss)

.stack     1    0000e000    00000400     UNINITIALIZED
                  0000e000    00000400     --HOLE--

.init_array 
*          0    00000123    00000000     UNINITIALIZED

.const     1    0000a800    000003f8     
                  0000a800    00000101     rts2800_fpu32_eabi.lib : ctype.c.obj (.const:.string:_ctypes_)
                  0000a901    00000001     --HOLE-- [fill = 0]
                  0000a902    000000c2     driverlib_eabi.lib : sysctl.obj (.const:.string)
                  0000a9c4    000000bc                        : gpio.obj (.const:.string)
                  0000aa80    0000009d     empty_driverlib_main.obj (.const:.string)
                  0000ab1d    00000001     --HOLE-- [fill = 0]
                  0000ab1e    0000005d     driverlib_eabi.lib : adc.obj (.const:.string)
                  0000ab7b    00000001     --HOLE-- [fill = 0]
                  0000ab7c    00000026     rts2800_fpu32_eabi.lib : _printfi.c.obj (.const:.string)
                  0000aba2    0000001c                            : _printfi.c.obj (.const)
                  0000abbe    00000002                            : fputs.c.obj (.const:.string)
                  0000abc0    0000001c                            : s_scalbn.c.obj (.const)
                  0000abdc    00000013     device.obj (.const:.string)
                  0000abef    00000001     --HOLE-- [fill = 0]
                  0000abf0    00000008     rts2800_fpu32_eabi.lib : s_frexp.c.obj (.const)

.data      1    0000c1ca    00000101     UNINITIALIZED
                  0000c1ca    00000078     rts2800_fpu32_eabi.lib : defs.c.obj (.data:_ftable)
                  0000c242    00000048                            : host_device.c.obj (.data:_device)
                  0000c28a    00000028                            : host_device.c.obj (.data:_stream)
                  0000c2b2    00000006     device.obj (.data)
                  0000c2b8    00000006     rts2800_fpu32_eabi.lib : exit.c.obj (.data)
                  0000c2be    00000002                            : _lock.c.obj (.data:_lock)
                  0000c2c0    00000004     empty_driverlib_main.obj (.data)
                  0000c2c4    00000002     rts2800_fpu32_eabi.lib : _lock.c.obj (.data:_unlock)
                  0000c2c6    00000001                            : defs.c.obj (.data)
                  0000c2c7    00000001                            : errno.c.obj (.data)
                  0000c2c8    00000001                            : fopen.c.obj (.data)
                  0000c2c9    00000001                            : memory.c.obj (.data)
                  0000c2ca    00000001                            : open.c.obj (.data)

.sysmem    1    0000d000    00000400     UNINITIALIZED
                  0000d000    00000004     rts2800_fpu32_eabi.lib : memory.c.obj (.sysmem)
                  0000d004    000003fc     --HOLE--

.TI.ramfunc 
*          0    00000123    00000004     
                  00000123    00000004     driverlib_eabi.lib : sysctl.obj (.TI.ramfunc)

GETBUFFER 
*          0    0003f800    00000000     DSECT

GETWRITEIDX 
*          0    0003f800    00000000     DSECT

PUTREADIDX 
*          0    0003f800    00000000     DSECT

.text.1    0    00008000    00000800     
                  00008000    00000614     rts2800_fpu32_eabi.lib : _printfi.c.obj (.text:__TI_printfi)
                  00008614    00000107                            : ll_div28.asm.obj (.text)
                  0000871b    000000a9                            : s_scalbn.c.obj (.text)
                  000087c4    0000003a                            : hostopen.c.obj (.text)
                  000087fe    00000002                            : pre_init.c.obj (.text)

.text.2    0    00008800    00000800     
                  00008800    000003ff     device.obj (.text)
                  00008bff    00000298     rts2800_fpu32_eabi.lib : memory.c.obj (.text)
                  00008e97    000000a8                            : fputs.c.obj (.text)
                  00008f3f    0000009c                            : fd_add28.asm.obj (.text)
                  00008fdb    00000024                            : hostunlink.c.obj (.text)
                  00008fff    00000001                            : startup.c.obj (.text)

.text.3    0    00009000    00000800     
                  00009000    00000214     empty_driverlib_main.obj (.text)
                  00009214    00000209     driverlib_eabi.lib : sysctl.obj (.text:SysCtl_setClock)
                  0000941d    00000001     --HOLE-- [fill = 0]
                  0000941e    00000095     rts2800_fpu32_eabi.lib : trgmsg.c.obj (.text)
                  000094b3    00000090     driverlib_eabi.lib : sysctl.obj (.text:SysCtl_selectXTAL)
                  00009543    0000008b     rts2800_fpu32_eabi.lib : fd_div28.asm.obj (.text)
                  000095ce    00000088                            : fs_div28.asm.obj (.text)
                  00009656    00000083                            : fd_mpy28.asm.obj (.text)
                  000096d9    0000007c                            : setvbuf.c.obj (.text)
                  00009755    00000073                            : fflush.c.obj (.text)
                  000097c8    00000038                            : hostread.c.obj (.text)

.text.4    0    00009800    00000800     
                  00009800    00000071     rts2800_fpu32_eabi.lib : open.c.obj (.text)
                  00009871    0000006f     driverlib_eabi.lib : adc.obj (.text:ADC_setINLTrim)
                  000098e0    00000068                        : sysctl.obj (.text:SysCtl_getDeviceParametric)
                  00009948    00000065     rts2800_fpu32_eabi.lib : _io_perm.c.obj (.text)
                  000099ad    00000061                            : hostlseek.c.obj (.text)
                  00009a0e    00000060     driverlib_eabi.lib : adc.obj (.text:ADC_setOffsetTrim)
                  00009a6e    0000005d     rts2800_fpu32_eabi.lib : fclose.c.obj (.text)
                  00009acb    0000005a                            : s_frexp.c.obj (.text)
                  00009b25    00000053                            : fputc.c.obj (.text)
                  00009b78    00000052     driverlib_eabi.lib : gpio.obj (.text:GPIO_setPadConfig)
                  00009bca    00000051                        : sysctl.obj (.text:SysCtl_getClock)
                  00009c1b    00000051     rts2800_fpu32_eabi.lib : getdevice.c.obj (.text)
                  00009c6c    00000048     driverlib_eabi.lib : sysctl.obj (.text:SysCtl_selectOscSource)
                  00009cb4    0000003e     rts2800_fpu32_eabi.lib : hostrename.c.obj (.text)
                  00009cf2    0000003d     driverlib_eabi.lib : interrupt.obj (.text:Interrupt_initModule)
                  00009d2f    0000003d     rts2800_fpu32_eabi.lib : fseek.c.obj (.text)
                  00009d6c    00000039                            : hostwrite.c.obj (.text)
                  00009da5    00000037     driverlib_eabi.lib : gpio.obj (.text:GPIO_setControllerCore)
                  00009ddc    00000037                        : gpio.obj (.text:GPIO_setPinConfig)
                  00009e13    00000037                        : gpio.obj (.text:GPIO_setQualificationMode)
                  00009e4a    00000034     rts2800_fpu32_eabi.lib : printf.c.obj (.text)
                  00009e7e    00000033                            : close.c.obj (.text)
                  00009eb1    00000031     driverlib_eabi.lib : gpio.obj (.text:GPIO_setDirectionMode)
                  00009ee2    00000031     rts2800_fpu32_eabi.lib : atoi.c.obj (.text)
                  00009f13    00000030                            : _ltoa.c.obj (.text)
                  00009f43    0000002f     driverlib_eabi.lib : adc.obj (.text:ADC_setMode)
                  00009f72    0000002e     rts2800_fpu32_eabi.lib : copy_decompress_lzss.c.obj (.text:decompress:lzss)
                  00009fa0    0000002b                            : autoinit.c.obj (.text:__TI_auto_init_nobinit_nopinit)
                  00009fcb    0000002a                            : fd_cmp28.asm.obj (.text)
                  00009ff5    0000000b     driverlib_eabi.lib : sysctl.obj (.text:SysCtl_isMCDClockFailureDetected)

.text.5    0    0000a000    000003f4     
                  0000a000    0000002a     rts2800_fpu32_eabi.lib : l_div28.asm.obj (.text)
                  0000a02a    00000029                            : exit.c.obj (.text)
                  0000a053    00000029                            : hostclose.c.obj (.text)
                  0000a07c    00000028     driverlib_eabi.lib : sysctl.obj (.text:CPUTimer_selectClockSource)
                  0000a0a4    00000024     rts2800_fpu32_eabi.lib : s_copysign.c.obj (.text)
                  0000a0c8    00000021                            : fd_toi28.asm.obj (.text)
                  0000a0e9    0000001f     driverlib_eabi.lib : sysctl.obj (.text:CPUTimer_getTimerOverflowStatus)
                  0000a108    0000001f     rts2800_fpu32_eabi.lib : fd_tol28.asm.obj (.text)
                  0000a127    0000001e     driverlib_eabi.lib : interrupt.obj (.text:Interrupt_initVectorTable)
                  0000a145    0000001e     rts2800_fpu32_eabi.lib : ll_cmp28.asm.obj (.text)
                  0000a163    0000001d                            : memcpy.c.obj (.text)
                  0000a180    0000001c                            : fs_tofdfpu32.asm.obj (.text)
                  0000a19c    0000001c                            : l_tofd28.asm.obj (.text)
                  0000a1b8    0000001b     driverlib_eabi.lib : adc.obj (.text:ADC_isBaseValid)
                  0000a1d3    0000001a                        : sysctl.obj (.text:CPUTimer_startTimer)
                  0000a1ed    0000001a                        : sysctl.obj (.text:SysCtl_getLowSpeedClock)
                  0000a207    00000019     rts2800_fpu32_eabi.lib : unlink.c.obj (.text)
                  0000a220    00000019                            : write.c.obj (.text)
                  0000a239    00000018                            : ll_aox28.asm.obj (.text)
                  0000a251    00000018                            : lseek.c.obj (.text)
                  0000a269    00000017     driverlib_eabi.lib : sysctl.obj (.text:CPUTimer_isBaseValid)
                  0000a280    00000017     rts2800_fpu32_eabi.lib : boot28.asm.obj (.text)
                  0000a297    00000016     driverlib_eabi.lib : interrupt.obj (.text:Interrupt_defaultHandler)
                  0000a2ad    00000015     rts2800_fpu32_eabi.lib : strncpy.c.obj (.text)
                  0000a2c2    00000014     driverlib_eabi.lib : sysctl.obj (.text:CPUTimer_stopTimer)
                  0000a2d6    00000012                        : sysctl.obj (.text:CPUTimer_clearOverflowFlag)
                  0000a2e8    00000012                        : sysctl.obj (.text:CPUTimer_disableInterrupt)
                  0000a2fa    00000011                        : sysctl.obj (.text:CPUTimer_setPeriod)
                  0000a30b    00000010     rts2800_fpu32_eabi.lib : memccpy.c.obj (.text)
                  0000a31b    0000000f     driverlib_eabi.lib : sysctl.obj (.text:SysCtl_pollCpuTimer)
                  0000a32a    0000000e                        : gpio.obj (.text:GPIO_isPinValid)
                  0000a338    0000000e     rts2800_fpu32_eabi.lib : fd_sub28.asm.obj (.text)
                  0000a346    0000000d     driverlib_eabi.lib : interrupt.obj (.text:Interrupt_disableGlobal)
                  0000a353    0000000d     rts2800_fpu32_eabi.lib : copy_zero_init.c.obj (.text:decompress:ZI:__TI_zero_init_nomemset)
                  0000a360    0000000d                            : memchr.c.obj (.text)
                  0000a36d    0000000c                            : args_main.c.obj (.text)
                  0000a379    0000000c                            : strchr.c.obj (.text)
                  0000a385    0000000b                            : wcslen.c.obj (.text)
                  0000a390    0000000a     driverlib_eabi.lib : interrupt.obj (.text:Interrupt_illegalOperationHandler)
                  0000a39a    0000000a                        : interrupt.obj (.text:Interrupt_nmiHandler)
                  0000a3a4    0000000a     rts2800_fpu32_eabi.lib : strcmp.c.obj (.text)
                  0000a3ae    00000009     driverlib_eabi.lib : sysctl.obj (.text:SysCtl_serviceWatchdog)
                  0000a3b7    00000009     rts2800_fpu32_eabi.lib : _lock.c.obj (.text)
                  0000a3c0    00000009                            : fd_neg28.asm.obj (.text)
                  0000a3c9    00000008     F2837xD_CodeStartBranch.obj (.text)
                  0000a3d1    00000008     rts2800_fpu32_eabi.lib : copy_decompress_none.c.obj (.text:decompress:none)
                  0000a3d9    00000008                            : strlen.c.obj (.text)
                  0000a3e1    00000007     driverlib_eabi.lib : sysctl.obj (.text:SysCtl_resetMCD)
                  0000a3e8    00000007     rts2800_fpu32_eabi.lib : memset.c.obj (.text)
                  0000a3ef    00000005                            : strcpy.c.obj (.text)

.text.6    0    0000b000    00000800     
                  0000b000    000006c2     rts2800_fpu32_eabi.lib : _printfi.c.obj (.text)
                  0000b6c2    00000121                            : fopen.c.obj (.text)
                  0000b7e3    0000001d                            : i_tofd28.asm.obj (.text)

MODULE SUMMARY

       Module                        code    ro data   rw data
       ------                        ----    -------   -------
    .\
       empty_driverlib_main.obj      532     157       4      
    +--+-----------------------------+-------+---------+---------+
       Total:                        532     157       4      
                                                              
    .\device\
       device.obj                    1023    19        6      
       F2837xD_CodeStartBranch.obj   10      0         0      
    +--+-----------------------------+-------+---------+---------+
       Total:                        1033    19        6      
                                                              
    C:\ti\C2000Ware_26_00_00_00\driverlib\f2837xd\driverlib\ccs\Debug\driverlib_eabi.lib
       sysctl.obj                    1187    194       0      
       gpio.obj                      310     188       0      
       adc.obj                       281     93        0      
       interrupt.obj                 146     0         0      
    +--+-----------------------------+-------+---------+---------+
       Total:                        1924    475       0      
                                                              
    C:\ti\ccs2041\ccs\tools\compiler\ti-cgt-c2000_22.6.3.LTS\lib\rts2800_fpu32_eabi.lib
       _printfi.c.obj                3286    66        0      
       memory.c.obj                  664     0         3      
       trgmsg.c.obj                  149     0         288    
       fopen.c.obj                   289     0         1      
       defs.c.obj                    0       0         281    
       ll_div28.asm.obj              263     0         0      
       ctype.c.obj                   0       257       0      
       s_scalbn.c.obj                169     28        0      
       fputs.c.obj                   168     2         0      
       fd_add28.asm.obj              156     0         0      
       fd_div28.asm.obj              139     0         0      
       fs_div28.asm.obj              136     0         0      
       fd_mpy28.asm.obj              131     0         0      
       setvbuf.c.obj                 124     0         0      
       fflush.c.obj                  115     0         0      
       open.c.obj                    113     0         1      
       host_device.c.obj             0       0         112    
       _io_perm.c.obj                101     0         0      
       s_frexp.c.obj                 90      8         0      
       hostlseek.c.obj               97      0         0      
       fclose.c.obj                  93      0         0      
       fputc.c.obj                   83      0         0      
       getdevice.c.obj               81      0         0      
       hostopen.c.obj                58      0         8      
       hostrename.c.obj              62      0         0      
       fseek.c.obj                   61      0         0      
       hostwrite.c.obj               57      0         0      
       hostread.c.obj                56      0         0      
       printf.c.obj                  52      0         0      
       close.c.obj                   51      0         0      
       atoi.c.obj                    49      0         0      
       _ltoa.c.obj                   48      0         0      
       exit.c.obj                    41      0         6      
       copy_decompress_lzss.c.obj    46      0         0      
       autoinit.c.obj                43      0         0      
       fd_cmp28.asm.obj              42      0         0      
       l_div28.asm.obj               42      0         0      
       hostclose.c.obj               41      0         0      
       hostunlink.c.obj              36      0         0      
       s_copysign.c.obj              36      0         0      
       fd_toi28.asm.obj              33      0         0      
       fd_tol28.asm.obj              31      0         0      
       ll_cmp28.asm.obj              30      0         0      
       i_tofd28.asm.obj              29      0         0      
       memcpy.c.obj                  29      0         0      
       fs_tofdfpu32.asm.obj          28      0         0      
       l_tofd28.asm.obj              28      0         0      
       unlink.c.obj                  25      0         0      
       write.c.obj                   25      0         0      
       ll_aox28.asm.obj              24      0         0      
       lseek.c.obj                   24      0         0      
       boot28.asm.obj                23      0         0      
       strncpy.c.obj                 21      0         0      
       memccpy.c.obj                 16      0         0      
       fd_sub28.asm.obj              14      0         0      
       _lock.c.obj                   9       0         4      
       copy_zero_init.c.obj          13      0         0      
       memchr.c.obj                  13      0         0      
       args_main.c.obj               12      0         0      
       strchr.c.obj                  12      0         0      
       wcslen.c.obj                  11      0         0      
       strcmp.c.obj                  10      0         0      
       fd_neg28.asm.obj              9       0         0      
       copy_decompress_none.c.obj    8       0         0      
       strlen.c.obj                  8       0         0      
       memset.c.obj                  7       0         0      
       strcpy.c.obj                  5       0         0      
       pre_init.c.obj                2       0         0      
       errno.c.obj                   0       0         1      
       startup.c.obj                 1       0         0      
    +--+-----------------------------+-------+---------+---------+
       Total:                        7768    361       705    
                                                              
       Heap:                         0       0         1024   
       Stack:                        0       0         1024   
       Linker Generated:             0       66        0      
    +--+-----------------------------+-------+---------+---------+
       Grand Total:                  11257   1078      2763   


LINKER GENERATED COPY TABLES

__TI_cinit_table @ 00000162 records: 2, size/record: 4, table size: 8
	.data: load addr=00000128, load size=00000030 bytes, run addr=0000c1ca, run size=00000101 bytes, compression=lzss
	.bss: load addr=0000015e, load size=00000004 bytes, run addr=0000c000, run size=000001ca bytes, compression=zero_init


LINKER GENERATED HANDLER TABLE

__TI_handler_table @ 00000158 records: 3, size/record: 2, table size: 6
	index: 0, handler: __TI_zero_init
	index: 1, handler: __TI_decompress_lzss
	index: 2, handler: __TI_decompress_none


GLOBAL DATA SYMBOLS: SORTED BY DATA PAGE

address     data page           name
--------    ----------------    ----
0000a800     2a0 (0000a800)     _ctypes_

0000c000     300 (0000c000)     __CIOBUF_

0000c120     304 (0000c100)     __TI_tmpnams

0000c1c0     307 (0000c1c0)     parmbuf
0000c1ca     307 (0000c1c0)     _ftable

0000c242     309 (0000c240)     _device

0000c28a     30a (0000c280)     _stream
0000c2b2     30a (0000c280)     Example_Result
0000c2b4     30a (0000c280)     Example_PassCount
0000c2b6     30a (0000c280)     Example_Fail
0000c2b8     30a (0000c280)     __TI_enable_exit_profile_output
0000c2ba     30a (0000c280)     __TI_cleanup_ptr
0000c2bc     30a (0000c280)     __TI_dtors_ptr
0000c2be     30a (0000c280)     _lock

0000c2c0     30b (0000c2c0)     adcResult
0000c2c2     30b (0000c2c0)     voltage
0000c2c4     30b (0000c2c0)     _unlock
0000c2c6     30b (0000c2c0)     __TI_ft_end
0000c2c7     30b (0000c2c0)     errno

0000d000     340 (0000d000)     _sys_memory

0000e000     380 (0000e000)     __stack


GLOBAL SYMBOLS: SORTED ALPHABETICALLY BY Name 

page  address   name                                     
----  -------   ----                                     
0     00009871  ADC_setINLTrim                           
0     00009f43  ADC_setMode                              
0     00009a0e  ADC_setOffsetTrim                        
0     0000a02a  C$$EXIT                                  
0     00009471  C$$IO$$                                  
0     00008a73  Device_bootCPU2                          
0     00008a42  Device_configureTMXAnalogTrim            
0     000088f0  Device_enableAllPeripherals              
0     00008a2c  Device_enableUnbondedGPIOPullups         
0     00008a0f  Device_enableUnbondedGPIOPullupsFor100Pin
0     000089fc  Device_enableUnbondedGPIOPullupsFor176Pin
0     000088ae  Device_init                              
0     000089db  Device_initGPIO                          
1     0000c2b6  Example_Fail                             
1     0000c2b4  Example_PassCount                        
1     0000c2b2  Example_Result                           
0     00008bfe  Example_done                             
0     00008bf9  Example_setResultFail                    
0     00008bf4  Example_setResultPass                    
0     00009da5  GPIO_setControllerCore                   
0     00009eb1  GPIO_setDirectionMode                    
0     00009b78  GPIO_setPadConfig                        
0     00009ddc  GPIO_setPinConfig                        
0     00009e13  GPIO_setQualificationMode                
0     0000a053  HOSTclose                                
0     000099ad  HOSTlseek                                
0     000087c4  HOSTopen                                 
0     000097c8  HOSTread                                 
0     00009cb4  HOSTrename                               
0     00008fdb  HOSTunlink                               
0     00009d6c  HOSTwrite                                
0     0000a297  Interrupt_defaultHandler                 
0     0000a390  Interrupt_illegalOperationHandler        
0     00009cf2  Interrupt_initModule                     
0     0000a127  Interrupt_initVectorTable                
0     0000a39a  Interrupt_nmiHandler                     
0     00000123  SysCtl_delay                             
0     00009bca  SysCtl_getClock                          
0     000098e0  SysCtl_getDeviceParametric               
0     0000a1ed  SysCtl_getLowSpeedClock                  
0     00009c6c  SysCtl_selectOscSource                   
0     000094b3  SysCtl_selectXTAL                        
0     00009214  SysCtl_setClock                          
1     0000c000  __CIOBUF_                                
0     00000162  __TI_CINIT_Base                          
0     0000016a  __TI_CINIT_Limit                         
0     0000016a  __TI_CINIT_Warm                          
0     00000158  __TI_Handler_Table_Base                  
0     0000015e  __TI_Handler_Table_Limit                 
1     0000e400  __TI_STACK_END                           
abs   00000400  __TI_STACK_SIZE                          
abs   00000400  __TI_SYSMEM_SIZE                         
0     00009fa0  __TI_auto_init_nobinit_nopinit           
0     0000b761  __TI_cleanup                             
1     0000c2ba  __TI_cleanup_ptr                         
0     00009a6e  __TI_closefile                           
0     00009f72  __TI_decompress_lzss                     
0     0000a3d1  __TI_decompress_none                     
0     00009755  __TI_doflush                             
1     0000c2bc  __TI_dtors_ptr                           
1     0000c2b8  __TI_enable_exit_profile_output          
1     0000c2c6  __TI_ft_end                              
0     00008e95  __TI_heap_check                          
0     00008e76  __TI_heap_largest_available              
0     00008e57  __TI_heap_total_available                
0     00009f13  __TI_ltoa                                
abs   ffffffff  __TI_pprof_out_hndl                      
0     0000848f  __TI_printfi                             
abs   ffffffff  __TI_prof_data_size                      
abs   ffffffff  __TI_prof_data_start                     
0     00009982  __TI_rd_ok                               
0     00009476  __TI_readmsg                             
1     0000c120  __TI_tmpnams                             
0     0000941e  __TI_writemsg                            
0     00009948  __TI_wrt_ok                              
0     0000a353  __TI_zero_init_nomemset                  
0     00008f3f  __c28xabi_addd                           
0     0000a239  __c28xabi_andll                          
0     00009fcb  __c28xabi_cmpd                           
0     0000a145  __c28xabi_cmpll                          
0     0000a157  __c28xabi_cmpull                         
0     00009543  __c28xabi_divd                           
0     000095ce  __c28xabi_divf                           
0     0000a000  __c28xabi_divl                           
0     00008614  __c28xabi_divll                          
0     0000a01d  __c28xabi_divul                          
0     0000868a  __c28xabi_divull                         
0     0000a0c8  __c28xabi_dtoi                           
0     0000a108  __c28xabi_dtol                           
0     0000a180  __c28xabi_ftod                           
0     0000b7e3  __c28xabi_itod                           
0     0000a19c  __c28xabi_ltod                           
0     0000a00f  __c28xabi_modl                           
0     00008650  __c28xabi_modll                          
0     0000a024  __c28xabi_modul                          
0     000086b9  __c28xabi_modull                         
0     00009656  __c28xabi_mpyd                           
0     0000a3c0  __c28xabi_negd                           
0     0000a241  __c28xabi_orll                           
0     0000a338  __c28xabi_subd                           
0     0000a249  __c28xabi_xorll                          
n/a   UNDEFED   __c_args__                               
0     00008bed  __error__                                
1     0000e000  __stack                                  
0     0000a36d  _args_main                               
0     0000a280  _c_int00                                 
1     0000a800  _ctypes_                                 
1     0000c242  _device                                  
1     0000c1ca  _ftable                                  
1     0000c2be  _lock                                    
0     0000a3bf  _nop                                     
0     0000a3bb  _register_lock                           
0     0000a3b7  _register_unlock                         
1     0000c28a  _stream                                  
1     0000d000  _sys_memory                              
0     00008fff  _system_post_cinit                       
0     000087fe  _system_pre_init                         
1     0000c2c4  _unlock                                  
0     0000a02a  abort                                    
1     0000c2c0  adcResult                                
0     00008da9  aligned_alloc                            
0     00009ee2  atoi                                     
0     00008d7c  calloc                                   
0     00009e7e  close                                    
0     00000000  code_start                               
0     0000a0a4  copysign                                 
0     0000a0a4  copysignl                                
1     0000c2c7  errno                                    
0     0000a02c  exit                                     
0     00009ab2  fclose                                   
0     00009784  fflush                                   
0     00009c1b  finddevice                               
0     0000b79c  fopen                                    
0     00009b25  fputc                                    
0     00008e97  fputs                                    
0     00008c2a  free                                     
0     0000b77e  freopen                                  
0     00009acb  frexp                                    
0     00009acb  frexpl                                   
0     00009d2f  fseek                                    
0     00009d2f  fseeko                                   
0     00009c36  getdevice                                
0     0000871b  ldexp                                    
0     0000871b  ldexpl                                   
0     0000a251  lseek                                    
0     00009182  main                                     
0     00008bff  malloc                                   
0     00008da9  memalign                                 
0     0000a30b  memccpy                                  
0     0000a360  memchr                                   
0     0000a163  memcpy                                   
0     0000a3e8  memset                                   
0     00008d78  minit                                    
0     00009800  open                                     
1     0000c1c0  parmbuf                                  
0     00009e50  printf                                   
0     00009b25  putc                                     
0     00009b73  putchar                                  
0     00008f2c  puts                                     
0     00008cf4  realloc                                  
0     0000a207  remove                                   
0     0000871b  scalbn                                   
0     0000871b  scalbnl                                  
0     000096d9  setvbuf                                  
0     0000a379  strchr                                   
0     0000a3a4  strcmp                                   
0     0000a3ef  strcpy                                   
0     0000a3d9  strlen                                   
0     0000a2ad  strncpy                                  
0     0000a207  unlink                                   
1     0000c2c2  voltage                                  
0     0000a385  wcslen                                   
0     0000a220  write                                    


GLOBAL SYMBOLS: SORTED BY Symbol Address 

page  address   name                                     
----  -------   ----                                     
0     00000000  code_start                               
0     00000123  SysCtl_delay                             
0     00000158  __TI_Handler_Table_Base                  
0     0000015e  __TI_Handler_Table_Limit                 
0     00000162  __TI_CINIT_Base                          
0     0000016a  __TI_CINIT_Limit                         
0     0000016a  __TI_CINIT_Warm                          
0     0000848f  __TI_printfi                             
0     00008614  __c28xabi_divll                          
0     00008650  __c28xabi_modll                          
0     0000868a  __c28xabi_divull                         
0     000086b9  __c28xabi_modull                         
0     0000871b  ldexp                                    
0     0000871b  ldexpl                                   
0     0000871b  scalbn                                   
0     0000871b  scalbnl                                  
0     000087c4  HOSTopen                                 
0     000087fe  _system_pre_init                         
0     000088ae  Device_init                              
0     000088f0  Device_enableAllPeripherals              
0     000089db  Device_initGPIO                          
0     000089fc  Device_enableUnbondedGPIOPullupsFor176Pin
0     00008a0f  Device_enableUnbondedGPIOPullupsFor100Pin
0     00008a2c  Device_enableUnbondedGPIOPullups         
0     00008a42  Device_configureTMXAnalogTrim            
0     00008a73  Device_bootCPU2                          
0     00008bed  __error__                                
0     00008bf4  Example_setResultPass                    
0     00008bf9  Example_setResultFail                    
0     00008bfe  Example_done                             
0     00008bff  malloc                                   
0     00008c2a  free                                     
0     00008cf4  realloc                                  
0     00008d78  minit                                    
0     00008d7c  calloc                                   
0     00008da9  aligned_alloc                            
0     00008da9  memalign                                 
0     00008e57  __TI_heap_total_available                
0     00008e76  __TI_heap_largest_available              
0     00008e95  __TI_heap_check                          
0     00008e97  fputs                                    
0     00008f2c  puts                                     
0     00008f3f  __c28xabi_addd                           
0     00008fdb  HOSTunlink                               
0     00008fff  _system_post_cinit                       
0     00009182  main                                     
0     00009214  SysCtl_setClock                          
0     0000941e  __TI_writemsg                            
0     00009471  C$$IO$$                                  
0     00009476  __TI_readmsg                             
0     000094b3  SysCtl_selectXTAL                        
0     00009543  __c28xabi_divd                           
0     000095ce  __c28xabi_divf                           
0     00009656  __c28xabi_mpyd                           
0     000096d9  setvbuf                                  
0     00009755  __TI_doflush                             
0     00009784  fflush                                   
0     000097c8  HOSTread                                 
0     00009800  open                                     
0     00009871  ADC_setINLTrim                           
0     000098e0  SysCtl_getDeviceParametric               
0     00009948  __TI_wrt_ok                              
0     00009982  __TI_rd_ok                               
0     000099ad  HOSTlseek                                
0     00009a0e  ADC_setOffsetTrim                        
0     00009a6e  __TI_closefile                           
0     00009ab2  fclose                                   
0     00009acb  frexp                                    
0     00009acb  frexpl                                   
0     00009b25  fputc                                    
0     00009b25  putc                                     
0     00009b73  putchar                                  
0     00009b78  GPIO_setPadConfig                        
0     00009bca  SysCtl_getClock                          
0     00009c1b  finddevice                               
0     00009c36  getdevice                                
0     00009c6c  SysCtl_selectOscSource                   
0     00009cb4  HOSTrename                               
0     00009cf2  Interrupt_initModule                     
0     00009d2f  fseek                                    
0     00009d2f  fseeko                                   
0     00009d6c  HOSTwrite                                
0     00009da5  GPIO_setControllerCore                   
0     00009ddc  GPIO_setPinConfig                        
0     00009e13  GPIO_setQualificationMode                
0     00009e50  printf                                   
0     00009e7e  close                                    
0     00009eb1  GPIO_setDirectionMode                    
0     00009ee2  atoi                                     
0     00009f13  __TI_ltoa                                
0     00009f43  ADC_setMode                              
0     00009f72  __TI_decompress_lzss                     
0     00009fa0  __TI_auto_init_nobinit_nopinit           
0     00009fcb  __c28xabi_cmpd                           
0     0000a000  __c28xabi_divl                           
0     0000a00f  __c28xabi_modl                           
0     0000a01d  __c28xabi_divul                          
0     0000a024  __c28xabi_modul                          
0     0000a02a  C$$EXIT                                  
0     0000a02a  abort                                    
0     0000a02c  exit                                     
0     0000a053  HOSTclose                                
0     0000a0a4  copysign                                 
0     0000a0a4  copysignl                                
0     0000a0c8  __c28xabi_dtoi                           
0     0000a108  __c28xabi_dtol                           
0     0000a127  Interrupt_initVectorTable                
0     0000a145  __c28xabi_cmpll                          
0     0000a157  __c28xabi_cmpull                         
0     0000a163  memcpy                                   
0     0000a180  __c28xabi_ftod                           
0     0000a19c  __c28xabi_ltod                           
0     0000a1ed  SysCtl_getLowSpeedClock                  
0     0000a207  remove                                   
0     0000a207  unlink                                   
0     0000a220  write                                    
0     0000a239  __c28xabi_andll                          
0     0000a241  __c28xabi_orll                           
0     0000a249  __c28xabi_xorll                          
0     0000a251  lseek                                    
0     0000a280  _c_int00                                 
0     0000a297  Interrupt_defaultHandler                 
0     0000a2ad  strncpy                                  
0     0000a30b  memccpy                                  
0     0000a338  __c28xabi_subd                           
0     0000a353  __TI_zero_init_nomemset                  
0     0000a360  memchr                                   
0     0000a36d  _args_main                               
0     0000a379  strchr                                   
0     0000a385  wcslen                                   
0     0000a390  Interrupt_illegalOperationHandler        
0     0000a39a  Interrupt_nmiHandler                     
0     0000a3a4  strcmp                                   
0     0000a3b7  _register_unlock                         
0     0000a3bb  _register_lock                           
0     0000a3bf  _nop                                     
0     0000a3c0  __c28xabi_negd                           
0     0000a3d1  __TI_decompress_none                     
0     0000a3d9  strlen                                   
0     0000a3e8  memset                                   
0     0000a3ef  strcpy                                   
0     0000b761  __TI_cleanup                             
0     0000b77e  freopen                                  
0     0000b79c  fopen                                    
0     0000b7e3  __c28xabi_itod                           
1     0000a800  _ctypes_                                 
1     0000c000  __CIOBUF_                                
1     0000c120  __TI_tmpnams                             
1     0000c1c0  parmbuf                                  
1     0000c1ca  _ftable                                  
1     0000c242  _device                                  
1     0000c28a  _stream                                  
1     0000c2b2  Example_Result                           
1     0000c2b4  Example_PassCount                        
1     0000c2b6  Example_Fail                             
1     0000c2b8  __TI_enable_exit_profile_output          
1     0000c2ba  __TI_cleanup_ptr                         
1     0000c2bc  __TI_dtors_ptr                           
1     0000c2be  _lock                                    
1     0000c2c0  adcResult                                
1     0000c2c2  voltage                                  
1     0000c2c4  _unlock                                  
1     0000c2c6  __TI_ft_end                              
1     0000c2c7  errno                                    
1     0000d000  _sys_memory                              
1     0000e000  __stack                                  
1     0000e400  __TI_STACK_END                           
abs   00000400  __TI_STACK_SIZE                          
abs   00000400  __TI_SYSMEM_SIZE                         
abs   ffffffff  __TI_pprof_out_hndl                      
abs   ffffffff  __TI_prof_data_size                      
abs   ffffffff  __TI_prof_data_start                     
n/a   UNDEFED   __c_args__                               

[173 symbols]
