<?xml version="1.0" encoding="ISO-8859-1" ?>
<link_info>
   <banner>TMS320C2000 Linker PC v22.6.3.LTS</banner>
   <copyright>Copyright (c) 1996-2018 Texas Instruments Incorporated</copyright>
   <link_time>0x69c29074</link_time>
   <link_errors>0x0</link_errors>
   <output_file>Voltage_waveform.out</output_file>
   <entry_point>
      <name>code_start</name>
      <address>0x0</address>
   </entry_point>
   <input_file_list>
      <input_file id="fl-2">
         <path>.\syscfg\</path>
         <kind>object</kind>
         <file>board.obj</file>
         <name>board.obj</name>
      </input_file>
      <input_file id="fl-3">
         <path>.\syscfg\</path>
         <kind>object</kind>
         <file>c2000ware_libraries.obj</file>
         <name>c2000ware_libraries.obj</name>
      </input_file>
      <input_file id="fl-4">
         <path>.\</path>
         <kind>object</kind>
         <file>empty_driverlib_main.obj</file>
         <name>empty_driverlib_main.obj</name>
      </input_file>
      <input_file id="fl-5">
         <path>.\device\</path>
         <kind>object</kind>
         <file>F2837xD_CodeStartBranch.obj</file>
         <name>F2837xD_CodeStartBranch.obj</name>
      </input_file>
      <input_file id="fl-6">
         <path>.\device\</path>
         <kind>object</kind>
         <file>device.obj</file>
         <name>device.obj</name>
      </input_file>
      <input_file id="fl-b">
         <kind>object</kind>
         <file>&lt;internal&gt;</file>
         <name>&lt;internal&gt;</name>
      </input_file>
      <input_file id="fl-f">
         <path>C:\ti\C2000Ware_26_00_00_00\driverlib\f2837xd\driverlib\ccs\Debug\</path>
         <kind>archive</kind>
         <file>driverlib_eabi.lib</file>
         <name>adc.obj</name>
      </input_file>
      <input_file id="fl-10">
         <path>C:\ti\C2000Ware_26_00_00_00\driverlib\f2837xd\driverlib\ccs\Debug\</path>
         <kind>archive</kind>
         <file>driverlib_eabi.lib</file>
         <name>gpio.obj</name>
      </input_file>
      <input_file id="fl-11">
         <path>C:\ti\C2000Ware_26_00_00_00\driverlib\f2837xd\driverlib\ccs\Debug\</path>
         <kind>archive</kind>
         <file>driverlib_eabi.lib</file>
         <name>interrupt.obj</name>
      </input_file>
      <input_file id="fl-12">
         <path>C:\ti\C2000Ware_26_00_00_00\driverlib\f2837xd\driverlib\ccs\Debug\</path>
         <kind>archive</kind>
         <file>driverlib_eabi.lib</file>
         <name>sysctl.obj</name>
      </input_file>
      <input_file id="fl-1e">
         <path>C:\ti\ccs2041\ccs\tools\compiler\ti-cgt-c2000_22.6.3.LTS\lib\</path>
         <kind>archive</kind>
         <file>rts2800_fpu32_eabi.lib</file>
         <name>printf.c.obj</name>
      </input_file>
      <input_file id="fl-1f">
         <path>C:\ti\ccs2041\ccs\tools\compiler\ti-cgt-c2000_22.6.3.LTS\lib\</path>
         <kind>archive</kind>
         <file>rts2800_fpu32_eabi.lib</file>
         <name>_printfi.c.obj</name>
      </input_file>
      <input_file id="fl-20">
         <path>C:\ti\ccs2041\ccs\tools\compiler\ti-cgt-c2000_22.6.3.LTS\lib\</path>
         <kind>archive</kind>
         <file>rts2800_fpu32_eabi.lib</file>
         <name>fflush.c.obj</name>
      </input_file>
      <input_file id="fl-21">
         <path>C:\ti\ccs2041\ccs\tools\compiler\ti-cgt-c2000_22.6.3.LTS\lib\</path>
         <kind>archive</kind>
         <file>rts2800_fpu32_eabi.lib</file>
         <name>fputc.c.obj</name>
      </input_file>
      <input_file id="fl-22">
         <path>C:\ti\ccs2041\ccs\tools\compiler\ti-cgt-c2000_22.6.3.LTS\lib\</path>
         <kind>archive</kind>
         <file>rts2800_fpu32_eabi.lib</file>
         <name>fputs.c.obj</name>
      </input_file>
      <input_file id="fl-23">
         <path>C:\ti\ccs2041\ccs\tools\compiler\ti-cgt-c2000_22.6.3.LTS\lib\</path>
         <kind>archive</kind>
         <file>rts2800_fpu32_eabi.lib</file>
         <name>_io_perm.c.obj</name>
      </input_file>
      <input_file id="fl-24">
         <path>C:\ti\ccs2041\ccs\tools\compiler\ti-cgt-c2000_22.6.3.LTS\lib\</path>
         <kind>archive</kind>
         <file>rts2800_fpu32_eabi.lib</file>
         <name>setvbuf.c.obj</name>
      </input_file>
      <input_file id="fl-25">
         <path>C:\ti\ccs2041\ccs\tools\compiler\ti-cgt-c2000_22.6.3.LTS\lib\</path>
         <kind>archive</kind>
         <file>rts2800_fpu32_eabi.lib</file>
         <name>wcslen.c.obj</name>
      </input_file>
      <input_file id="fl-26">
         <path>C:\ti\ccs2041\ccs\tools\compiler\ti-cgt-c2000_22.6.3.LTS\lib\</path>
         <kind>archive</kind>
         <file>rts2800_fpu32_eabi.lib</file>
         <name>boot28.asm.obj</name>
      </input_file>
      <input_file id="fl-27">
         <path>C:\ti\ccs2041\ccs\tools\compiler\ti-cgt-c2000_22.6.3.LTS\lib\</path>
         <kind>archive</kind>
         <file>rts2800_fpu32_eabi.lib</file>
         <name>fd_cmp28.asm.obj</name>
      </input_file>
      <input_file id="fl-28">
         <path>C:\ti\ccs2041\ccs\tools\compiler\ti-cgt-c2000_22.6.3.LTS\lib\</path>
         <kind>archive</kind>
         <file>rts2800_fpu32_eabi.lib</file>
         <name>fd_mpy28.asm.obj</name>
      </input_file>
      <input_file id="fl-29">
         <path>C:\ti\ccs2041\ccs\tools\compiler\ti-cgt-c2000_22.6.3.LTS\lib\</path>
         <kind>archive</kind>
         <file>rts2800_fpu32_eabi.lib</file>
         <name>fd_neg28.asm.obj</name>
      </input_file>
      <input_file id="fl-2a">
         <path>C:\ti\ccs2041\ccs\tools\compiler\ti-cgt-c2000_22.6.3.LTS\lib\</path>
         <kind>archive</kind>
         <file>rts2800_fpu32_eabi.lib</file>
         <name>fd_sub28.asm.obj</name>
      </input_file>
      <input_file id="fl-2b">
         <path>C:\ti\ccs2041\ccs\tools\compiler\ti-cgt-c2000_22.6.3.LTS\lib\</path>
         <kind>archive</kind>
         <file>rts2800_fpu32_eabi.lib</file>
         <name>fd_toi28.asm.obj</name>
      </input_file>
      <input_file id="fl-2c">
         <path>C:\ti\ccs2041\ccs\tools\compiler\ti-cgt-c2000_22.6.3.LTS\lib\</path>
         <kind>archive</kind>
         <file>rts2800_fpu32_eabi.lib</file>
         <name>fd_tol28.asm.obj</name>
      </input_file>
      <input_file id="fl-2d">
         <path>C:\ti\ccs2041\ccs\tools\compiler\ti-cgt-c2000_22.6.3.LTS\lib\</path>
         <kind>archive</kind>
         <file>rts2800_fpu32_eabi.lib</file>
         <name>fs_div28.asm.obj</name>
      </input_file>
      <input_file id="fl-2e">
         <path>C:\ti\ccs2041\ccs\tools\compiler\ti-cgt-c2000_22.6.3.LTS\lib\</path>
         <kind>archive</kind>
         <file>rts2800_fpu32_eabi.lib</file>
         <name>ll_aox28.asm.obj</name>
      </input_file>
      <input_file id="fl-2f">
         <path>C:\ti\ccs2041\ccs\tools\compiler\ti-cgt-c2000_22.6.3.LTS\lib\</path>
         <kind>archive</kind>
         <file>rts2800_fpu32_eabi.lib</file>
         <name>ll_cmp28.asm.obj</name>
      </input_file>
      <input_file id="fl-30">
         <path>C:\ti\ccs2041\ccs\tools\compiler\ti-cgt-c2000_22.6.3.LTS\lib\</path>
         <kind>archive</kind>
         <file>rts2800_fpu32_eabi.lib</file>
         <name>ll_div28.asm.obj</name>
      </input_file>
      <input_file id="fl-31">
         <path>C:\ti\ccs2041\ccs\tools\compiler\ti-cgt-c2000_22.6.3.LTS\lib\</path>
         <kind>archive</kind>
         <file>rts2800_fpu32_eabi.lib</file>
         <name>i_tofd28.asm.obj</name>
      </input_file>
      <input_file id="fl-32">
         <path>C:\ti\ccs2041\ccs\tools\compiler\ti-cgt-c2000_22.6.3.LTS\lib\</path>
         <kind>archive</kind>
         <file>rts2800_fpu32_eabi.lib</file>
         <name>l_tofd28.asm.obj</name>
      </input_file>
      <input_file id="fl-33">
         <path>C:\ti\ccs2041\ccs\tools\compiler\ti-cgt-c2000_22.6.3.LTS\lib\</path>
         <kind>archive</kind>
         <file>rts2800_fpu32_eabi.lib</file>
         <name>fs_tofdfpu32.asm.obj</name>
      </input_file>
      <input_file id="fl-34">
         <path>C:\ti\ccs2041\ccs\tools\compiler\ti-cgt-c2000_22.6.3.LTS\lib\</path>
         <kind>archive</kind>
         <file>rts2800_fpu32_eabi.lib</file>
         <name>fd_div28.asm.obj</name>
      </input_file>
      <input_file id="fl-35">
         <path>C:\ti\ccs2041\ccs\tools\compiler\ti-cgt-c2000_22.6.3.LTS\lib\</path>
         <kind>archive</kind>
         <file>rts2800_fpu32_eabi.lib</file>
         <name>memcpy.c.obj</name>
      </input_file>
      <input_file id="fl-36">
         <path>C:\ti\ccs2041\ccs\tools\compiler\ti-cgt-c2000_22.6.3.LTS\lib\</path>
         <kind>archive</kind>
         <file>rts2800_fpu32_eabi.lib</file>
         <name>pre_init.c.obj</name>
      </input_file>
      <input_file id="fl-37">
         <path>C:\ti\ccs2041\ccs\tools\compiler\ti-cgt-c2000_22.6.3.LTS\lib\</path>
         <kind>archive</kind>
         <file>rts2800_fpu32_eabi.lib</file>
         <name>autoinit.c.obj</name>
      </input_file>
      <input_file id="fl-38">
         <path>C:\ti\ccs2041\ccs\tools\compiler\ti-cgt-c2000_22.6.3.LTS\lib\</path>
         <kind>archive</kind>
         <file>rts2800_fpu32_eabi.lib</file>
         <name>copy_zero_init.c.obj</name>
      </input_file>
      <input_file id="fl-39">
         <path>C:\ti\ccs2041\ccs\tools\compiler\ti-cgt-c2000_22.6.3.LTS\lib\</path>
         <kind>archive</kind>
         <file>rts2800_fpu32_eabi.lib</file>
         <name>copy_decompress_none.c.obj</name>
      </input_file>
      <input_file id="fl-3a">
         <path>C:\ti\ccs2041\ccs\tools\compiler\ti-cgt-c2000_22.6.3.LTS\lib\</path>
         <kind>archive</kind>
         <file>rts2800_fpu32_eabi.lib</file>
         <name>copy_decompress_lzss.c.obj</name>
      </input_file>
      <input_file id="fl-3b">
         <path>C:\ti\ccs2041\ccs\tools\compiler\ti-cgt-c2000_22.6.3.LTS\lib\</path>
         <kind>archive</kind>
         <file>rts2800_fpu32_eabi.lib</file>
         <name>exit.c.obj</name>
      </input_file>
      <input_file id="fl-3c">
         <path>C:\ti\ccs2041\ccs\tools\compiler\ti-cgt-c2000_22.6.3.LTS\lib\</path>
         <kind>archive</kind>
         <file>rts2800_fpu32_eabi.lib</file>
         <name>_lock.c.obj</name>
      </input_file>
      <input_file id="fl-3d">
         <path>C:\ti\ccs2041\ccs\tools\compiler\ti-cgt-c2000_22.6.3.LTS\lib\</path>
         <kind>archive</kind>
         <file>rts2800_fpu32_eabi.lib</file>
         <name>_ltoa.c.obj</name>
      </input_file>
      <input_file id="fl-3e">
         <path>C:\ti\ccs2041\ccs\tools\compiler\ti-cgt-c2000_22.6.3.LTS\lib\</path>
         <kind>archive</kind>
         <file>rts2800_fpu32_eabi.lib</file>
         <name>args_main.c.obj</name>
      </input_file>
      <input_file id="fl-3f">
         <path>C:\ti\ccs2041\ccs\tools\compiler\ti-cgt-c2000_22.6.3.LTS\lib\</path>
         <kind>archive</kind>
         <file>rts2800_fpu32_eabi.lib</file>
         <name>atoi.c.obj</name>
      </input_file>
      <input_file id="fl-40">
         <path>C:\ti\ccs2041\ccs\tools\compiler\ti-cgt-c2000_22.6.3.LTS\lib\</path>
         <kind>archive</kind>
         <file>rts2800_fpu32_eabi.lib</file>
         <name>ctype.c.obj</name>
      </input_file>
      <input_file id="fl-41">
         <path>C:\ti\ccs2041\ccs\tools\compiler\ti-cgt-c2000_22.6.3.LTS\lib\</path>
         <kind>archive</kind>
         <file>rts2800_fpu32_eabi.lib</file>
         <name>defs.c.obj</name>
      </input_file>
      <input_file id="fl-42">
         <path>C:\ti\ccs2041\ccs\tools\compiler\ti-cgt-c2000_22.6.3.LTS\lib\</path>
         <kind>archive</kind>
         <file>rts2800_fpu32_eabi.lib</file>
         <name>memccpy.c.obj</name>
      </input_file>
      <input_file id="fl-43">
         <path>C:\ti\ccs2041\ccs\tools\compiler\ti-cgt-c2000_22.6.3.LTS\lib\</path>
         <kind>archive</kind>
         <file>rts2800_fpu32_eabi.lib</file>
         <name>memchr.c.obj</name>
      </input_file>
      <input_file id="fl-44">
         <path>C:\ti\ccs2041\ccs\tools\compiler\ti-cgt-c2000_22.6.3.LTS\lib\</path>
         <kind>archive</kind>
         <file>rts2800_fpu32_eabi.lib</file>
         <name>memory.c.obj</name>
      </input_file>
      <input_file id="fl-45">
         <path>C:\ti\ccs2041\ccs\tools\compiler\ti-cgt-c2000_22.6.3.LTS\lib\</path>
         <kind>archive</kind>
         <file>rts2800_fpu32_eabi.lib</file>
         <name>memset.c.obj</name>
      </input_file>
      <input_file id="fl-46">
         <path>C:\ti\ccs2041\ccs\tools\compiler\ti-cgt-c2000_22.6.3.LTS\lib\</path>
         <kind>archive</kind>
         <file>rts2800_fpu32_eabi.lib</file>
         <name>strchr.c.obj</name>
      </input_file>
      <input_file id="fl-47">
         <path>C:\ti\ccs2041\ccs\tools\compiler\ti-cgt-c2000_22.6.3.LTS\lib\</path>
         <kind>archive</kind>
         <file>rts2800_fpu32_eabi.lib</file>
         <name>strcpy.c.obj</name>
      </input_file>
      <input_file id="fl-48">
         <path>C:\ti\ccs2041\ccs\tools\compiler\ti-cgt-c2000_22.6.3.LTS\lib\</path>
         <kind>archive</kind>
         <file>rts2800_fpu32_eabi.lib</file>
         <name>strlen.c.obj</name>
      </input_file>
      <input_file id="fl-49">
         <path>C:\ti\ccs2041\ccs\tools\compiler\ti-cgt-c2000_22.6.3.LTS\lib\</path>
         <kind>archive</kind>
         <file>rts2800_fpu32_eabi.lib</file>
         <name>write.c.obj</name>
      </input_file>
      <input_file id="fl-4a">
         <path>C:\ti\ccs2041\ccs\tools\compiler\ti-cgt-c2000_22.6.3.LTS\lib\</path>
         <kind>archive</kind>
         <file>rts2800_fpu32_eabi.lib</file>
         <name>host_device.c.obj</name>
      </input_file>
      <input_file id="fl-4b">
         <path>C:\ti\ccs2041\ccs\tools\compiler\ti-cgt-c2000_22.6.3.LTS\lib\</path>
         <kind>archive</kind>
         <file>rts2800_fpu32_eabi.lib</file>
         <name>errno.c.obj</name>
      </input_file>
      <input_file id="fl-4c">
         <path>C:\ti\ccs2041\ccs\tools\compiler\ti-cgt-c2000_22.6.3.LTS\lib\</path>
         <kind>archive</kind>
         <file>rts2800_fpu32_eabi.lib</file>
         <name>s_frexp.c.obj</name>
      </input_file>
      <input_file id="fl-4d">
         <path>C:\ti\ccs2041\ccs\tools\compiler\ti-cgt-c2000_22.6.3.LTS\lib\</path>
         <kind>archive</kind>
         <file>rts2800_fpu32_eabi.lib</file>
         <name>s_scalbn.c.obj</name>
      </input_file>
      <input_file id="fl-4e">
         <path>C:\ti\ccs2041\ccs\tools\compiler\ti-cgt-c2000_22.6.3.LTS\lib\</path>
         <kind>archive</kind>
         <file>rts2800_fpu32_eabi.lib</file>
         <name>fopen.c.obj</name>
      </input_file>
      <input_file id="fl-4f">
         <path>C:\ti\ccs2041\ccs\tools\compiler\ti-cgt-c2000_22.6.3.LTS\lib\</path>
         <kind>archive</kind>
         <file>rts2800_fpu32_eabi.lib</file>
         <name>fseek.c.obj</name>
      </input_file>
      <input_file id="fl-50">
         <path>C:\ti\ccs2041\ccs\tools\compiler\ti-cgt-c2000_22.6.3.LTS\lib\</path>
         <kind>archive</kind>
         <file>rts2800_fpu32_eabi.lib</file>
         <name>s_copysign.c.obj</name>
      </input_file>
      <input_file id="fl-51">
         <path>C:\ti\ccs2041\ccs\tools\compiler\ti-cgt-c2000_22.6.3.LTS\lib\</path>
         <kind>archive</kind>
         <file>rts2800_fpu32_eabi.lib</file>
         <name>fd_add28.asm.obj</name>
      </input_file>
      <input_file id="fl-52">
         <path>C:\ti\ccs2041\ccs\tools\compiler\ti-cgt-c2000_22.6.3.LTS\lib\</path>
         <kind>archive</kind>
         <file>rts2800_fpu32_eabi.lib</file>
         <name>l_div28.asm.obj</name>
      </input_file>
      <input_file id="fl-53">
         <path>C:\ti\ccs2041\ccs\tools\compiler\ti-cgt-c2000_22.6.3.LTS\lib\</path>
         <kind>archive</kind>
         <file>rts2800_fpu32_eabi.lib</file>
         <name>cpy_tbl.c.obj</name>
      </input_file>
      <input_file id="fl-54">
         <path>C:\ti\ccs2041\ccs\tools\compiler\ti-cgt-c2000_22.6.3.LTS\lib\</path>
         <kind>archive</kind>
         <file>rts2800_fpu32_eabi.lib</file>
         <name>startup.c.obj</name>
      </input_file>
      <input_file id="fl-55">
         <path>C:\ti\ccs2041\ccs\tools\compiler\ti-cgt-c2000_22.6.3.LTS\lib\</path>
         <kind>archive</kind>
         <file>rts2800_fpu32_eabi.lib</file>
         <name>hostclose.c.obj</name>
      </input_file>
      <input_file id="fl-56">
         <path>C:\ti\ccs2041\ccs\tools\compiler\ti-cgt-c2000_22.6.3.LTS\lib\</path>
         <kind>archive</kind>
         <file>rts2800_fpu32_eabi.lib</file>
         <name>hostlseek.c.obj</name>
      </input_file>
      <input_file id="fl-57">
         <path>C:\ti\ccs2041\ccs\tools\compiler\ti-cgt-c2000_22.6.3.LTS\lib\</path>
         <kind>archive</kind>
         <file>rts2800_fpu32_eabi.lib</file>
         <name>hostopen.c.obj</name>
      </input_file>
      <input_file id="fl-58">
         <path>C:\ti\ccs2041\ccs\tools\compiler\ti-cgt-c2000_22.6.3.LTS\lib\</path>
         <kind>archive</kind>
         <file>rts2800_fpu32_eabi.lib</file>
         <name>hostread.c.obj</name>
      </input_file>
      <input_file id="fl-59">
         <path>C:\ti\ccs2041\ccs\tools\compiler\ti-cgt-c2000_22.6.3.LTS\lib\</path>
         <kind>archive</kind>
         <file>rts2800_fpu32_eabi.lib</file>
         <name>hostrename.c.obj</name>
      </input_file>
      <input_file id="fl-5a">
         <path>C:\ti\ccs2041\ccs\tools\compiler\ti-cgt-c2000_22.6.3.LTS\lib\</path>
         <kind>archive</kind>
         <file>rts2800_fpu32_eabi.lib</file>
         <name>hostunlink.c.obj</name>
      </input_file>
      <input_file id="fl-5b">
         <path>C:\ti\ccs2041\ccs\tools\compiler\ti-cgt-c2000_22.6.3.LTS\lib\</path>
         <kind>archive</kind>
         <file>rts2800_fpu32_eabi.lib</file>
         <name>hostwrite.c.obj</name>
      </input_file>
      <input_file id="fl-5c">
         <path>C:\ti\ccs2041\ccs\tools\compiler\ti-cgt-c2000_22.6.3.LTS\lib\</path>
         <kind>archive</kind>
         <file>rts2800_fpu32_eabi.lib</file>
         <name>trgmsg.c.obj</name>
      </input_file>
      <input_file id="fl-5d">
         <path>C:\ti\ccs2041\ccs\tools\compiler\ti-cgt-c2000_22.6.3.LTS\lib\</path>
         <kind>archive</kind>
         <file>rts2800_fpu32_eabi.lib</file>
         <name>open.c.obj</name>
      </input_file>
      <input_file id="fl-5e">
         <path>C:\ti\ccs2041\ccs\tools\compiler\ti-cgt-c2000_22.6.3.LTS\lib\</path>
         <kind>archive</kind>
         <file>rts2800_fpu32_eabi.lib</file>
         <name>lseek.c.obj</name>
      </input_file>
      <input_file id="fl-5f">
         <path>C:\ti\ccs2041\ccs\tools\compiler\ti-cgt-c2000_22.6.3.LTS\lib\</path>
         <kind>archive</kind>
         <file>rts2800_fpu32_eabi.lib</file>
         <name>fclose.c.obj</name>
      </input_file>
      <input_file id="fl-60">
         <path>C:\ti\ccs2041\ccs\tools\compiler\ti-cgt-c2000_22.6.3.LTS\lib\</path>
         <kind>archive</kind>
         <file>rts2800_fpu32_eabi.lib</file>
         <name>getdevice.c.obj</name>
      </input_file>
      <input_file id="fl-61">
         <path>C:\ti\ccs2041\ccs\tools\compiler\ti-cgt-c2000_22.6.3.LTS\lib\</path>
         <kind>archive</kind>
         <file>rts2800_fpu32_eabi.lib</file>
         <name>strcmp.c.obj</name>
      </input_file>
      <input_file id="fl-62">
         <path>C:\ti\ccs2041\ccs\tools\compiler\ti-cgt-c2000_22.6.3.LTS\lib\</path>
         <kind>archive</kind>
         <file>rts2800_fpu32_eabi.lib</file>
         <name>strncpy.c.obj</name>
      </input_file>
      <input_file id="fl-63">
         <path>C:\ti\ccs2041\ccs\tools\compiler\ti-cgt-c2000_22.6.3.LTS\lib\</path>
         <kind>archive</kind>
         <file>rts2800_fpu32_eabi.lib</file>
         <name>remove.c.obj</name>
      </input_file>
      <input_file id="fl-64">
         <path>C:\ti\ccs2041\ccs\tools\compiler\ti-cgt-c2000_22.6.3.LTS\lib\</path>
         <kind>archive</kind>
         <file>rts2800_fpu32_eabi.lib</file>
         <name>close.c.obj</name>
      </input_file>
      <input_file id="fl-65">
         <path>C:\ti\ccs2041\ccs\tools\compiler\ti-cgt-c2000_22.6.3.LTS\lib\</path>
         <kind>archive</kind>
         <file>rts2800_fpu32_eabi.lib</file>
         <name>unlink.c.obj</name>
      </input_file>
   </input_file_list>
   <object_component_list>
      <object_component id="oc-2d">
         <name>codestart</name>
         <load_address>0x0</load_address>
         <run_address>0x0</run_address>
         <size>0x2</size>
         <input_file_ref idref="fl-5"/>
      </object_component>
      <object_component id="oc-233">
         <name>.text:__TI_printfi</name>
         <load_address>0x8000</load_address>
         <run_address>0x8000</run_address>
         <size>0x614</size>
         <input_file_ref idref="fl-1f"/>
      </object_component>
      <object_component id="oc-289">
         <name>.text</name>
         <load_address>0x8614</load_address>
         <run_address>0x8614</run_address>
         <size>0x107</size>
         <input_file_ref idref="fl-30"/>
      </object_component>
      <object_component id="oc-346">
         <name>.text</name>
         <load_address>0x871b</load_address>
         <run_address>0x871b</run_address>
         <size>0xa9</size>
         <input_file_ref idref="fl-4d"/>
      </object_component>
      <object_component id="oc-358">
         <name>.text</name>
         <load_address>0x87c4</load_address>
         <run_address>0x87c4</run_address>
         <size>0x3a</size>
         <input_file_ref idref="fl-57"/>
      </object_component>
      <object_component id="oc-97">
         <name>.text</name>
         <load_address>0x87fe</load_address>
         <run_address>0x87fe</run_address>
         <size>0x2</size>
         <input_file_ref idref="fl-36"/>
      </object_component>
      <object_component id="oc-109">
         <name>.text</name>
         <load_address>0x8800</load_address>
         <run_address>0x8800</run_address>
         <size>0x3ff</size>
         <input_file_ref idref="fl-6"/>
      </object_component>
      <object_component id="oc-2e6">
         <name>.text</name>
         <load_address>0x8bff</load_address>
         <run_address>0x8bff</run_address>
         <size>0x298</size>
         <input_file_ref idref="fl-44"/>
      </object_component>
      <object_component id="oc-1bc">
         <name>.text</name>
         <load_address>0x8e97</load_address>
         <run_address>0x8e97</run_address>
         <size>0xa8</size>
         <input_file_ref idref="fl-22"/>
      </object_component>
      <object_component id="oc-3d8">
         <name>.text</name>
         <load_address>0x8f3f</load_address>
         <run_address>0x8f3f</run_address>
         <size>0x9c</size>
         <input_file_ref idref="fl-51"/>
      </object_component>
      <object_component id="oc-376">
         <name>.text</name>
         <load_address>0x8fdb</load_address>
         <run_address>0x8fdb</run_address>
         <size>0x24</size>
         <input_file_ref idref="fl-5a"/>
      </object_component>
      <object_component id="oc-f3">
         <name>.text</name>
         <load_address>0x8fff</load_address>
         <run_address>0x8fff</run_address>
         <size>0x1</size>
         <input_file_ref idref="fl-54"/>
      </object_component>
      <object_component id="oc-e0">
         <name>.text</name>
         <load_address>0x9000</load_address>
         <run_address>0x9000</run_address>
         <size>0x214</size>
         <input_file_ref idref="fl-4"/>
      </object_component>
      <object_component id="oc-164">
         <name>.text:SysCtl_setClock</name>
         <load_address>0x9214</load_address>
         <run_address>0x9214</run_address>
         <size>0x209</size>
         <input_file_ref idref="fl-12"/>
      </object_component>
      <object_component id="oc-3f5">
         <name>.text</name>
         <load_address>0x941e</load_address>
         <run_address>0x941e</run_address>
         <size>0x95</size>
         <input_file_ref idref="fl-5c"/>
      </object_component>
      <object_component id="oc-24f">
         <name>.text:SysCtl_selectXTAL</name>
         <load_address>0x94b3</load_address>
         <run_address>0x94b3</run_address>
         <size>0x90</size>
         <input_file_ref idref="fl-12"/>
      </object_component>
      <object_component id="oc-31c">
         <name>.text</name>
         <load_address>0x9543</load_address>
         <run_address>0x9543</run_address>
         <size>0x8b</size>
         <input_file_ref idref="fl-34"/>
      </object_component>
      <object_component id="oc-128">
         <name>.text</name>
         <load_address>0x95ce</load_address>
         <run_address>0x95ce</run_address>
         <size>0x88</size>
         <input_file_ref idref="fl-2d"/>
      </object_component>
      <object_component id="oc-321">
         <name>.text</name>
         <load_address>0x9656</load_address>
         <run_address>0x9656</run_address>
         <size>0x83</size>
         <input_file_ref idref="fl-28"/>
      </object_component>
      <object_component id="oc-25d">
         <name>.text</name>
         <load_address>0x96d9</load_address>
         <run_address>0x96d9</run_address>
         <size>0x7c</size>
         <input_file_ref idref="fl-24"/>
      </object_component>
      <object_component id="oc-13b">
         <name>.text</name>
         <load_address>0x9755</load_address>
         <run_address>0x9755</run_address>
         <size>0x73</size>
         <input_file_ref idref="fl-20"/>
      </object_component>
      <object_component id="oc-364">
         <name>.text</name>
         <load_address>0x97c8</load_address>
         <run_address>0x97c8</run_address>
         <size>0x38</size>
         <input_file_ref idref="fl-58"/>
      </object_component>
      <object_component id="oc-3a7">
         <name>.text</name>
         <load_address>0x9800</load_address>
         <run_address>0x9800</run_address>
         <size>0x71</size>
         <input_file_ref idref="fl-5d"/>
      </object_component>
      <object_component id="oc-1a6">
         <name>.text:ADC_setINLTrim</name>
         <load_address>0x9871</load_address>
         <run_address>0x9871</run_address>
         <size>0x6f</size>
         <input_file_ref idref="fl-f"/>
      </object_component>
      <object_component id="oc-15e">
         <name>.text:SysCtl_getDeviceParametric</name>
         <load_address>0x98e0</load_address>
         <run_address>0x98e0</run_address>
         <size>0x68</size>
         <input_file_ref idref="fl-12"/>
      </object_component>
      <object_component id="oc-210">
         <name>.text</name>
         <load_address>0x9948</load_address>
         <run_address>0x9948</run_address>
         <size>0x65</size>
         <input_file_ref idref="fl-23"/>
      </object_component>
      <object_component id="oc-370">
         <name>.text</name>
         <load_address>0x99ad</load_address>
         <run_address>0x99ad</run_address>
         <size>0x61</size>
         <input_file_ref idref="fl-56"/>
      </object_component>
      <object_component id="oc-1ac">
         <name>.text:ADC_setOffsetTrim</name>
         <load_address>0x9a0e</load_address>
         <run_address>0x9a0e</run_address>
         <size>0x60</size>
         <input_file_ref idref="fl-f"/>
      </object_component>
      <object_component id="oc-3ad">
         <name>.text</name>
         <load_address>0x9a6e</load_address>
         <run_address>0x9a6e</run_address>
         <size>0x5d</size>
         <input_file_ref idref="fl-5f"/>
      </object_component>
      <object_component id="oc-340">
         <name>.text</name>
         <load_address>0x9acb</load_address>
         <run_address>0x9acb</run_address>
         <size>0x5a</size>
         <input_file_ref idref="fl-4c"/>
      </object_component>
      <object_component id="oc-1b6">
         <name>.text</name>
         <load_address>0x9b25</load_address>
         <run_address>0x9b25</run_address>
         <size>0x53</size>
         <input_file_ref idref="fl-21"/>
      </object_component>
      <object_component id="oc-115">
         <name>.text:GPIO_setPadConfig</name>
         <load_address>0x9b78</load_address>
         <run_address>0x9b78</run_address>
         <size>0x52</size>
         <input_file_ref idref="fl-10"/>
      </object_component>
      <object_component id="oc-16a">
         <name>.text:SysCtl_getClock</name>
         <load_address>0x9bca</load_address>
         <run_address>0x9bca</run_address>
         <size>0x51</size>
         <input_file_ref idref="fl-12"/>
      </object_component>
      <object_component id="oc-413">
         <name>.text</name>
         <load_address>0x9c1b</load_address>
         <run_address>0x9c1b</run_address>
         <size>0x51</size>
         <input_file_ref idref="fl-60"/>
      </object_component>
      <object_component id="oc-1ee">
         <name>.text:SysCtl_selectOscSource</name>
         <load_address>0x9c6c</load_address>
         <run_address>0x9c6c</run_address>
         <size>0x48</size>
         <input_file_ref idref="fl-12"/>
      </object_component>
      <object_component id="oc-37c">
         <name>.text</name>
         <load_address>0x9cb4</load_address>
         <run_address>0x9cb4</run_address>
         <size>0x3e</size>
         <input_file_ref idref="fl-59"/>
      </object_component>
      <object_component id="oc-10f">
         <name>.text:Interrupt_initModule</name>
         <load_address>0x9cf2</load_address>
         <run_address>0x9cf2</run_address>
         <size>0x3d</size>
         <input_file_ref idref="fl-11"/>
      </object_component>
      <object_component id="oc-257">
         <name>.text</name>
         <load_address>0x9d2f</load_address>
         <run_address>0x9d2f</run_address>
         <size>0x3d</size>
         <input_file_ref idref="fl-4f"/>
      </object_component>
      <object_component id="oc-36a">
         <name>.text</name>
         <load_address>0x9d6c</load_address>
         <run_address>0x9d6c</run_address>
         <size>0x39</size>
         <input_file_ref idref="fl-5b"/>
      </object_component>
      <object_component id="oc-183">
         <name>.text:GPIO_setControllerCore</name>
         <load_address>0x9da5</load_address>
         <run_address>0x9da5</run_address>
         <size>0x37</size>
         <input_file_ref idref="fl-10"/>
      </object_component>
      <object_component id="oc-17d">
         <name>.text:GPIO_setPinConfig</name>
         <load_address>0x9ddc</load_address>
         <run_address>0x9ddc</run_address>
         <size>0x37</size>
         <input_file_ref idref="fl-10"/>
      </object_component>
      <object_component id="oc-177">
         <name>.text:GPIO_setQualificationMode</name>
         <load_address>0x9e13</load_address>
         <run_address>0x9e13</run_address>
         <size>0x37</size>
         <input_file_ref idref="fl-10"/>
      </object_component>
      <object_component id="oc-132">
         <name>.text</name>
         <load_address>0x9e4a</load_address>
         <run_address>0x9e4a</run_address>
         <size>0x34</size>
         <input_file_ref idref="fl-1e"/>
      </object_component>
      <object_component id="oc-41b">
         <name>.text</name>
         <load_address>0x9e7e</load_address>
         <run_address>0x9e7e</run_address>
         <size>0x33</size>
         <input_file_ref idref="fl-64"/>
      </object_component>
      <object_component id="oc-11b">
         <name>.text:GPIO_setDirectionMode</name>
         <load_address>0x9eb1</load_address>
         <run_address>0x9eb1</run_address>
         <size>0x31</size>
         <input_file_ref idref="fl-10"/>
      </object_component>
      <object_component id="oc-27e">
         <name>.text</name>
         <load_address>0x9ee2</load_address>
         <run_address>0x9ee2</run_address>
         <size>0x31</size>
         <input_file_ref idref="fl-3f"/>
      </object_component>
      <object_component id="oc-32b">
         <name>.text</name>
         <load_address>0x9f13</load_address>
         <run_address>0x9f13</run_address>
         <size>0x30</size>
         <input_file_ref idref="fl-3d"/>
      </object_component>
      <object_component id="oc-121">
         <name>.text:ADC_setMode</name>
         <load_address>0x9f43</load_address>
         <run_address>0x9f43</run_address>
         <size>0x2f</size>
         <input_file_ref idref="fl-f"/>
      </object_component>
      <object_component id="oc-20">
         <name>.text:decompress:lzss</name>
         <load_address>0x9f72</load_address>
         <run_address>0x9f72</run_address>
         <size>0x2e</size>
         <input_file_ref idref="fl-3a"/>
      </object_component>
      <object_component id="oc-b0">
         <name>.text:__TI_auto_init_nobinit_nopinit</name>
         <load_address>0x9fa0</load_address>
         <run_address>0x9fa0</run_address>
         <size>0x2b</size>
         <input_file_ref idref="fl-37"/>
      </object_component>
      <object_component id="oc-312">
         <name>.text</name>
         <load_address>0x9fcb</load_address>
         <run_address>0x9fcb</run_address>
         <size>0x2a</size>
         <input_file_ref idref="fl-27"/>
      </object_component>
      <object_component id="oc-1e8">
         <name>.text:SysCtl_isMCDClockFailureDetected</name>
         <load_address>0x9ff5</load_address>
         <run_address>0x9ff5</run_address>
         <size>0xb</size>
         <input_file_ref idref="fl-12"/>
      </object_component>
      <object_component id="oc-3d0">
         <name>.text</name>
         <load_address>0xa000</load_address>
         <run_address>0xa000</run_address>
         <size>0x2a</size>
         <input_file_ref idref="fl-52"/>
      </object_component>
      <object_component id="oc-a4">
         <name>.text</name>
         <load_address>0xa02a</load_address>
         <run_address>0xa02a</run_address>
         <size>0x29</size>
         <input_file_ref idref="fl-3b"/>
      </object_component>
      <object_component id="oc-35e">
         <name>.text</name>
         <load_address>0xa053</load_address>
         <run_address>0xa053</run_address>
         <size>0x29</size>
         <input_file_ref idref="fl-55"/>
      </object_component>
      <object_component id="oc-2bf">
         <name>.text:CPUTimer_selectClockSource</name>
         <load_address>0xa07c</load_address>
         <run_address>0xa07c</run_address>
         <size>0x28</size>
         <input_file_ref idref="fl-12"/>
      </object_component>
      <object_component id="oc-3e7">
         <name>.text</name>
         <load_address>0xa0a4</load_address>
         <run_address>0xa0a4</run_address>
         <size>0x24</size>
         <input_file_ref idref="fl-50"/>
      </object_component>
      <object_component id="oc-33b">
         <name>.text</name>
         <load_address>0xa0c8</load_address>
         <run_address>0xa0c8</run_address>
         <size>0x21</size>
         <input_file_ref idref="fl-2b"/>
      </object_component>
      <object_component id="oc-393">
         <name>.text:CPUTimer_getTimerOverflowStatus</name>
         <load_address>0xa0e9</load_address>
         <run_address>0xa0e9</run_address>
         <size>0x1f</size>
         <input_file_ref idref="fl-12"/>
      </object_component>
      <object_component id="oc-326">
         <name>.text</name>
         <load_address>0xa108</load_address>
         <run_address>0xa108</run_address>
         <size>0x1f</size>
         <input_file_ref idref="fl-2c"/>
      </object_component>
      <object_component id="oc-37">
         <name>.text:Interrupt_initVectorTable</name>
         <load_address>0xa127</load_address>
         <run_address>0xa127</run_address>
         <size>0x1e</size>
         <input_file_ref idref="fl-11"/>
      </object_component>
      <object_component id="oc-284">
         <name>.text</name>
         <load_address>0xa145</load_address>
         <run_address>0xa145</run_address>
         <size>0x1e</size>
         <input_file_ref idref="fl-2f"/>
      </object_component>
      <object_component id="oc-50">
         <name>.text</name>
         <load_address>0xa163</load_address>
         <run_address>0xa163</run_address>
         <size>0x1d</size>
         <input_file_ref idref="fl-35"/>
      </object_component>
      <object_component id="oc-12d">
         <name>.text</name>
         <load_address>0xa180</load_address>
         <run_address>0xa180</run_address>
         <size>0x1c</size>
         <input_file_ref idref="fl-33"/>
      </object_component>
      <object_component id="oc-331">
         <name>.text</name>
         <load_address>0xa19c</load_address>
         <run_address>0xa19c</run_address>
         <size>0x1c</size>
         <input_file_ref idref="fl-32"/>
      </object_component>
      <object_component id="oc-19f">
         <name>.text:ADC_isBaseValid</name>
         <load_address>0xa1b8</load_address>
         <run_address>0xa1b8</run_address>
         <size>0x1b</size>
         <input_file_ref idref="fl-f"/>
      </object_component>
      <object_component id="oc-2cb">
         <name>.text:CPUTimer_startTimer</name>
         <load_address>0xa1d3</load_address>
         <run_address>0xa1d3</run_address>
         <size>0x1a</size>
         <input_file_ref idref="fl-12"/>
      </object_component>
      <object_component id="oc-171">
         <name>.text:SysCtl_getLowSpeedClock</name>
         <load_address>0xa1ed</load_address>
         <run_address>0xa1ed</run_address>
         <size>0x1a</size>
         <input_file_ref idref="fl-12"/>
      </object_component>
      <object_component id="oc-424">
         <name>.text</name>
         <load_address>0xa207</load_address>
         <run_address>0xa207</run_address>
         <size>0x19</size>
         <input_file_ref idref="fl-65"/>
      </object_component>
      <object_component id="oc-1cb">
         <name>.text</name>
         <load_address>0xa220</load_address>
         <run_address>0xa220</run_address>
         <size>0x19</size>
         <input_file_ref idref="fl-49"/>
      </object_component>
      <object_component id="oc-28e">
         <name>.text</name>
         <load_address>0xa239</load_address>
         <run_address>0xa239</run_address>
         <size>0x18</size>
         <input_file_ref idref="fl-2e"/>
      </object_component>
      <object_component id="oc-2de">
         <name>.text</name>
         <load_address>0xa251</load_address>
         <run_address>0xa251</run_address>
         <size>0x18</size>
         <input_file_ref idref="fl-5e"/>
      </object_component>
      <object_component id="oc-387">
         <name>.text:CPUTimer_isBaseValid</name>
         <load_address>0xa269</load_address>
         <run_address>0xa269</run_address>
         <size>0x17</size>
         <input_file_ref idref="fl-12"/>
      </object_component>
      <object_component id="oc-83">
         <name>.text</name>
         <load_address>0xa280</load_address>
         <run_address>0xa280</run_address>
         <size>0x17</size>
         <input_file_ref idref="fl-26"/>
      </object_component>
      <object_component id="oc-32">
         <name>.text:Interrupt_defaultHandler</name>
         <load_address>0xa297</load_address>
         <run_address>0xa297</run_address>
         <size>0x16</size>
         <input_file_ref idref="fl-11"/>
      </object_component>
      <object_component id="oc-468">
         <name>.text</name>
         <load_address>0xa2ad</load_address>
         <run_address>0xa2ad</run_address>
         <size>0x15</size>
         <input_file_ref idref="fl-62"/>
      </object_component>
      <object_component id="oc-2b3">
         <name>.text:CPUTimer_stopTimer</name>
         <load_address>0xa2c2</load_address>
         <run_address>0xa2c2</run_address>
         <size>0x14</size>
         <input_file_ref idref="fl-12"/>
      </object_component>
      <object_component id="oc-2c5">
         <name>.text:CPUTimer_clearOverflowFlag</name>
         <load_address>0xa2d6</load_address>
         <run_address>0xa2d6</run_address>
         <size>0x12</size>
         <input_file_ref idref="fl-12"/>
      </object_component>
      <object_component id="oc-2ad">
         <name>.text:CPUTimer_disableInterrupt</name>
         <load_address>0xa2e8</load_address>
         <run_address>0xa2e8</run_address>
         <size>0x12</size>
         <input_file_ref idref="fl-12"/>
      </object_component>
      <object_component id="oc-2b9">
         <name>.text:CPUTimer_setPeriod</name>
         <load_address>0xa2fa</load_address>
         <run_address>0xa2fa</run_address>
         <size>0x11</size>
         <input_file_ref idref="fl-12"/>
      </object_component>
      <object_component id="oc-276">
         <name>.text</name>
         <load_address>0xa30b</load_address>
         <run_address>0xa30b</run_address>
         <size>0x10</size>
         <input_file_ref idref="fl-42"/>
      </object_component>
      <object_component id="oc-2d1">
         <name>.text:SysCtl_pollCpuTimer</name>
         <load_address>0xa31b</load_address>
         <run_address>0xa31b</run_address>
         <size>0xf</size>
         <input_file_ref idref="fl-12"/>
      </object_component>
      <object_component id="oc-195">
         <name>.text:GPIO_isPinValid</name>
         <load_address>0xa32a</load_address>
         <run_address>0xa32a</run_address>
         <size>0xe</size>
         <input_file_ref idref="fl-10"/>
      </object_component>
      <object_component id="oc-336">
         <name>.text</name>
         <load_address>0xa338</load_address>
         <run_address>0xa338</run_address>
         <size>0xe</size>
         <input_file_ref idref="fl-2a"/>
      </object_component>
      <object_component id="oc-18e">
         <name>.text:Interrupt_disableGlobal</name>
         <load_address>0xa346</load_address>
         <run_address>0xa346</run_address>
         <size>0xd</size>
         <input_file_ref idref="fl-11"/>
      </object_component>
      <object_component id="oc-58">
         <name>.text:decompress:ZI:__TI_zero_init_nomemset</name>
         <load_address>0xa353</load_address>
         <run_address>0xa353</run_address>
         <size>0xd</size>
         <input_file_ref idref="fl-38"/>
      </object_component>
      <object_component id="oc-21e">
         <name>.text</name>
         <load_address>0xa360</load_address>
         <run_address>0xa360</run_address>
         <size>0xd</size>
         <input_file_ref idref="fl-43"/>
      </object_component>
      <object_component id="oc-9e">
         <name>.text</name>
         <load_address>0xa36d</load_address>
         <run_address>0xa36d</run_address>
         <size>0xc</size>
         <input_file_ref idref="fl-3e"/>
      </object_component>
      <object_component id="oc-351">
         <name>.text</name>
         <load_address>0xa379</load_address>
         <run_address>0xa379</run_address>
         <size>0xc</size>
         <input_file_ref idref="fl-46"/>
      </object_component>
      <object_component id="oc-293">
         <name>.text</name>
         <load_address>0xa385</load_address>
         <run_address>0xa385</run_address>
         <size>0xb</size>
         <input_file_ref idref="fl-25"/>
      </object_component>
      <object_component id="oc-3e">
         <name>.text:Interrupt_illegalOperationHandler</name>
         <load_address>0xa390</load_address>
         <run_address>0xa390</run_address>
         <size>0xa</size>
         <input_file_ref idref="fl-11"/>
      </object_component>
      <object_component id="oc-44">
         <name>.text:Interrupt_nmiHandler</name>
         <load_address>0xa39a</load_address>
         <run_address>0xa39a</run_address>
         <size>0xa</size>
         <input_file_ref idref="fl-11"/>
      </object_component>
      <object_component id="oc-462">
         <name>.text</name>
         <load_address>0xa3a4</load_address>
         <run_address>0xa3a4</run_address>
         <size>0xa</size>
         <input_file_ref idref="fl-61"/>
      </object_component>
      <object_component id="oc-1f4">
         <name>.text:SysCtl_serviceWatchdog</name>
         <load_address>0xa3ae</load_address>
         <run_address>0xa3ae</run_address>
         <size>0x9</size>
         <input_file_ref idref="fl-12"/>
      </object_component>
      <object_component id="oc-14b">
         <name>.text</name>
         <load_address>0xa3b7</load_address>
         <run_address>0xa3b7</run_address>
         <size>0x9</size>
         <input_file_ref idref="fl-3c"/>
      </object_component>
      <object_component id="oc-317">
         <name>.text</name>
         <load_address>0xa3c0</load_address>
         <run_address>0xa3c0</run_address>
         <size>0x9</size>
         <input_file_ref idref="fl-29"/>
      </object_component>
      <object_component id="oc-64">
         <name>.text</name>
         <load_address>0xa3c9</load_address>
         <run_address>0xa3c9</run_address>
         <size>0x8</size>
         <input_file_ref idref="fl-5"/>
      </object_component>
      <object_component id="oc-26">
         <name>.text:decompress:none</name>
         <load_address>0xa3d1</load_address>
         <run_address>0xa3d1</run_address>
         <size>0x8</size>
         <input_file_ref idref="fl-39"/>
      </object_component>
      <object_component id="oc-218">
         <name>.text</name>
         <load_address>0xa3d9</load_address>
         <run_address>0xa3d9</run_address>
         <size>0x8</size>
         <input_file_ref idref="fl-48"/>
      </object_component>
      <object_component id="oc-2d7">
         <name>.text:SysCtl_resetMCD</name>
         <load_address>0xa3e1</load_address>
         <run_address>0xa3e1</run_address>
         <size>0x7</size>
         <input_file_ref idref="fl-12"/>
      </object_component>
      <object_component id="oc-7c">
         <name>.text</name>
         <load_address>0xa3e8</load_address>
         <run_address>0xa3e8</run_address>
         <size>0x7</size>
         <input_file_ref idref="fl-45"/>
      </object_component>
      <object_component id="oc-270">
         <name>.text</name>
         <load_address>0xa3ef</load_address>
         <run_address>0xa3ef</run_address>
         <size>0x5</size>
         <input_file_ref idref="fl-47"/>
      </object_component>
      <object_component id="oc-29d">
         <name>.text</name>
         <load_address>0xb000</load_address>
         <run_address>0xb000</run_address>
         <size>0x6c2</size>
         <input_file_ref idref="fl-1f"/>
      </object_component>
      <object_component id="oc-2ec">
         <name>.text</name>
         <load_address>0xb6c2</load_address>
         <run_address>0xb6c2</run_address>
         <size>0x121</size>
         <input_file_ref idref="fl-4e"/>
      </object_component>
      <object_component id="oc-34c">
         <name>.text</name>
         <load_address>0xb7e3</load_address>
         <run_address>0xb7e3</run_address>
         <size>0x1d</size>
         <input_file_ref idref="fl-31"/>
      </object_component>
      <object_component id="oc-4cd">
         <name>.cinit..data.load</name>
         <load_address>0x128</load_address>
         <run_address>0x128</run_address>
         <size>0x30</size>
      </object_component>
      <object_component id="oc-4ca">
         <name>__TI_handler_table</name>
         <load_address>0x158</load_address>
         <run_address>0x158</run_address>
         <size>0x6</size>
      </object_component>
      <object_component id="oc-4cc">
         <name>.cinit..bss.load</name>
         <load_address>0x15e</load_address>
         <run_address>0x15e</run_address>
         <size>0x4</size>
      </object_component>
      <object_component id="oc-4cb">
         <name>__TI_cinit_table</name>
         <load_address>0x162</load_address>
         <run_address>0x162</run_address>
         <size>0x8</size>
      </object_component>
      <object_component id="oc-4a">
         <name>.stack</name>
         <uninitialized>true</uninitialized>
         <run_address>0xe000</run_address>
         <size>0x0</size>
         <input_file_ref idref="fl-26"/>
      </object_component>
      <object_component id="oc-4ce">
         <name>.stack</name>
         <uninitialized>true</uninitialized>
         <run_address>0xe000</run_address>
         <size>0x0</size>
      </object_component>
      <object_component id="oc-421">
         <name>.bss:__TI_tmpnams</name>
         <uninitialized>true</uninitialized>
         <run_address>0xc120</run_address>
         <size>0xa0</size>
         <input_file_ref idref="fl-41"/>
      </object_component>
      <object_component id="oc-3a0">
         <name>.bss</name>
         <uninitialized>true</uninitialized>
         <run_address>0xc1c8</run_address>
         <size>0x2</size>
         <input_file_ref idref="fl-44"/>
      </object_component>
      <object_component id="oc-3f2">
         <name>.bss:parmbuf</name>
         <uninitialized>true</uninitialized>
         <run_address>0xc1c0</run_address>
         <size>0x8</size>
         <input_file_ref idref="fl-57"/>
      </object_component>
      <object_component id="oc-448">
         <name>.bss:_CIOBUF_</name>
         <uninitialized>true</uninitialized>
         <run_address>0xc000</run_address>
         <size>0x120</size>
         <input_file_ref idref="fl-5c"/>
      </object_component>
      <object_component id="oc-304">
         <name>.const:.string:_ctypes_</name>
         <load_address>0xa800</load_address>
         <run_address>0xa800</run_address>
         <size>0x101</size>
         <input_file_ref idref="fl-40"/>
      </object_component>
      <object_component id="oc-1e7">
         <name>.const:.string</name>
         <load_address>0xa902</load_address>
         <run_address>0xa902</run_address>
         <size>0xc2</size>
         <input_file_ref idref="fl-12"/>
      </object_component>
      <object_component id="oc-19b">
         <name>.const:.string</name>
         <load_address>0xa9c4</load_address>
         <run_address>0xa9c4</run_address>
         <size>0xbc</size>
         <input_file_ref idref="fl-10"/>
      </object_component>
      <object_component id="oc-108">
         <name>.const:.string</name>
         <load_address>0xaa80</load_address>
         <run_address>0xaa80</run_address>
         <size>0x9d</size>
         <input_file_ref idref="fl-4"/>
      </object_component>
      <object_component id="oc-1a5">
         <name>.const:.string</name>
         <load_address>0xab1e</load_address>
         <run_address>0xab1e</run_address>
         <size>0x5d</size>
         <input_file_ref idref="fl-f"/>
      </object_component>
      <object_component id="oc-26f">
         <name>.const:.string</name>
         <load_address>0xab7c</load_address>
         <run_address>0xab7c</run_address>
         <size>0x26</size>
         <input_file_ref idref="fl-1f"/>
      </object_component>
      <object_component id="oc-311">
         <name>.const</name>
         <load_address>0xaba2</load_address>
         <run_address>0xaba2</run_address>
         <size>0x1c</size>
         <input_file_ref idref="fl-1f"/>
      </object_component>
      <object_component id="oc-224">
         <name>.const:.string</name>
         <load_address>0xabbe</load_address>
         <run_address>0xabbe</run_address>
         <size>0x2</size>
         <input_file_ref idref="fl-22"/>
      </object_component>
      <object_component id="oc-3e4">
         <name>.const</name>
         <load_address>0xabc0</load_address>
         <run_address>0xabc0</run_address>
         <size>0x1c</size>
         <input_file_ref idref="fl-4d"/>
      </object_component>
      <object_component id="oc-170">
         <name>.const:.string</name>
         <load_address>0xabdc</load_address>
         <run_address>0xabdc</run_address>
         <size>0x13</size>
         <input_file_ref idref="fl-6"/>
      </object_component>
      <object_component id="oc-3df">
         <name>.const</name>
         <load_address>0xabf0</load_address>
         <run_address>0xabf0</run_address>
         <size>0x8</size>
         <input_file_ref idref="fl-4c"/>
      </object_component>
      <object_component id="oc-141">
         <name>.data</name>
         <load_address>0xc2c0</load_address>
         <run_address>0xc2c0</run_address>
         <size>0x4</size>
         <input_file_ref idref="fl-4"/>
      </object_component>
      <object_component id="oc-189">
         <name>.data</name>
         <load_address>0xc2b2</load_address>
         <run_address>0xc2b2</run_address>
         <size>0x6</size>
         <input_file_ref idref="fl-6"/>
      </object_component>
      <object_component id="oc-e8">
         <name>.data</name>
         <load_address>0xc2b8</load_address>
         <run_address>0xc2b8</run_address>
         <size>0x6</size>
         <input_file_ref idref="fl-3b"/>
      </object_component>
      <object_component id="oc-eb">
         <name>.data:_lock</name>
         <load_address>0xc2be</load_address>
         <run_address>0xc2be</run_address>
         <size>0x2</size>
         <input_file_ref idref="fl-3c"/>
      </object_component>
      <object_component id="oc-1c3">
         <name>.data:_unlock</name>
         <load_address>0xc2c4</load_address>
         <run_address>0xc2c4</run_address>
         <size>0x2</size>
         <input_file_ref idref="fl-3c"/>
      </object_component>
      <object_component id="oc-1d1">
         <name>.data</name>
         <load_address>0xc2c6</load_address>
         <run_address>0xc2c6</run_address>
         <size>0x1</size>
         <input_file_ref idref="fl-41"/>
      </object_component>
      <object_component id="oc-138">
         <name>.data:_ftable</name>
         <load_address>0xc1ca</load_address>
         <run_address>0xc1ca</run_address>
         <size>0x78</size>
         <input_file_ref idref="fl-41"/>
      </object_component>
      <object_component id="oc-3a3">
         <name>.data</name>
         <load_address>0xc2c9</load_address>
         <run_address>0xc2c9</run_address>
         <size>0x1</size>
         <input_file_ref idref="fl-44"/>
      </object_component>
      <object_component id="oc-241">
         <name>.data:_stream</name>
         <load_address>0xc28a</load_address>
         <run_address>0xc28a</run_address>
         <size>0x28</size>
         <input_file_ref idref="fl-4a"/>
      </object_component>
      <object_component id="oc-2a4">
         <name>.data:_device</name>
         <load_address>0xc242</load_address>
         <run_address>0xc242</run_address>
         <size>0x48</size>
         <input_file_ref idref="fl-4a"/>
      </object_component>
      <object_component id="oc-299">
         <name>.data</name>
         <load_address>0xc2c7</load_address>
         <run_address>0xc2c7</run_address>
         <size>0x1</size>
         <input_file_ref idref="fl-4b"/>
      </object_component>
      <object_component id="oc-3b3">
         <name>.data</name>
         <load_address>0xc2c8</load_address>
         <run_address>0xc2c8</run_address>
         <size>0x1</size>
         <input_file_ref idref="fl-4e"/>
      </object_component>
      <object_component id="oc-412">
         <name>.data</name>
         <load_address>0xc2ca</load_address>
         <run_address>0xc2ca</run_address>
         <size>0x1</size>
         <input_file_ref idref="fl-5d"/>
      </object_component>
      <object_component id="oc-4b">
         <name>.sysmem</name>
         <uninitialized>true</uninitialized>
         <run_address>0xd000</run_address>
         <size>0x4</size>
         <input_file_ref idref="fl-44"/>
      </object_component>
      <object_component id="oc-4cf">
         <name>.sysmem</name>
         <uninitialized>true</uninitialized>
         <run_address>0xd000</run_address>
         <size>0x0</size>
      </object_component>
      <object_component id="oc-127">
         <name>.TI.ramfunc</name>
         <load_address>0x123</load_address>
         <run_address>0x123</run_address>
         <size>0x4</size>
         <input_file_ref idref="fl-12"/>
      </object_component>
      <object_component id="oc-145">
         <name>.debug_types</name>
         <load_address>0x0</load_address>
         <run_address>0x0</run_address>
         <size>0x1362</size>
         <input_file_ref idref="fl-4"/>
      </object_component>
      <object_component id="oc-18d">
         <name>.debug_types</name>
         <load_address>0x1362</load_address>
         <run_address>0x1362</run_address>
         <size>0xf4f</size>
         <input_file_ref idref="fl-6"/>
      </object_component>
      <object_component id="oc-1b3">
         <name>.debug_types</name>
         <load_address>0x22b1</load_address>
         <run_address>0x22b1</run_address>
         <size>0x19a</size>
         <input_file_ref idref="fl-f"/>
      </object_component>
      <object_component id="oc-19d">
         <name>.debug_types</name>
         <load_address>0x244b</load_address>
         <run_address>0x244b</run_address>
         <size>0x2c4</size>
         <input_file_ref idref="fl-10"/>
      </object_component>
      <object_component id="oc-6b">
         <name>.debug_types</name>
         <load_address>0x0</load_address>
         <run_address>0x0</run_address>
         <size>0x0</size>
         <input_file_ref idref="fl-11"/>
      </object_component>
      <object_component id="oc-1e6">
         <name>.debug_types</name>
         <load_address>0x270f</load_address>
         <run_address>0x270f</run_address>
         <size>0x254</size>
         <input_file_ref idref="fl-12"/>
      </object_component>
      <object_component id="oc-1c7">
         <name>.debug_types</name>
         <load_address>0x2963</load_address>
         <run_address>0x2963</run_address>
         <size>0x2a8</size>
         <input_file_ref idref="fl-1e"/>
      </object_component>
      <object_component id="oc-27d">
         <name>.debug_types</name>
         <load_address>0x2c0b</load_address>
         <run_address>0x2c0b</run_address>
         <size>0xb27</size>
         <input_file_ref idref="fl-1f"/>
      </object_component>
      <object_component id="oc-1d5">
         <name>.debug_types</name>
         <load_address>0x3732</load_address>
         <run_address>0x3732</run_address>
         <size>0x2f</size>
         <input_file_ref idref="fl-20"/>
      </object_component>
      <object_component id="oc-217">
         <name>.debug_types</name>
         <load_address>0x0</load_address>
         <run_address>0x0</run_address>
         <size>0x0</size>
         <input_file_ref idref="fl-21"/>
      </object_component>
      <object_component id="oc-226">
         <name>.debug_types</name>
         <load_address>0x3761</load_address>
         <run_address>0x3761</run_address>
         <size>0x68</size>
         <input_file_ref idref="fl-22"/>
      </object_component>
      <object_component id="oc-264">
         <name>.debug_types</name>
         <load_address>0x0</load_address>
         <run_address>0x0</run_address>
         <size>0x0</size>
         <input_file_ref idref="fl-23"/>
      </object_component>
      <object_component id="oc-2f3">
         <name>.debug_types</name>
         <load_address>0x0</load_address>
         <run_address>0x0</run_address>
         <size>0x0</size>
         <input_file_ref idref="fl-24"/>
      </object_component>
      <object_component id="oc-30d">
         <name>.debug_types</name>
         <load_address>0x37c9</load_address>
         <run_address>0x37c9</run_address>
         <size>0x160</size>
         <input_file_ref idref="fl-25"/>
      </object_component>
      <object_component id="oc-76">
         <name>.debug_types</name>
         <load_address>0x3929</load_address>
         <run_address>0x3929</run_address>
         <size>0x2f</size>
         <input_file_ref idref="fl-35"/>
      </object_component>
      <object_component id="oc-af">
         <name>.debug_types</name>
         <load_address>0x0</load_address>
         <run_address>0x0</run_address>
         <size>0x0</size>
         <input_file_ref idref="fl-36"/>
      </object_component>
      <object_component id="oc-fa">
         <name>.debug_types</name>
         <load_address>0x3958</load_address>
         <run_address>0x3958</run_address>
         <size>0x412</size>
         <input_file_ref idref="fl-37"/>
      </object_component>
      <object_component id="oc-7b">
         <name>.debug_types</name>
         <load_address>0x3d6a</load_address>
         <run_address>0x3d6a</run_address>
         <size>0x169</size>
         <input_file_ref idref="fl-38"/>
      </object_component>
      <object_component id="oc-57">
         <name>.debug_types</name>
         <load_address>0x0</load_address>
         <run_address>0x0</run_address>
         <size>0x0</size>
         <input_file_ref idref="fl-39"/>
      </object_component>
      <object_component id="oc-4f">
         <name>.debug_types</name>
         <load_address>0x3ed3</load_address>
         <run_address>0x3ed3</run_address>
         <size>0x191</size>
         <input_file_ref idref="fl-3a"/>
      </object_component>
      <object_component id="oc-ef">
         <name>.debug_types</name>
         <load_address>0x4064</load_address>
         <run_address>0x4064</run_address>
         <size>0x90</size>
         <input_file_ref idref="fl-3b"/>
      </object_component>
      <object_component id="oc-153">
         <name>.debug_types</name>
         <load_address>0x40f4</load_address>
         <run_address>0x40f4</run_address>
         <size>0x2f</size>
         <input_file_ref idref="fl-3c"/>
      </object_component>
      <object_component id="oc-3d6">
         <name>.debug_types</name>
         <load_address>0x4123</load_address>
         <run_address>0x4123</run_address>
         <size>0x61</size>
         <input_file_ref idref="fl-3d"/>
      </object_component>
      <object_component id="oc-e7">
         <name>.debug_types</name>
         <load_address>0x4184</load_address>
         <run_address>0x4184</run_address>
         <size>0xb6</size>
         <input_file_ref idref="fl-3e"/>
      </object_component>
      <object_component id="oc-308">
         <name>.debug_types</name>
         <load_address>0x423a</load_address>
         <run_address>0x423a</run_address>
         <size>0x34</size>
         <input_file_ref idref="fl-3f"/>
      </object_component>
      <object_component id="oc-3c1">
         <name>.debug_types</name>
         <load_address>0x0</load_address>
         <run_address>0x0</run_address>
         <size>0x0</size>
         <input_file_ref idref="fl-40"/>
      </object_component>
      <object_component id="oc-1ca">
         <name>.debug_types</name>
         <load_address>0x426e</load_address>
         <run_address>0x426e</run_address>
         <size>0x66</size>
         <input_file_ref idref="fl-41"/>
      </object_component>
      <object_component id="oc-300">
         <name>.debug_types</name>
         <load_address>0x0</load_address>
         <run_address>0x0</run_address>
         <size>0x0</size>
         <input_file_ref idref="fl-42"/>
      </object_component>
      <object_component id="oc-26b">
         <name>.debug_types</name>
         <load_address>0x0</load_address>
         <run_address>0x0</run_address>
         <size>0x0</size>
         <input_file_ref idref="fl-43"/>
      </object_component>
      <object_component id="oc-71">
         <name>.debug_types</name>
         <load_address>0x42d4</load_address>
         <run_address>0x42d4</run_address>
         <size>0x23d</size>
         <input_file_ref idref="fl-44"/>
      </object_component>
      <object_component id="oc-96">
         <name>.debug_types</name>
         <load_address>0x0</load_address>
         <run_address>0x0</run_address>
         <size>0x0</size>
         <input_file_ref idref="fl-45"/>
      </object_component>
      <object_component id="oc-3f1">
         <name>.debug_types</name>
         <load_address>0x0</load_address>
         <run_address>0x0</run_address>
         <size>0x0</size>
         <input_file_ref idref="fl-46"/>
      </object_component>
      <object_component id="oc-2fe">
         <name>.debug_types</name>
         <load_address>0x4511</load_address>
         <run_address>0x4511</run_address>
         <size>0x34</size>
         <input_file_ref idref="fl-47"/>
      </object_component>
      <object_component id="oc-269">
         <name>.debug_types</name>
         <load_address>0x0</load_address>
         <run_address>0x0</run_address>
         <size>0x0</size>
         <input_file_ref idref="fl-48"/>
      </object_component>
      <object_component id="oc-245">
         <name>.debug_types</name>
         <load_address>0x4545</load_address>
         <run_address>0x4545</run_address>
         <size>0x575</size>
         <input_file_ref idref="fl-49"/>
      </object_component>
      <object_component id="oc-2a9">
         <name>.debug_types</name>
         <load_address>0x4aba</load_address>
         <run_address>0x4aba</run_address>
         <size>0x32</size>
         <input_file_ref idref="fl-4a"/>
      </object_component>
      <object_component id="oc-310">
         <name>.debug_types</name>
         <load_address>0x0</load_address>
         <run_address>0x0</run_address>
         <size>0x0</size>
         <input_file_ref idref="fl-4b"/>
      </object_component>
      <object_component id="oc-3e3">
         <name>.debug_types</name>
         <load_address>0x4aec</load_address>
         <run_address>0x4aec</run_address>
         <size>0x2f</size>
         <input_file_ref idref="fl-4c"/>
      </object_component>
      <object_component id="oc-3ee">
         <name>.debug_types</name>
         <load_address>0x0</load_address>
         <run_address>0x0</run_address>
         <size>0x0</size>
         <input_file_ref idref="fl-4d"/>
      </object_component>
      <object_component id="oc-3b5">
         <name>.debug_types</name>
         <load_address>0x0</load_address>
         <run_address>0x0</run_address>
         <size>0x0</size>
         <input_file_ref idref="fl-4e"/>
      </object_component>
      <object_component id="oc-2e5">
         <name>.debug_types</name>
         <load_address>0x0</load_address>
         <run_address>0x0</run_address>
         <size>0x0</size>
         <input_file_ref idref="fl-4f"/>
      </object_component>
      <object_component id="oc-43f">
         <name>.debug_types</name>
         <load_address>0x0</load_address>
         <run_address>0x0</run_address>
         <size>0x0</size>
         <input_file_ref idref="fl-50"/>
      </object_component>
      <object_component id="oc-158">
         <name>.debug_types</name>
         <load_address>0x0</load_address>
         <run_address>0x0</run_address>
         <size>0x0</size>
         <input_file_ref idref="fl-54"/>
      </object_component>
      <object_component id="oc-3fe">
         <name>.debug_types</name>
         <load_address>0x4b1b</load_address>
         <run_address>0x4b1b</run_address>
         <size>0x9e</size>
         <input_file_ref idref="fl-55"/>
      </object_component>
      <object_component id="oc-404">
         <name>.debug_types</name>
         <load_address>0x4bb9</load_address>
         <run_address>0x4bb9</run_address>
         <size>0x2f</size>
         <input_file_ref idref="fl-56"/>
      </object_component>
      <object_component id="oc-3fc">
         <name>.debug_types</name>
         <load_address>0x0</load_address>
         <run_address>0x0</run_address>
         <size>0x0</size>
         <input_file_ref idref="fl-57"/>
      </object_component>
      <object_component id="oc-400">
         <name>.debug_types</name>
         <load_address>0x0</load_address>
         <run_address>0x0</run_address>
         <size>0x0</size>
         <input_file_ref idref="fl-58"/>
      </object_component>
      <object_component id="oc-408">
         <name>.debug_types</name>
         <load_address>0x0</load_address>
         <run_address>0x0</run_address>
         <size>0x0</size>
         <input_file_ref idref="fl-59"/>
      </object_component>
      <object_component id="oc-406">
         <name>.debug_types</name>
         <load_address>0x0</load_address>
         <run_address>0x0</run_address>
         <size>0x0</size>
         <input_file_ref idref="fl-5a"/>
      </object_component>
      <object_component id="oc-402">
         <name>.debug_types</name>
         <load_address>0x0</load_address>
         <run_address>0x0</run_address>
         <size>0x0</size>
         <input_file_ref idref="fl-5b"/>
      </object_component>
      <object_component id="oc-44c">
         <name>.debug_types</name>
         <load_address>0x4be8</load_address>
         <run_address>0x4be8</run_address>
         <size>0x63</size>
         <input_file_ref idref="fl-5c"/>
      </object_component>
      <object_component id="oc-41a">
         <name>.debug_types</name>
         <load_address>0x4c4b</load_address>
         <run_address>0x4c4b</run_address>
         <size>0x56</size>
         <input_file_ref idref="fl-5d"/>
      </object_component>
      <object_component id="oc-39c">
         <name>.debug_types</name>
         <load_address>0x0</load_address>
         <run_address>0x0</run_address>
         <size>0x0</size>
         <input_file_ref idref="fl-5e"/>
      </object_component>
      <object_component id="oc-42b">
         <name>.debug_types</name>
         <load_address>0x0</load_address>
         <run_address>0x0</run_address>
         <size>0x0</size>
         <input_file_ref idref="fl-5f"/>
      </object_component>
      <object_component id="oc-46f">
         <name>.debug_types</name>
         <load_address>0x4ca1</load_address>
         <run_address>0x4ca1</run_address>
         <size>0x2f</size>
         <input_file_ref idref="fl-60"/>
      </object_component>
      <object_component id="oc-485">
         <name>.debug_types</name>
         <load_address>0x0</load_address>
         <run_address>0x0</run_address>
         <size>0x0</size>
         <input_file_ref idref="fl-61"/>
      </object_component>
      <object_component id="oc-487">
         <name>.debug_types</name>
         <load_address>0x0</load_address>
         <run_address>0x0</run_address>
         <size>0x0</size>
         <input_file_ref idref="fl-62"/>
      </object_component>
      <object_component id="oc-474">
         <name>.debug_types</name>
         <load_address>0x0</load_address>
         <run_address>0x0</run_address>
         <size>0x0</size>
         <input_file_ref idref="fl-64"/>
      </object_component>
      <object_component id="oc-478">
         <name>.debug_types</name>
         <load_address>0x0</load_address>
         <run_address>0x0</run_address>
         <size>0x0</size>
         <input_file_ref idref="fl-65"/>
      </object_component>
      <object_component id="oc-142">
         <name>.debug_info</name>
         <load_address>0x0</load_address>
         <run_address>0x0</run_address>
         <size>0x119</size>
         <input_file_ref idref="fl-4"/>
      </object_component>
      <object_component id="oc-e2">
         <name>.debug_info</name>
         <load_address>0x119</load_address>
         <run_address>0x119</run_address>
         <size>0xfb1</size>
         <input_file_ref idref="fl-4"/>
      </object_component>
      <object_component id="oc-2e">
         <name>.debug_info</name>
         <load_address>0x10ca</load_address>
         <run_address>0x10ca</run_address>
         <size>0x111</size>
         <input_file_ref idref="fl-5"/>
      </object_component>
      <object_component id="oc-66">
         <name>.debug_info</name>
         <load_address>0x11db</load_address>
         <run_address>0x11db</run_address>
         <size>0x112</size>
         <input_file_ref idref="fl-5"/>
      </object_component>
      <object_component id="oc-18a">
         <name>.debug_info</name>
         <load_address>0x12ed</load_address>
         <run_address>0x12ed</run_address>
         <size>0x15c</size>
         <input_file_ref idref="fl-6"/>
      </object_component>
      <object_component id="oc-10c">
         <name>.debug_info</name>
         <load_address>0x1449</load_address>
         <run_address>0x1449</run_address>
         <size>0x1cbb</size>
         <input_file_ref idref="fl-6"/>
      </object_component>
      <object_component id="oc-1a2">
         <name>.debug_info</name>
         <load_address>0x3104</load_address>
         <run_address>0x3104</run_address>
         <size>0x207</size>
         <input_file_ref idref="fl-f"/>
      </object_component>
      <object_component id="oc-123">
         <name>.debug_info</name>
         <load_address>0x330b</load_address>
         <run_address>0x330b</run_address>
         <size>0x2bc</size>
         <input_file_ref idref="fl-f"/>
      </object_component>
      <object_component id="oc-1aa">
         <name>.debug_info</name>
         <load_address>0x35c7</load_address>
         <run_address>0x35c7</run_address>
         <size>0x24a</size>
         <input_file_ref idref="fl-f"/>
      </object_component>
      <object_component id="oc-1ae">
         <name>.debug_info</name>
         <load_address>0x3811</load_address>
         <run_address>0x3811</run_address>
         <size>0x288</size>
         <input_file_ref idref="fl-f"/>
      </object_component>
      <object_component id="oc-196">
         <name>.debug_info</name>
         <load_address>0x3a99</load_address>
         <run_address>0x3a99</run_address>
         <size>0x205</size>
         <input_file_ref idref="fl-10"/>
      </object_component>
      <object_component id="oc-11c">
         <name>.debug_info</name>
         <load_address>0x3c9e</load_address>
         <run_address>0x3c9e</run_address>
         <size>0x27d</size>
         <input_file_ref idref="fl-10"/>
      </object_component>
      <object_component id="oc-116">
         <name>.debug_info</name>
         <load_address>0x3f1b</load_address>
         <run_address>0x3f1b</run_address>
         <size>0x266</size>
         <input_file_ref idref="fl-10"/>
      </object_component>
      <object_component id="oc-178">
         <name>.debug_info</name>
         <load_address>0x4181</load_address>
         <run_address>0x4181</run_address>
         <size>0x2ae</size>
         <input_file_ref idref="fl-10"/>
      </object_component>
      <object_component id="oc-184">
         <name>.debug_info</name>
         <load_address>0x442f</load_address>
         <run_address>0x442f</run_address>
         <size>0x296</size>
         <input_file_ref idref="fl-10"/>
      </object_component>
      <object_component id="oc-17e">
         <name>.debug_info</name>
         <load_address>0x46c5</load_address>
         <run_address>0x46c5</run_address>
         <size>0x24f</size>
         <input_file_ref idref="fl-10"/>
      </object_component>
      <object_component id="oc-18f">
         <name>.debug_info</name>
         <load_address>0x4914</load_address>
         <run_address>0x4914</run_address>
         <size>0x200</size>
         <input_file_ref idref="fl-11"/>
      </object_component>
      <object_component id="oc-110">
         <name>.debug_info</name>
         <load_address>0x4b14</load_address>
         <run_address>0x4b14</run_address>
         <size>0x20f</size>
         <input_file_ref idref="fl-11"/>
      </object_component>
      <object_component id="oc-33">
         <name>.debug_info</name>
         <load_address>0x4d23</load_address>
         <run_address>0x4d23</run_address>
         <size>0x21c</size>
         <input_file_ref idref="fl-11"/>
      </object_component>
      <object_component id="oc-3f">
         <name>.debug_info</name>
         <load_address>0x4f3f</load_address>
         <run_address>0x4f3f</run_address>
         <size>0x202</size>
         <input_file_ref idref="fl-11"/>
      </object_component>
      <object_component id="oc-45">
         <name>.debug_info</name>
         <load_address>0x5141</load_address>
         <run_address>0x5141</run_address>
         <size>0x1e8</size>
         <input_file_ref idref="fl-11"/>
      </object_component>
      <object_component id="oc-38">
         <name>.debug_info</name>
         <load_address>0x5329</load_address>
         <run_address>0x5329</run_address>
         <size>0x20c</size>
         <input_file_ref idref="fl-11"/>
      </object_component>
      <object_component id="oc-1f6">
         <name>.debug_info</name>
         <load_address>0x5535</load_address>
         <run_address>0x5535</run_address>
         <size>0x1f2</size>
         <input_file_ref idref="fl-12"/>
      </object_component>
      <object_component id="oc-1eb">
         <name>.debug_info</name>
         <load_address>0x5727</load_address>
         <run_address>0x5727</run_address>
         <size>0x20e</size>
         <input_file_ref idref="fl-12"/>
      </object_component>
      <object_component id="oc-2d9">
         <name>.debug_info</name>
         <load_address>0x5935</load_address>
         <run_address>0x5935</run_address>
         <size>0x1e4</size>
         <input_file_ref idref="fl-12"/>
      </object_component>
      <object_component id="oc-388">
         <name>.debug_info</name>
         <load_address>0x5b19</load_address>
         <run_address>0x5b19</run_address>
         <size>0x217</size>
         <input_file_ref idref="fl-12"/>
      </object_component>
      <object_component id="oc-2c8">
         <name>.debug_info</name>
         <load_address>0x5d30</load_address>
         <run_address>0x5d30</run_address>
         <size>0x244</size>
         <input_file_ref idref="fl-12"/>
      </object_component>
      <object_component id="oc-2ae">
         <name>.debug_info</name>
         <load_address>0x5f74</load_address>
         <run_address>0x5f74</run_address>
         <size>0x242</size>
         <input_file_ref idref="fl-12"/>
      </object_component>
      <object_component id="oc-2b4">
         <name>.debug_info</name>
         <load_address>0x61b6</load_address>
         <run_address>0x61b6</run_address>
         <size>0x24a</size>
         <input_file_ref idref="fl-12"/>
      </object_component>
      <object_component id="oc-2cd">
         <name>.debug_info</name>
         <load_address>0x6400</load_address>
         <run_address>0x6400</run_address>
         <size>0x24d</size>
         <input_file_ref idref="fl-12"/>
      </object_component>
      <object_component id="oc-2bb">
         <name>.debug_info</name>
         <load_address>0x664d</load_address>
         <run_address>0x664d</run_address>
         <size>0x24e</size>
         <input_file_ref idref="fl-12"/>
      </object_component>
      <object_component id="oc-394">
         <name>.debug_info</name>
         <load_address>0x689b</load_address>
         <run_address>0x689b</run_address>
         <size>0x258</size>
         <input_file_ref idref="fl-12"/>
      </object_component>
      <object_component id="oc-2c0">
         <name>.debug_info</name>
         <load_address>0x6af3</load_address>
         <run_address>0x6af3</run_address>
         <size>0x27c</size>
         <input_file_ref idref="fl-12"/>
      </object_component>
      <object_component id="oc-2d3">
         <name>.debug_info</name>
         <load_address>0x6d6f</load_address>
         <run_address>0x6d6f</run_address>
         <size>0x241</size>
         <input_file_ref idref="fl-12"/>
      </object_component>
      <object_component id="oc-16c">
         <name>.debug_info</name>
         <load_address>0x6fb0</load_address>
         <run_address>0x6fb0</run_address>
         <size>0x277</size>
         <input_file_ref idref="fl-12"/>
      </object_component>
      <object_component id="oc-166">
         <name>.debug_info</name>
         <load_address>0x7227</load_address>
         <run_address>0x7227</run_address>
         <size>0x519</size>
         <input_file_ref idref="fl-12"/>
      </object_component>
[...]
         <value>0x98e0</value>
         <object_component_ref idref="oc-15e"/>
      </symbol>
      <symbol id="sm-262">
         <name>SysCtl_selectXTAL</name>
         <value>0x94b3</value>
         <object_component_ref idref="oc-24f"/>
      </symbol>
      <symbol id="sm-263">
         <name>SysCtl_selectOscSource</name>
         <value>0x9c6c</value>
         <object_component_ref idref="oc-1ee"/>
      </symbol>
      <symbol id="sm-264">
         <name>SysCtl_getLowSpeedClock</name>
         <value>0xa1ed</value>
         <object_component_ref idref="oc-171"/>
      </symbol>
      <symbol id="sm-265">
         <name>SysCtl_setClock</name>
         <value>0x9214</value>
         <object_component_ref idref="oc-164"/>
      </symbol>
      <symbol id="sm-266">
         <name>SysCtl_getClock</name>
         <value>0x9bca</value>
         <object_component_ref idref="oc-16a"/>
      </symbol>
      <symbol id="sm-277">
         <name>printf</name>
         <value>0x9e50</value>
         <object_component_ref idref="oc-132"/>
      </symbol>
      <symbol id="sm-3df">
         <name>__TI_printfi</name>
         <value>0x848f</value>
         <object_component_ref idref="oc-233"/>
      </symbol>
      <symbol id="sm-3f6">
         <name>__TI_doflush</name>
         <value>0x9755</value>
         <object_component_ref idref="oc-13b"/>
      </symbol>
      <symbol id="sm-3f7">
         <name>fflush</name>
         <value>0x9784</value>
         <object_component_ref idref="oc-13b"/>
      </symbol>
      <symbol id="sm-40b">
         <name>putc</name>
         <value>0x9b25</value>
         <object_component_ref idref="oc-1b6"/>
      </symbol>
      <symbol id="sm-40c">
         <name>fputc</name>
         <value>0x9b25</value>
         <object_component_ref idref="oc-1b6"/>
      </symbol>
      <symbol id="sm-40d">
         <name>putchar</name>
         <value>0x9b73</value>
         <object_component_ref idref="oc-1b6"/>
      </symbol>
      <symbol id="sm-42a">
         <name>puts</name>
         <value>0x8f2c</value>
         <object_component_ref idref="oc-1bc"/>
      </symbol>
      <symbol id="sm-42b">
         <name>fputs</name>
         <value>0x8e97</value>
         <object_component_ref idref="oc-1bc"/>
      </symbol>
      <symbol id="sm-443">
         <name>__TI_wrt_ok</name>
         <value>0x9948</value>
         <object_component_ref idref="oc-210"/>
      </symbol>
      <symbol id="sm-444">
         <name>__TI_rd_ok</name>
         <value>0x9982</value>
         <object_component_ref idref="oc-210"/>
      </symbol>
      <symbol id="sm-45c">
         <name>setvbuf</name>
         <value>0x96d9</value>
         <object_component_ref idref="oc-25d"/>
      </symbol>
      <symbol id="sm-46b">
         <name>wcslen</name>
         <value>0xa385</value>
         <object_component_ref idref="oc-293"/>
      </symbol>
      <symbol id="sm-475">
         <name>_c_int00</name>
         <value>0xa280</value>
         <object_component_ref idref="oc-83"/>
      </symbol>
      <symbol id="sm-476">
         <name>__stack</name>
         <value>0xe000</value>
         <object_component_ref idref="oc-4a"/>
      </symbol>
      <symbol id="sm-482">
         <name>__c28xabi_cmpd</name>
         <value>0x9fcb</value>
         <object_component_ref idref="oc-312"/>
      </symbol>
      <symbol id="sm-490">
         <name>__c28xabi_mpyd</name>
         <value>0x9656</value>
         <object_component_ref idref="oc-321"/>
      </symbol>
      <symbol id="sm-499">
         <name>__c28xabi_negd</name>
         <value>0xa3c0</value>
         <object_component_ref idref="oc-317"/>
      </symbol>
      <symbol id="sm-4a1">
         <name>__c28xabi_subd</name>
         <value>0xa338</value>
         <object_component_ref idref="oc-336"/>
      </symbol>
      <symbol id="sm-4ac">
         <name>__c28xabi_dtoi</name>
         <value>0xa0c8</value>
         <object_component_ref idref="oc-33b"/>
      </symbol>
      <symbol id="sm-4b7">
         <name>__c28xabi_dtol</name>
         <value>0xa108</value>
         <object_component_ref idref="oc-326"/>
      </symbol>
      <symbol id="sm-4c4">
         <name>__c28xabi_divf</name>
         <value>0x95ce</value>
         <object_component_ref idref="oc-128"/>
      </symbol>
      <symbol id="sm-4cc">
         <name>__c28xabi_orll</name>
         <value>0xa241</value>
         <object_component_ref idref="oc-28e"/>
      </symbol>
      <symbol id="sm-4cd">
         <name>__c28xabi_xorll</name>
         <value>0xa249</value>
         <object_component_ref idref="oc-28e"/>
      </symbol>
      <symbol id="sm-4ce">
         <name>__c28xabi_andll</name>
         <value>0xa239</value>
         <object_component_ref idref="oc-28e"/>
      </symbol>
      <symbol id="sm-4d8">
         <name>__c28xabi_cmpll</name>
         <value>0xa145</value>
         <object_component_ref idref="oc-284"/>
      </symbol>
      <symbol id="sm-4d9">
         <name>__c28xabi_cmpull</name>
         <value>0xa157</value>
         <object_component_ref idref="oc-284"/>
      </symbol>
      <symbol id="sm-500">
         <name>__c28xabi_modull</name>
         <value>0x86b9</value>
         <object_component_ref idref="oc-289"/>
      </symbol>
      <symbol id="sm-501">
         <name>__c28xabi_divull</name>
         <value>0x868a</value>
         <object_component_ref idref="oc-289"/>
      </symbol>
      <symbol id="sm-502">
         <name>__c28xabi_divll</name>
         <value>0x8614</value>
         <object_component_ref idref="oc-289"/>
      </symbol>
      <symbol id="sm-503">
         <name>__c28xabi_modll</name>
         <value>0x8650</value>
         <object_component_ref idref="oc-289"/>
      </symbol>
      <symbol id="sm-50f">
         <name>__c28xabi_itod</name>
         <value>0xb7e3</value>
         <object_component_ref idref="oc-34c"/>
      </symbol>
      <symbol id="sm-51b">
         <name>__c28xabi_ltod</name>
         <value>0xa19c</value>
         <object_component_ref idref="oc-331"/>
      </symbol>
      <symbol id="sm-527">
         <name>__c28xabi_ftod</name>
         <value>0xa180</value>
         <object_component_ref idref="oc-12d"/>
      </symbol>
      <symbol id="sm-53a">
         <name>__c28xabi_divd</name>
         <value>0x9543</value>
         <object_component_ref idref="oc-31c"/>
      </symbol>
      <symbol id="sm-54c">
         <name>memcpy</name>
         <value>0xa163</value>
         <object_component_ref idref="oc-50"/>
      </symbol>
      <symbol id="sm-559">
         <name>_system_pre_init</name>
         <value>0x87fe</value>
         <object_component_ref idref="oc-97"/>
      </symbol>
      <symbol id="sm-568">
         <name>__TI_auto_init_nobinit_nopinit</name>
         <value>0x9fa0</value>
         <object_component_ref idref="oc-b0"/>
      </symbol>
      <symbol id="sm-577">
         <name>__TI_zero_init_nomemset</name>
         <value>0xa353</value>
         <object_component_ref idref="oc-58"/>
      </symbol>
      <symbol id="sm-584">
         <name>__TI_decompress_none</name>
         <value>0xa3d1</value>
         <object_component_ref idref="oc-26"/>
      </symbol>
      <symbol id="sm-598">
         <name>__TI_decompress_lzss</name>
         <value>0x9f72</value>
         <object_component_ref idref="oc-20"/>
      </symbol>
      <symbol id="sm-5ae">
         <name>C$$EXIT</name>
         <value>0xa02a</value>
         <object_component_ref idref="oc-a4"/>
      </symbol>
      <symbol id="sm-5af">
         <name>abort</name>
         <value>0xa02a</value>
         <object_component_ref idref="oc-a4"/>
      </symbol>
      <symbol id="sm-5b0">
         <name>exit</name>
         <value>0xa02c</value>
         <object_component_ref idref="oc-a4"/>
      </symbol>
      <symbol id="sm-5b1">
         <name>__TI_dtors_ptr</name>
         <value>0xc2bc</value>
         <object_component_ref idref="oc-e8"/>
      </symbol>
      <symbol id="sm-5b2">
         <name>__TI_cleanup_ptr</name>
         <value>0xc2ba</value>
         <object_component_ref idref="oc-e8"/>
      </symbol>
      <symbol id="sm-5b3">
         <name>__TI_enable_exit_profile_output</name>
         <value>0xc2b8</value>
         <object_component_ref idref="oc-e8"/>
      </symbol>
      <symbol id="sm-5ca">
         <name>_nop</name>
         <value>0xa3bf</value>
         <object_component_ref idref="oc-14b"/>
      </symbol>
      <symbol id="sm-5cb">
         <name>_lock</name>
         <value>0xc2be</value>
         <object_component_ref idref="oc-eb"/>
      </symbol>
      <symbol id="sm-5cc">
         <name>_unlock</name>
         <value>0xc2c4</value>
         <object_component_ref idref="oc-1c3"/>
      </symbol>
      <symbol id="sm-5cd">
         <name>_register_lock</name>
         <value>0xa3bb</value>
         <object_component_ref idref="oc-14b"/>
      </symbol>
      <symbol id="sm-5ce">
         <name>_register_unlock</name>
         <value>0xa3b7</value>
         <object_component_ref idref="oc-14b"/>
      </symbol>
      <symbol id="sm-5dd">
         <name>__TI_ltoa</name>
         <value>0x9f13</value>
         <object_component_ref idref="oc-32b"/>
      </symbol>
      <symbol id="sm-5ec">
         <name>_args_main</name>
         <value>0xa36d</value>
         <object_component_ref idref="oc-9e"/>
      </symbol>
      <symbol id="sm-601">
         <name>atoi</name>
         <value>0x9ee2</value>
         <object_component_ref idref="oc-27e"/>
      </symbol>
      <symbol id="sm-60c">
         <name>_ctypes_</name>
         <value>0xa800</value>
         <object_component_ref idref="oc-304"/>
      </symbol>
      <symbol id="sm-621">
         <name>__TI_tmpnams</name>
         <value>0xc120</value>
         <object_component_ref idref="oc-421"/>
      </symbol>
      <symbol id="sm-622">
         <name>_ftable</name>
         <value>0xc1ca</value>
         <object_component_ref idref="oc-138"/>
      </symbol>
      <symbol id="sm-623">
         <name>__TI_ft_end</name>
         <value>0xc2c6</value>
         <object_component_ref idref="oc-1d1"/>
      </symbol>
      <symbol id="sm-633">
         <name>memccpy</name>
         <value>0xa30b</value>
         <object_component_ref idref="oc-276"/>
      </symbol>
      <symbol id="sm-643">
         <name>memchr</name>
         <value>0xa360</value>
         <object_component_ref idref="oc-21e"/>
      </symbol>
      <symbol id="sm-6aa">
         <name>_sys_memory</name>
         <value>0xd000</value>
         <object_component_ref idref="oc-4b"/>
      </symbol>
      <symbol id="sm-6ab">
         <name>free</name>
         <value>0x8c2a</value>
         <object_component_ref idref="oc-2e6"/>
      </symbol>
      <symbol id="sm-6ac">
         <name>__TI_heap_total_available</name>
         <value>0x8e57</value>
         <object_component_ref idref="oc-2e6"/>
      </symbol>
      <symbol id="sm-6ad">
         <name>__TI_heap_largest_available</name>
         <value>0x8e76</value>
         <object_component_ref idref="oc-2e6"/>
      </symbol>
      <symbol id="sm-6ae">
         <name>realloc</name>
         <value>0x8cf4</value>
         <object_component_ref idref="oc-2e6"/>
      </symbol>
      <symbol id="sm-6af">
         <name>memalign</name>
         <value>0x8da9</value>
         <object_component_ref idref="oc-2e6"/>
      </symbol>
      <symbol id="sm-6b0">
         <name>calloc</name>
         <value>0x8d7c</value>
         <object_component_ref idref="oc-2e6"/>
      </symbol>
      <symbol id="sm-6b1">
         <name>malloc</name>
         <value>0x8bff</value>
         <object_component_ref idref="oc-2e6"/>
      </symbol>
      <symbol id="sm-6b2">
         <name>__TI_heap_check</name>
         <value>0x8e95</value>
         <object_component_ref idref="oc-2e6"/>
      </symbol>
      <symbol id="sm-6b3">
         <name>aligned_alloc</name>
         <value>0x8da9</value>
         <object_component_ref idref="oc-2e6"/>
      </symbol>
      <symbol id="sm-6b4">
         <name>minit</name>
         <value>0x8d78</value>
         <object_component_ref idref="oc-2e6"/>
      </symbol>
      <symbol id="sm-6c3">
         <name>memset</name>
         <value>0xa3e8</value>
         <object_component_ref idref="oc-7c"/>
      </symbol>
      <symbol id="sm-6d3">
         <name>strchr</name>
         <value>0xa379</value>
         <object_component_ref idref="oc-351"/>
      </symbol>
      <symbol id="sm-6e1">
         <name>strcpy</name>
         <value>0xa3ef</value>
         <object_component_ref idref="oc-270"/>
      </symbol>
      <symbol id="sm-6ef">
         <name>strlen</name>
         <value>0xa3d9</value>
         <object_component_ref idref="oc-218"/>
      </symbol>
      <symbol id="sm-6fd">
         <name>write</name>
         <value>0xa220</value>
         <object_component_ref idref="oc-1cb"/>
      </symbol>
      <symbol id="sm-70d">
         <name>_stream</name>
         <value>0xc28a</value>
         <object_component_ref idref="oc-241"/>
      </symbol>
      <symbol id="sm-70e">
         <name>_device</name>
         <value>0xc242</value>
         <object_component_ref idref="oc-2a4"/>
      </symbol>
      <symbol id="sm-719">
         <name>errno</name>
         <value>0xc2c7</value>
         <object_component_ref idref="oc-299"/>
      </symbol>
      <symbol id="sm-730">
         <name>frexpl</name>
         <value>0x9acb</value>
         <object_component_ref idref="oc-340"/>
      </symbol>
      <symbol id="sm-731">
         <name>frexp</name>
         <value>0x9acb</value>
         <object_component_ref idref="oc-340"/>
      </symbol>
      <symbol id="sm-753">
         <name>scalbn</name>
         <value>0x871b</value>
         <object_component_ref idref="oc-346"/>
      </symbol>
      <symbol id="sm-754">
         <name>scalbnl</name>
         <value>0x871b</value>
         <object_component_ref idref="oc-346"/>
      </symbol>
      <symbol id="sm-755">
         <name>ldexpl</name>
         <value>0x871b</value>
         <object_component_ref idref="oc-346"/>
      </symbol>
      <symbol id="sm-756">
         <name>ldexp</name>
         <value>0x871b</value>
         <object_component_ref idref="oc-346"/>
      </symbol>
      <symbol id="sm-78f">
         <name>__TI_cleanup</name>
         <value>0xb761</value>
         <object_component_ref idref="oc-2ec"/>
      </symbol>
      <symbol id="sm-790">
         <name>freopen</name>
         <value>0xb77e</value>
         <object_component_ref idref="oc-2ec"/>
      </symbol>
      <symbol id="sm-791">
         <name>fopen</name>
         <value>0xb79c</value>
         <object_component_ref idref="oc-2ec"/>
      </symbol>
      <symbol id="sm-7a2">
         <name>fseeko</name>
         <value>0x9d2f</value>
         <object_component_ref idref="oc-257"/>
      </symbol>
      <symbol id="sm-7a3">
         <name>fseek</name>
         <value>0x9d2f</value>
         <object_component_ref idref="oc-257"/>
      </symbol>
      <symbol id="sm-7b1">
         <name>copysign</name>
         <value>0xa0a4</value>
         <object_component_ref idref="oc-3e7"/>
      </symbol>
      <symbol id="sm-7b2">
         <name>copysignl</name>
         <value>0xa0a4</value>
         <object_component_ref idref="oc-3e7"/>
      </symbol>
      <symbol id="sm-7c9">
         <name>__c28xabi_addd</name>
         <value>0x8f3f</value>
         <object_component_ref idref="oc-3d8"/>
      </symbol>
      <symbol id="sm-7d1">
         <name>__c28xabi_divul</name>
         <value>0xa01d</value>
         <object_component_ref idref="oc-3d0"/>
      </symbol>
      <symbol id="sm-7d2">
         <name>__c28xabi_modul</name>
         <value>0xa024</value>
         <object_component_ref idref="oc-3d0"/>
      </symbol>
      <symbol id="sm-7d3">
         <name>__c28xabi_modl</name>
         <value>0xa00f</value>
         <object_component_ref idref="oc-3d0"/>
      </symbol>
      <symbol id="sm-7d4">
         <name>__c28xabi_divl</name>
         <value>0xa000</value>
         <object_component_ref idref="oc-3d0"/>
      </symbol>
      <symbol id="sm-7e2">
         <name>_system_post_cinit</name>
         <value>0x8fff</value>
         <object_component_ref idref="oc-f3"/>
      </symbol>
      <symbol id="sm-7ef">
         <name>HOSTclose</name>
         <value>0xa053</value>
         <object_component_ref idref="oc-35e"/>
      </symbol>
      <symbol id="sm-7fc">
         <name>HOSTlseek</name>
         <value>0x99ad</value>
         <object_component_ref idref="oc-370"/>
      </symbol>
      <symbol id="sm-80f">
         <name>parmbuf</name>
         <value>0xc1c0</value>
         <object_component_ref idref="oc-3f2"/>
      </symbol>
      <symbol id="sm-810">
         <name>HOSTopen</name>
         <value>0x87c4</value>
         <object_component_ref idref="oc-358"/>
      </symbol>
      <symbol id="sm-81e">
         <name>HOSTread</name>
         <value>0x97c8</value>
         <object_component_ref idref="oc-364"/>
      </symbol>
      <symbol id="sm-82b">
         <name>HOSTrename</name>
         <value>0x9cb4</value>
         <object_component_ref idref="oc-37c"/>
      </symbol>
      <symbol id="sm-838">
         <name>HOSTunlink</name>
         <value>0x8fdb</value>
         <object_component_ref idref="oc-376"/>
      </symbol>
      <symbol id="sm-846">
         <name>HOSTwrite</name>
         <value>0x9d6c</value>
         <object_component_ref idref="oc-36a"/>
      </symbol>
      <symbol id="sm-863">
         <name>__TI_readmsg</name>
         <value>0x9476</value>
         <object_component_ref idref="oc-3f5"/>
      </symbol>
      <symbol id="sm-864">
         <name>C$$IO$$</name>
         <value>0x9471</value>
         <object_component_ref idref="oc-3f5"/>
      </symbol>
      <symbol id="sm-865">
         <name>__CIOBUF_</name>
         <value>0xc000</value>
         <object_component_ref idref="oc-448"/>
      </symbol>
      <symbol id="sm-866">
         <name>__TI_writemsg</name>
         <value>0x941e</value>
         <object_component_ref idref="oc-3f5"/>
      </symbol>
      <symbol id="sm-87f">
         <name>open</name>
         <value>0x9800</value>
         <object_component_ref idref="oc-3a7"/>
      </symbol>
      <symbol id="sm-88d">
         <name>lseek</name>
         <value>0xa251</value>
         <object_component_ref idref="oc-2de"/>
      </symbol>
      <symbol id="sm-89f">
         <name>__TI_closefile</name>
         <value>0x9a6e</value>
         <object_component_ref idref="oc-3ad"/>
      </symbol>
      <symbol id="sm-8a0">
         <name>fclose</name>
         <value>0x9ab2</value>
         <object_component_ref idref="oc-3ad"/>
      </symbol>
      <symbol id="sm-8b2">
         <name>finddevice</name>
         <value>0x9c1b</value>
         <object_component_ref idref="oc-413"/>
      </symbol>
      <symbol id="sm-8b3">
         <name>getdevice</name>
         <value>0x9c36</value>
         <object_component_ref idref="oc-413"/>
      </symbol>
      <symbol id="sm-8c2">
         <name>strcmp</name>
         <value>0xa3a4</value>
         <object_component_ref idref="oc-462"/>
      </symbol>
      <symbol id="sm-8d3">
         <name>strncpy</name>
         <value>0xa2ad</value>
         <object_component_ref idref="oc-468"/>
      </symbol>
      <symbol id="sm-8e5">
         <name>close</name>
         <value>0x9e7e</value>
         <object_component_ref idref="oc-41b"/>
      </symbol>
      <symbol id="sm-8f2">
         <name>unlink</name>
         <value>0xa207</value>
         <object_component_ref idref="oc-424"/>
      </symbol>
      <symbol id="sm-8f4">
         <name>__c_args__</name>
         <value>0x0</value>
      </symbol>
      <symbol id="sm-8f5">
         <name>remove</name>
         <value>0xa207</value>
      </symbol>
   </symbol_table>
   <title>Link successful</title>
</link_info>
